Component: ARM Compiler 5.06 update 7 (build 960) Tool: armlink [4d3601]

==============================================================================

Section Cross References

    startup_stm32f030x6.o(RESET) refers to startup_stm32f030x6.o(STACK) for __initial_sp
    startup_stm32f030x6.o(RESET) refers to startup_stm32f030x6.o(.text) for Reset_Handler
    startup_stm32f030x6.o(RESET) refers to stm32f0xx_it.o(i.NMI_Handler) for NMI_Handler
    startup_stm32f030x6.o(RESET) refers to stm32f0xx_it.o(i.HardFault_Handler) for HardFault_Handler
    startup_stm32f030x6.o(RESET) refers to stm32f0xx_it.o(i.SVC_Handler) for SVC_Handler
    startup_stm32f030x6.o(RESET) refers to stm32f0xx_it.o(i.PendSV_Handler) for PendSV_Handler
    startup_stm32f030x6.o(RESET) refers to stm32f0xx_it.o(i.SysTick_Handler) for SysTick_Handler
    startup_stm32f030x6.o(RESET) refers to stm32f0xx_it.o(i.USART1_IRQHandler) for USART1_IRQHandler
    startup_stm32f030x6.o(.text) refers to system_stm32f0xx.o(i.SystemInit) for SystemInit
    startup_stm32f030x6.o(.text) refers to entry.o(.ARM.Collect$$$$00000000) for __main
    ssd1306.o(i.ssd1306_DegToRad) refers to f2d.o(.text) for __aeabi_f2d
    ssd1306.o(i.ssd1306_DegToRad) refers to dmul.o(.text) for __aeabi_dmul
    ssd1306.o(i.ssd1306_DegToRad) refers to ddiv.o(.text) for __aeabi_ddiv
    ssd1306.o(i.ssd1306_DegToRad) refers to d2f.o(.text) for __aeabi_d2f
    ssd1306.o(i.ssd1306_DrawArc) refers to ssd1306.o(i.ssd1306_NormalizeTo0_360) for ssd1306_NormalizeTo0_360
    ssd1306.o(i.ssd1306_DrawArc) refers to uidiv.o(.text) for __aeabi_uidivmod
    ssd1306.o(i.ssd1306_DrawArc) refers to ffltui.o(.text) for __aeabi_ui2f
    ssd1306.o(i.ssd1306_DrawArc) refers to fdiv.o(.text) for __aeabi_fdiv
    ssd1306.o(i.ssd1306_DrawArc) refers to fmul.o(.text) for __aeabi_fmul
    ssd1306.o(i.ssd1306_DrawArc) refers to ssd1306.o(i.ssd1306_DegToRad) for ssd1306_DegToRad
    ssd1306.o(i.ssd1306_DrawArc) refers to dfltui.o(.text) for __aeabi_ui2d
    ssd1306.o(i.ssd1306_DrawArc) refers to f2d.o(.text) for __aeabi_f2d
    ssd1306.o(i.ssd1306_DrawArc) refers to sin.o(i.sin) for sin
    ssd1306.o(i.ssd1306_DrawArc) refers to dmul.o(.text) for __aeabi_dmul
    ssd1306.o(i.ssd1306_DrawArc) refers to dfixi.o(.text) for __aeabi_d2iz
    ssd1306.o(i.ssd1306_DrawArc) refers to cos.o(i.cos) for cos
    ssd1306.o(i.ssd1306_DrawArc) refers to ssd1306.o(i.ssd1306_Line) for ssd1306_Line
    ssd1306.o(i.ssd1306_DrawCircle) refers to ssd1306.o(i.ssd1306_DrawPixel) for ssd1306_DrawPixel
    ssd1306.o(i.ssd1306_DrawPixel) refers to ssd1306.o(.bss) for .bss
    ssd1306.o(i.ssd1306_DrawRectangle) refers to ssd1306.o(i.ssd1306_Line) for ssd1306_Line
    ssd1306.o(i.ssd1306_Fill) refers to ssd1306.o(.bss) for .bss
    ssd1306.o(i.ssd1306_FillBuffer) refers to memmovea.o(.text) for __aeabi_memcpy
    ssd1306.o(i.ssd1306_FillBuffer) refers to ssd1306.o(.bss) for .bss
    ssd1306.o(i.ssd1306_GetDisplayOn) refers to ssd1306.o(.data) for .data
    ssd1306.o(i.ssd1306_Init) refers to stm32f0xx_hal.o(i.HAL_Delay) for HAL_Delay
    ssd1306.o(i.ssd1306_Init) refers to ssd1306.o(i.ssd1306_SetDisplayOn) for ssd1306_SetDisplayOn
    ssd1306.o(i.ssd1306_Init) refers to ssd1306.o(i.ssd1306_WriteCommand) for ssd1306_WriteCommand
    ssd1306.o(i.ssd1306_Init) refers to ssd1306.o(i.ssd1306_SetContrast) for ssd1306_SetContrast
    ssd1306.o(i.ssd1306_Init) refers to ssd1306.o(i.ssd1306_Fill) for ssd1306_Fill
    ssd1306.o(i.ssd1306_Init) refers to ssd1306.o(i.ssd1306_UpdateScreen) for ssd1306_UpdateScreen
    ssd1306.o(i.ssd1306_Init) refers to ssd1306.o(.data) for .data
    ssd1306.o(i.ssd1306_Line) refers to ssd1306.o(i.ssd1306_DrawPixel) for ssd1306_DrawPixel
    ssd1306.o(i.ssd1306_Polyline) refers to ssd1306.o(i.ssd1306_Line) for ssd1306_Line
    ssd1306.o(i.ssd1306_SetContrast) refers to ssd1306.o(i.ssd1306_WriteCommand) for ssd1306_WriteCommand
    ssd1306.o(i.ssd1306_SetCursor) refers to ssd1306.o(.data) for .data
    ssd1306.o(i.ssd1306_SetDisplayOn) refers to ssd1306.o(i.ssd1306_WriteCommand) for ssd1306_WriteCommand
    ssd1306.o(i.ssd1306_SetDisplayOn) refers to ssd1306.o(.data) for .data
    ssd1306.o(i.ssd1306_UpdateScreen) refers to ssd1306.o(i.ssd1306_WriteCommand) for ssd1306_WriteCommand
    ssd1306.o(i.ssd1306_UpdateScreen) refers to ssd1306.o(i.ssd1306_WriteData) for ssd1306_WriteData
    ssd1306.o(i.ssd1306_UpdateScreen) refers to ssd1306.o(.bss) for .bss
    ssd1306.o(i.ssd1306_WriteChar) refers to ssd1306.o(i.ssd1306_DrawPixel) for ssd1306_DrawPixel
    ssd1306.o(i.ssd1306_WriteChar) refers to ssd1306.o(.data) for .data
    ssd1306.o(i.ssd1306_WriteCommand) refers to stm32f0xx_hal_i2c.o(i.HAL_I2C_Mem_Write) for HAL_I2C_Mem_Write
    ssd1306.o(i.ssd1306_WriteCommand) refers to i2c.o(.bss) for hi2c1
    ssd1306.o(i.ssd1306_WriteData) refers to stm32f0xx_hal_i2c.o(i.HAL_I2C_Mem_Write) for HAL_I2C_Mem_Write
    ssd1306.o(i.ssd1306_WriteData) refers to i2c.o(.bss) for hi2c1
[...]
    Removing stm32f0xx_hal_spi.o(i.HAL_SPI_TransmitReceive_DMA), (464 bytes).
    Removing stm32f0xx_hal_spi.o(i.HAL_SPI_TransmitReceive_IT), (204 bytes).
    Removing stm32f0xx_hal_spi.o(i.HAL_SPI_Transmit_DMA), (272 bytes).
    Removing stm32f0xx_hal_spi.o(i.HAL_SPI_Transmit_IT), (152 bytes).
    Removing stm32f0xx_hal_spi.o(i.HAL_SPI_TxCpltCallback), (2 bytes).
    Removing stm32f0xx_hal_spi.o(i.HAL_SPI_TxHalfCpltCallback), (2 bytes).
    Removing stm32f0xx_hal_spi.o(i.HAL_SPI_TxRxCpltCallback), (2 bytes).
    Removing stm32f0xx_hal_spi.o(i.HAL_SPI_TxRxHalfCpltCallback), (2 bytes).
    Removing stm32f0xx_hal_spi.o(i.SPI_2linesRxISR_16BIT), (54 bytes).
    Removing stm32f0xx_hal_spi.o(i.SPI_2linesRxISR_8BIT), (96 bytes).
    Removing stm32f0xx_hal_spi.o(i.SPI_2linesTxISR_16BIT), (52 bytes).
    Removing stm32f0xx_hal_spi.o(i.SPI_2linesTxISR_8BIT), (74 bytes).
    Removing stm32f0xx_hal_spi.o(i.SPI_AbortRx_ISR), (132 bytes).
    Removing stm32f0xx_hal_spi.o(i.SPI_AbortTx_ISR), (220 bytes).
    Removing stm32f0xx_hal_spi.o(i.SPI_CloseRxTx_ISR), (82 bytes).
    Removing stm32f0xx_hal_spi.o(i.SPI_CloseRx_ISR), (66 bytes).
    Removing stm32f0xx_hal_spi.o(i.SPI_CloseTx_ISR), (80 bytes).
    Removing stm32f0xx_hal_spi.o(i.SPI_DMAAbortOnError), (18 bytes).
    Removing stm32f0xx_hal_spi.o(i.SPI_DMAError), (34 bytes).
    Removing stm32f0xx_hal_spi.o(i.SPI_DMAHalfReceiveCplt), (10 bytes).
    Removing stm32f0xx_hal_spi.o(i.SPI_DMAHalfTransmitCplt), (10 bytes).
    Removing stm32f0xx_hal_spi.o(i.SPI_DMAHalfTransmitReceiveCplt), (10 bytes).
    Removing stm32f0xx_hal_spi.o(i.SPI_DMAReceiveCplt), (112 bytes).
    Removing stm32f0xx_hal_spi.o(i.SPI_DMARxAbortCallback), (134 bytes).
    Removing stm32f0xx_hal_spi.o(i.SPI_DMATransmitCplt), (104 bytes).
    Removing stm32f0xx_hal_spi.o(i.SPI_DMATransmitReceiveCplt), (94 bytes).
    Removing stm32f0xx_hal_spi.o(i.SPI_DMATxAbortCallback), (128 bytes).
    Removing stm32f0xx_hal_spi.o(i.SPI_EndRxTransaction), (120 bytes).
    Removing stm32f0xx_hal_spi.o(i.SPI_RxISR_16BIT), (38 bytes).
    Removing stm32f0xx_hal_spi.o(i.SPI_RxISR_8BIT), (38 bytes).
    Removing stm32f0xx_hal_spi.o(i.SPI_TxISR_16BIT), (34 bytes).
    Removing stm32f0xx_hal_spi.o(i.SPI_TxISR_8BIT), (34 bytes).
    Removing stm32f0xx_hal_spi_ex.o(.rev16_text), (4 bytes).
    Removing stm32f0xx_hal_spi_ex.o(.revsh_text), (4 bytes).
    Removing stm32f0xx_hal_spi_ex.o(i.HAL_SPIEx_FlushRxFifo), (36 bytes).
    Removing stm32f0xx_hal_tim.o(.rev16_text), (4 bytes).
    Removing stm32f0xx_hal_tim.o(.revsh_text), (4 bytes).
    Removing stm32f0xx_hal_tim_ex.o(.rev16_text), (4 bytes).
    Removing stm32f0xx_hal_tim_ex.o(.revsh_text), (4 bytes).
    Removing stm32f0xx_hal_uart.o(.rev16_text), (4 bytes).
    Removing stm32f0xx_hal_uart.o(.revsh_text), (4 bytes).
    Removing stm32f0xx_hal_uart.o(i.HAL_HalfDuplex_EnableReceiver), (78 bytes).
    Removing stm32f0xx_hal_uart.o(i.HAL_HalfDuplex_EnableTransmitter), (78 bytes).
    Removing stm32f0xx_hal_uart.o(i.HAL_HalfDuplex_Init), (106 bytes).
    Removing stm32f0xx_hal_uart.o(i.HAL_MultiProcessor_DisableMuteMode), (58 bytes).
    Removing stm32f0xx_hal_uart.o(i.HAL_MultiProcessor_EnableMuteMode), (58 bytes).
    Removing stm32f0xx_hal_uart.o(i.HAL_MultiProcessor_EnterMuteMode), (12 bytes).
    Removing stm32f0xx_hal_uart.o(i.HAL_MultiProcessor_Init), (138 bytes).
    Removing stm32f0xx_hal_uart.o(i.HAL_UART_Abort), (252 bytes).
    Removing stm32f0xx_hal_uart.o(i.HAL_UART_AbortCpltCallback), (2 bytes).
    Removing stm32f0xx_hal_uart.o(i.HAL_UART_AbortReceive), (184 bytes).
    Removing stm32f0xx_hal_uart.o(i.HAL_UART_AbortReceiveCpltCallback), (2 bytes).
    Removing stm32f0xx_hal_uart.o(i.HAL_UART_AbortReceive_IT), (200 bytes).
    Removing stm32f0xx_hal_uart.o(i.HAL_UART_AbortTransmit), (112 bytes).
    Removing stm32f0xx_hal_uart.o(i.HAL_UART_AbortTransmitCpltCallback), (2 bytes).
    Removing stm32f0xx_hal_uart.o(i.HAL_UART_AbortTransmit_IT), (116 bytes).
    Removing stm32f0xx_hal_uart.o(i.HAL_UART_Abort_IT), (292 bytes).
    Removing stm32f0xx_hal_uart.o(i.HAL_UART_DMAPause), (150 bytes).
    Removing stm32f0xx_hal_uart.o(i.HAL_UART_DMAResume), (140 bytes).
    Removing stm32f0xx_hal_uart.o(i.HAL_UART_DMAStop), (154 bytes).
    Removing stm32f0xx_hal_uart.o(i.HAL_UART_DeInit), (62 bytes).
    Removing stm32f0xx_hal_uart.o(i.HAL_UART_DisableReceiverTimeout), (52 bytes).
    Removing stm32f0xx_hal_uart.o(i.HAL_UART_EnableReceiverTimeout), (52 bytes).
    Removing stm32f0xx_hal_uart.o(i.HAL_UART_GetError), (6 bytes).
    Removing stm32f0xx_hal_uart.o(i.HAL_UART_GetState), (10 bytes).
    Removing stm32f0xx_hal_uart.o(i.HAL_UART_MspDeInit), (2 bytes).
    Removing stm32f0xx_hal_uart.o(i.HAL_UART_MspInit), (2 bytes).
    Removing stm32f0xx_hal_uart.o(i.HAL_UART_Receive), (252 bytes).
    Removing stm32f0xx_hal_uart.o(i.HAL_UART_Receive_DMA), (100 bytes).
    Removing stm32f0xx_hal_uart.o(i.HAL_UART_Receive_IT), (100 bytes).
    Removing stm32f0xx_hal_uart.o(i.HAL_UART_ReceiverTimeout_Config), (14 bytes).
    Removing stm32f0xx_hal_uart.o(i.HAL_UART_RxCpltCallback), (2 bytes).
    Removing stm32f0xx_hal_uart.o(i.HAL_UART_RxHalfCpltCallback), (2 bytes).
    Removing stm32f0xx_hal_uart.o(i.HAL_UART_Transmit_DMA), (192 bytes).
    Removing stm32f0xx_hal_uart.o(i.HAL_UART_Transmit_IT), (136 bytes).
    Removing stm32f0xx_hal_uart.o(i.HAL_UART_TxHalfCpltCallback), (2 bytes).
    Removing stm32f0xx_hal_uart.o(i.UART_DMAError), (76 bytes).
    Removing stm32f0xx_hal_uart.o(i.UART_DMAReceiveCplt), (148 bytes).
    Removing stm32f0xx_hal_uart.o(i.UART_DMARxAbortCallback), (64 bytes).
    Removing stm32f0xx_hal_uart.o(i.UART_DMARxHalfCplt), (28 bytes).
    Removing stm32f0xx_hal_uart.o(i.UART_DMARxOnlyAbortCallback), (38 bytes).
    Removing stm32f0xx_hal_uart.o(i.UART_DMATransmitCplt), (74 bytes).
    Removing stm32f0xx_hal_uart.o(i.UART_DMATxAbortCallback), (54 bytes).
    Removing stm32f0xx_hal_uart.o(i.UART_DMATxHalfCplt), (10 bytes).
    Removing stm32f0xx_hal_uart.o(i.UART_DMATxOnlyAbortCallback), (20 bytes).
    Removing stm32f0xx_hal_uart.o(i.UART_EndTxTransfer), (32 bytes).
    Removing stm32f0xx_hal_uart.o(i.UART_RxISR_16BIT), (168 bytes).
    Removing stm32f0xx_hal_uart.o(i.UART_RxISR_8BIT), (168 bytes).
    Removing stm32f0xx_hal_uart.o(i.UART_Start_Receive_DMA), (176 bytes).
    Removing stm32f0xx_hal_uart.o(i.UART_Start_Receive_IT), (156 bytes).
    Removing stm32f0xx_hal_uart.o(i.UART_TxISR_16BIT), (94 bytes).
    Removing stm32f0xx_hal_uart.o(i.UART_TxISR_8BIT), (90 bytes).
    Removing stm32f0xx_hal_uart_ex.o(.rev16_text), (4 bytes).
    Removing stm32f0xx_hal_uart_ex.o(.revsh_text), (4 bytes).
    Removing stm32f0xx_hal_uart_ex.o(i.HAL_MultiProcessorEx_AddressLength_Set), (52 bytes).
    Removing stm32f0xx_hal_uart_ex.o(i.HAL_RS485Ex_Init), (136 bytes).
    Removing stm32f0xx_hal_uart_ex.o(i.HAL_UARTEx_ReceiveToIdle), (312 bytes).
    Removing stm32f0xx_hal_uart_ex.o(i.HAL_UARTEx_ReceiveToIdle_DMA), (114 bytes).
    Removing stm32f0xx_hal_uart_ex.o(i.HAL_UARTEx_ReceiveToIdle_IT), (114 bytes).
    Removing system_stm32f0xx.o(.rev16_text), (4 bytes).
    Removing system_stm32f0xx.o(.revsh_text), (4 bytes).
    Removing system_stm32f0xx.o(i.SystemCoreClockUpdate), (108 bytes).
    Removing user_diskio.o(.rev16_text), (4 bytes).
    Removing user_diskio.o(.revsh_text), (4 bytes).
    Removing fatfs.o(.rev16_text), (4 bytes).
    Removing fatfs.o(.revsh_text), (4 bytes).
    Removing fatfs.o(i.get_fattime), (4 bytes).
    Removing fatfs.o(.bss), (4144 bytes).
    Removing fatfs.o(.bss), (4140 bytes).
    Removing diskio.o(.rev16_text), (4 bytes).
    Removing diskio.o(.revsh_text), (4 bytes).
    Removing diskio.o(i.disk_initialize), (44 bytes).
    Removing diskio.o(i.disk_ioctl), (28 bytes).
    Removing diskio.o(i.disk_read), (28 bytes).
    Removing diskio.o(i.disk_status), (24 bytes).
    Removing diskio.o(i.disk_write), (28 bytes).
    Removing diskio.o(i.get_fattime), (4 bytes).
    Removing ff.o(.rev16_text), (4 bytes).
    Removing ff.o(.revsh_text), (4 bytes).
    Removing ff.o(i.check_fs), (124 bytes).
    Removing ff.o(i.chk_chr), (18 bytes).
    Removing ff.o(i.chk_lock), (108 bytes).
    Removing ff.o(i.clear_lock), (32 bytes).
    Removing ff.o(i.clmt_clust), (56 bytes).
    Removing ff.o(i.clust2sect), (30 bytes).
    Removing ff.o(i.cmp_lfn), (116 bytes).
    Removing ff.o(i.create_chain), (180 bytes).
    Removing ff.o(i.create_name), (532 bytes).
    Removing ff.o(i.dec_lock), (60 bytes).
    Removing ff.o(i.dir_find), (220 bytes).
    Removing ff.o(i.dir_next), (302 bytes).
    Removing ff.o(i.dir_read), (272 bytes).
    Removing ff.o(i.dir_register), (350 bytes).
    Removing ff.o(i.dir_remove), (100 bytes).
    Removing ff.o(i.dir_sdi), (160 bytes).
    Removing ff.o(i.f_chmod), (136 bytes).
    Removing ff.o(i.f_close), (44 bytes).
    Removing ff.o(i.f_closedir), (40 bytes).
    Removing ff.o(i.f_getfree), (232 bytes).
    Removing ff.o(i.f_gets), (72 bytes).
    Removing ff.o(i.f_lseek), (662 bytes).
    Removing ff.o(i.f_mkdir), (468 bytes).
    Removing ff.o(i.f_mkfs), (1392 bytes).
    Removing ff.o(i.f_mount), (96 bytes).
    Removing ff.o(i.f_open), (504 bytes).
    Removing ff.o(i.f_opendir), (156 bytes).
    Removing ff.o(i.f_printf), (496 bytes).
    Removing ff.o(i.f_putc), (62 bytes).
    Removing ff.o(i.f_puts), (72 bytes).
    Removing ff.o(i.f_read), (438 bytes).
    Removing ff.o(i.f_readdir), (96 bytes).
    Removing ff.o(i.f_rename), (392 bytes).
    Removing ff.o(i.f_stat), (116 bytes).
    Removing ff.o(i.f_sync), (160 bytes).
    Removing ff.o(i.f_truncate), (196 bytes).
    Removing ff.o(i.f_unlink), (244 bytes).
    Removing ff.o(i.f_utime), (140 bytes).
    Removing ff.o(i.f_write), (494 bytes).
    Removing ff.o(i.find_volume), (768 bytes).
    Removing ff.o(i.fit_lfn), (100 bytes).
    Removing ff.o(i.follow_path), (110 bytes).
    Removing ff.o(i.gen_numname), (124 bytes).
    Removing ff.o(i.get_fat), (252 bytes).
    Removing ff.o(i.get_fileinfo), (208 bytes).
    Removing ff.o(i.get_ldnumber), (60 bytes).
    Removing ff.o(i.inc_lock), (152 bytes).
    Removing ff.o(i.ld_clust), (36 bytes).
    Removing ff.o(i.mem_cpy), (16 bytes).
    Removing ff.o(i.mem_set), (14 bytes).
    Removing ff.o(i.move_window), (56 bytes).
    Removing ff.o(i.put_fat), (286 bytes).
    Removing ff.o(i.putc_bfd), (70 bytes).
    Removing ff.o(i.remove_chain), (102 bytes).
    Removing ff.o(i.st_clust), (16 bytes).
    Removing ff.o(i.sum_sfn), (26 bytes).
    Removing ff.o(i.sync_fs), (150 bytes).
    Removing ff.o(i.sync_window), (84 bytes).
    Removing ff.o(i.validate), (48 bytes).
    Removing ff.o(.bss), (536 bytes).
    Removing ff.o(.constdata), (186 bytes).
    Removing ff.o(.data), (8 bytes).
    Removing ff_gen_drv.o(.rev16_text), (4 bytes).
    Removing ff_gen_drv.o(.revsh_text), (4 bytes).
    Removing ff_gen_drv.o(i.FATFS_GetAttachedDriversNbr), (12 bytes).
    Removing ff_gen_drv.o(i.FATFS_UnLinkDriver), (10 bytes).
    Removing ff_gen_drv.o(i.FATFS_UnLinkDriverEx), (52 bytes).
    Removing syscall.o(.rev16_text), (4 bytes).
    Removing syscall.o(.revsh_text), (4 bytes).
    Removing ccsbcs.o(.rev16_text), (4 bytes).
    Removing ccsbcs.o(.revsh_text), (4 bytes).
    Removing ccsbcs.o(i.ff_convert), (56 bytes).
    Removing ccsbcs.o(i.ff_wtoupper), (36 bytes).
    Removing ccsbcs.o(.constdata), (1216 bytes).
    Removing fadd.o(.text), (178 bytes).
    Removing fmul.o(.text), (122 bytes).
    Removing fdiv.o(.text), (124 bytes).
    Removing dadd.o(.text), (360 bytes).
    Removing dmul.o(.text), (208 bytes).
    Removing ddiv.o(.text), (240 bytes).
    Removing dscalb.o(.text), (44 bytes).
    Removing fflti.o(.text), (22 bytes).
    Removing ffltui.o(.text), (14 bytes).
    Removing dflti.o(.text), (40 bytes).
    Removing dfltui.o(.text), (28 bytes).
    Removing dfixi.o(.text), (72 bytes).
    Removing f2d.o(.text), (40 bytes).
    Removing d2f.o(.text), (56 bytes).
    Removing fepilogue.o(.text), (130 bytes).
    Removing depilogue.o(.text), (190 bytes).
    Removing dfixul.o(.text), (64 bytes).
    Removing cdrcmple.o(.text), (40 bytes).
    Removing stm32f0xx_hal_dma.o(i.__ARM_common_switch8), (26 bytes).
    Removing depilogue.o(i.__ARM_clz), (46 bytes).

538 unused section(s) (total 56648 bytes) removed from the image.

==============================================================================

Image Symbol Table

    Local Symbols

    Symbol Name                              Value     Ov Type        Size  Object(Section)

    ../Core/Src/gpio.c                       0x00000000   Number         0  gpio.o ABSOLUTE
    ../Core/Src/i2c.c                        0x00000000   Number         0  i2c.o ABSOLUTE
    ../Core/Src/main.c                       0x00000000   Number         0  main.o ABSOLUTE
    ../Core/Src/rtc.c                        0x00000000   Number         0  rtc.o ABSOLUTE
    ../Core/Src/spi.c                        0x00000000   Number         0  spi.o ABSOLUTE
    ../Core/Src/stm32f0xx_hal_msp.c          0x00000000   Number         0  stm32f0xx_hal_msp.o ABSOLUTE
    ../Core/Src/stm32f0xx_it.c               0x00000000   Number         0  stm32f0xx_it.o ABSOLUTE
    ../Core/Src/system_stm32f0xx.c           0x00000000   Number         0  system_stm32f0xx.o ABSOLUTE
    ../Core/Src/usart.c                      0x00000000   Number         0  usart.o ABSOLUTE
    ../Drivers/STM32F0xx_HAL_Driver/Src/stm32f0xx_hal.c 0x00000000   Number         0  stm32f0xx_hal.o ABSOLUTE
    ../Drivers/STM32F0xx_HAL_Driver/Src/stm32f0xx_hal_cortex.c 0x00000000   Number         0  stm32f0xx_hal_cortex.o ABSOLUTE
    ../Drivers/STM32F0xx_HAL_Driver/Src/stm32f0xx_hal_dma.c 0x00000000   Number         0  stm32f0xx_hal_dma.o ABSOLUTE
    ../Drivers/STM32F0xx_HAL_Driver/Src/stm32f0xx_hal_exti.c 0x00000000   Number         0  stm32f0xx_hal_exti.o ABSOLUTE
    ../Drivers/STM32F0xx_HAL_Driver/Src/stm32f0xx_hal_flash.c 0x00000000   Number         0  stm32f0xx_hal_flash.o ABSOLUTE
    ../Drivers/STM32F0xx_HAL_Driver/Src/stm32f0xx_hal_flash_ex.c 0x00000000   Number         0  stm32f0xx_hal_flash_ex.o ABSOLUTE
    ../Drivers/STM32F0xx_HAL_Driver/Src/stm32f0xx_hal_gpio.c 0x00000000   Number         0  stm32f0xx_hal_gpio.o ABSOLUTE
    ../Drivers/STM32F0xx_HAL_Driver/Src/stm32f0xx_hal_i2c.c 0x00000000   Number         0  stm32f0xx_hal_i2c.o ABSOLUTE
    ../Drivers/STM32F0xx_HAL_Driver/Src/stm32f0xx_hal_i2c_ex.c 0x00000000   Number         0  stm32f0xx_hal_i2c_ex.o ABSOLUTE
    ../Drivers/STM32F0xx_HAL_Driver/Src/stm32f0xx_hal_pwr.c 0x00000000   Number         0  stm32f0xx_hal_pwr.o ABSOLUTE
    ../Drivers/STM32F0xx_HAL_Driver/Src/stm32f0xx_hal_pwr_ex.c 0x00000000   Number         0  stm32f0xx_hal_pwr_ex.o ABSOLUTE
    ../Drivers/STM32F0xx_HAL_Driver/Src/stm32f0xx_hal_rcc.c 0x00000000   Number         0  stm32f0xx_hal_rcc.o ABSOLUTE
    ../Drivers/STM32F0xx_HAL_Driver/Src/stm32f0xx_hal_rcc_ex.c 0x00000000   Number         0  stm32f0xx_hal_rcc_ex.o ABSOLUTE
    ../Drivers/STM32F0xx_HAL_Driver/Src/stm32f0xx_hal_rtc.c 0x00000000   Number         0  stm32f0xx_hal_rtc.o ABSOLUTE
    ../Drivers/STM32F0xx_HAL_Driver/Src/stm32f0xx_hal_rtc_ex.c 0x00000000   Number         0  stm32f0xx_hal_rtc_ex.o ABSOLUTE
    ../Drivers/STM32F0xx_HAL_Driver/Src/stm32f0xx_hal_spi.c 0x00000000   Number         0  stm32f0xx_hal_spi.o ABSOLUTE
    ../Drivers/STM32F0xx_HAL_Driver/Src/stm32f0xx_hal_spi_ex.c 0x00000000   Number         0  stm32f0xx_hal_spi_ex.o ABSOLUTE
    ../Drivers/STM32F0xx_HAL_Driver/Src/stm32f0xx_hal_tim.c 0x00000000   Number         0  stm32f0xx_hal_tim.o ABSOLUTE
    ../Drivers/STM32F0xx_HAL_Driver/Src/stm32f0xx_hal_tim_ex.c 0x00000000   Number         0  stm32f0xx_hal_tim_ex.o ABSOLUTE
    ../Drivers/STM32F0xx_HAL_Driver/Src/stm32f0xx_hal_uart.c 0x00000000   Number         0  stm32f0xx_hal_uart.o ABSOLUTE
    ../Drivers/STM32F0xx_HAL_Driver/Src/stm32f0xx_hal_uart_ex.c 0x00000000   Number         0  stm32f0xx_hal_uart_ex.o ABSOLUTE
    ../FATFS/App/fatfs.c                     0x00000000   Number         0  fatfs.o ABSOLUTE
    ../FATFS/Target/user_diskio.c            0x00000000   Number         0  user_diskio.o ABSOLUTE
    ../Middlewares/Third_Party/FatFs/src/diskio.c 0x00000000   Number         0  diskio.o ABSOLUTE
    ../Middlewares/Third_Party/FatFs/src/ff.c 0x00000000   Number         0  ff.o ABSOLUTE
    ../Middlewares/Third_Party/FatFs/src/ff_gen_drv.c 0x00000000   Number         0  ff_gen_drv.o ABSOLUTE
    ../Middlewares/Third_Party/FatFs/src/option/ccsbcs.c 0x00000000   Number         0  ccsbcs.o ABSOLUTE
    ../Middlewares/Third_Party/FatFs/src/option/syscall.c 0x00000000   Number         0  syscall.o ABSOLUTE
    ../clib/microlib/division.c              0x00000000   Number         0  uldiv.o ABSOLUTE
    ../clib/microlib/division.c              0x00000000   Number         0  uidiv.o ABSOLUTE
    ../clib/microlib/errno.c                 0x00000000   Number         0  errno.o ABSOLUTE
    ../clib/microlib/init/entry.s            0x00000000   Number         0  entry10b.o ABSOLUTE
    ../clib/microlib/init/entry.s            0x00000000   Number         0  entry11a.o ABSOLUTE
    ../clib/microlib/init/entry.s            0x00000000   Number         0  entry10a.o ABSOLUTE
    ../clib/microlib/init/entry.s            0x00000000   Number         0  entry9b.o ABSOLUTE
    ../clib/microlib/init/entry.s            0x00000000   Number         0  entry11b.o ABSOLUTE
    ../clib/microlib/init/entry.s            0x00000000   Number         0  entry12a.o ABSOLUTE
    ../clib/microlib/init/entry.s            0x00000000   Number         0  entry9a.o ABSOLUTE
    ../clib/microlib/init/entry.s            0x00000000   Number         0  entry8b.o ABSOLUTE
    ../clib/microlib/init/entry.s            0x00000000   Number         0  entry8a.o ABSOLUTE
    ../clib/microlib/init/entry.s            0x00000000   Number         0  entry12b.o ABSOLUTE
    ../clib/microlib/init/entry.s            0x00000000   Number         0  entry7b.o ABSOLUTE
    ../clib/microlib/init/entry.s            0x00000000   Number         0  entry7a.o ABSOLUTE
    ../clib/microlib/init/entry.s            0x00000000   Number         0  entry2.o ABSOLUTE
    ../clib/microlib/init/entry.s            0x00000000   Number         0  entry.o ABSOLUTE
    ../clib/microlib/init/entry.s            0x00000000   Number         0  entry5.o ABSOLUTE
    ../clib/microlib/longlong.c              0x00000000   Number         0  llushr.o ABSOLUTE
    ../clib/microlib/longlong.c              0x00000000   Number         0  llshl.o ABSOLUTE
    ../clib/microlib/longlong.c              0x00000000   Number         0  llsshr.o ABSOLUTE
    ../clib/microlib/printf/printf.c         0x00000000   Number         0  printf0.o ABSOLUTE
    ../clib/microlib/printf/printf.c         0x00000000   Number         0  printf3.o ABSOLUTE
    ../clib/microlib/printf/printf.c         0x00000000   Number         0  printf2.o ABSOLUTE
    ../clib/microlib/printf/printf.c         0x00000000   Number         0  printf1.o ABSOLUTE
    ../clib/microlib/printf/printf.c         0x00000000   Number         0  printf8.o ABSOLUTE
    ../clib/microlib/printf/printf.c         0x00000000   Number         0  printf6.o ABSOLUTE
    ../clib/microlib/printf/printf.c         0x00000000   Number         0  printf7.o ABSOLUTE
    ../clib/microlib/printf/printf.c         0x00000000   Number         0  printfb.o ABSOLUTE
    ../clib/microlib/printf/printf.c         0x00000000   Number         0  printf4.o ABSOLUTE
    ../clib/microlib/printf/printf.c         0x00000000   Number         0  printf5.o ABSOLUTE
    ../clib/microlib/printf/printf.c         0x00000000   Number         0  printfa.o ABSOLUTE
    ../clib/microlib/printf/stubs.s          0x00000000   Number         0  stubs.o ABSOLUTE
    ../clib/microlib/stdio/fputc.c           0x00000000   Number         0  fputc.o ABSOLUTE
    ../clib/microlib/stdio/semi.s            0x00000000   Number         0  semi.o ABSOLUTE
    ../clib/microlib/stdio/streams.c         0x00000000   Number         0  stdout.o ABSOLUTE
    ../clib/microlib/string/memcpy.c         0x00000000   Number         0  memcpya.o ABSOLUTE
    ../clib/microlib/string/memcpy.c         0x00000000   Number         0  memmoveb.o ABSOLUTE
    ../clib/microlib/string/memcpy.c         0x00000000   Number         0  memmovea.o ABSOLUTE
    ../clib/microlib/string/memcpy.c         0x00000000   Number         0  memcpyb.o ABSOLUTE
    ../clib/microlib/string/memset.c         0x00000000   Number         0  memseta.o ABSOLUTE
    ../clib/microlib/string/strlen.c         0x00000000   Number         0  strlen.o ABSOLUTE
    ../clib/microlib/stubs.s                 0x00000000   Number         0  iusesemip.o ABSOLUTE
    ../clib/microlib/stubs.s                 0x00000000   Number         0  iusefp.o ABSOLUTE
    ../fplib/microlib/d2f.c                  0x00000000   Number         0  d2f.o ABSOLUTE
    ../fplib/microlib/f2d.c                  0x00000000   Number         0  f2d.o ABSOLUTE
    ../fplib/microlib/fpadd.c                0x00000000   Number         0  fadd.o ABSOLUTE
    ../fplib/microlib/fpadd.c                0x00000000   Number         0  dadd.o ABSOLUTE
    ../fplib/microlib/fpdiv.c                0x00000000   Number         0  fdiv.o ABSOLUTE
    ../fplib/microlib/fpdiv.c                0x00000000   Number         0  ddiv.o ABSOLUTE
    ../fplib/microlib/fpepilogue.c           0x00000000   Number         0  fepilogue.o ABSOLUTE
    ../fplib/microlib/fpepilogue.c           0x00000000   Number         0  depilogue.o ABSOLUTE
    ../fplib/microlib/fpfix.c                0x00000000   Number         0  dfixi.o ABSOLUTE
    ../fplib/microlib/fpfix.c                0x00000000   Number         0  dfixul.o ABSOLUTE
    ../fplib/microlib/fpflt.c                0x00000000   Number         0  dflti.o ABSOLUTE
    ../fplib/microlib/fpflt.c                0x00000000   Number         0  ffltui.o ABSOLUTE
    ../fplib/microlib/fpflt.c                0x00000000   Number         0  fflti.o ABSOLUTE
    ../fplib/microlib/fpflt.c                0x00000000   Number         0  dfltui.o ABSOLUTE
    ../fplib/microlib/fpmul.c                0x00000000   Number         0  fmul.o ABSOLUTE
    ../fplib/microlib/fpmul.c                0x00000000   Number         0  dmul.o ABSOLUTE
    ../fplib/microlib/fpscalb.c              0x00000000   Number         0  dscalb.o ABSOLUTE
    ../mathlib/cos.c                         0x00000000   Number         0  cos_x.o ABSOLUTE
    ../mathlib/cos.c                         0x00000000   Number         0  cos.o ABSOLUTE
    ../mathlib/cos_i.c                       0x00000000   Number         0  cos_i.o ABSOLUTE
    ../mathlib/dunder.c                      0x00000000   Number         0  dunder.o ABSOLUTE
    ../mathlib/fpclassify.c                  0x00000000   Number         0  fpclassify.o ABSOLUTE
    ../mathlib/poly.c                        0x00000000   Number         0  poly.o ABSOLUTE
    ../mathlib/rred.c                        0x00000000   Number         0  rred.o ABSOLUTE
    ../mathlib/sin.c                         0x00000000   Number         0  sin_x.o ABSOLUTE
    ../mathlib/sin.c                         0x00000000   Number         0  sin.o ABSOLUTE
    ../mathlib/sin_i.c                       0x00000000   Number         0  sin_i.o ABSOLUTE
    ../mathlib/sin_i.c                       0x00000000   Number         0  sin_i_x.o ABSOLUTE
    ..\Core\Src\gpio.c                       0x00000000   Number         0  gpio.o ABSOLUTE
    ..\Core\Src\i2c.c                        0x00000000   Number         0  i2c.o ABSOLUTE
    ..\Core\Src\main.c                       0x00000000   Number         0  main.o ABSOLUTE
    ..\Core\Src\mpu6050.c                    0x00000000   Number         0  mpu6050.o ABSOLUTE
    ..\Core\Src\rtc.c                        0x00000000   Number         0  rtc.o ABSOLUTE
    ..\Core\Src\sd.c                         0x00000000   Number         0  sd.o ABSOLUTE
    ..\Core\Src\spi.c                        0x00000000   Number         0  spi.o ABSOLUTE
    ..\Core\Src\stm32f0xx_hal_msp.c          0x00000000   Number         0  stm32f0xx_hal_msp.o ABSOLUTE
    ..\Core\Src\stm32f0xx_it.c               0x00000000   Number         0  stm32f0xx_it.o ABSOLUTE
    ..\Core\Src\system_stm32f0xx.c           0x00000000   Number         0  system_stm32f0xx.o ABSOLUTE
    ..\Core\Src\usart.c                      0x00000000   Number         0  usart.o ABSOLUTE
    ..\Core\ssd1306\ssd1306.c                0x00000000   Number         0  ssd1306.o ABSOLUTE
    ..\Core\ssd1306\ssd1306_fonts.c          0x00000000   Number         0  ssd1306_fonts.o ABSOLUTE
    ..\Core\ssd1306\ssd1306_tests.c          0x00000000   Number         0  ssd1306_tests.o ABSOLUTE
    ..\Drivers\STM32F0xx_HAL_Driver\Src\stm32f0xx_hal.c 0x00000000   Number         0  stm32f0xx_hal.o ABSOLUTE
    ..\Drivers\STM32F0xx_HAL_Driver\Src\stm32f0xx_hal_cortex.c 0x00000000   Number         0  stm32f0xx_hal_cortex.o ABSOLUTE
    ..\Drivers\STM32F0xx_HAL_Driver\Src\stm32f0xx_hal_dma.c 0x00000000   Number         0  stm32f0xx_hal_dma.o ABSOLUTE
    ..\Drivers\STM32F0xx_HAL_Driver\Src\stm32f0xx_hal_exti.c 0x00000000   Number         0  stm32f0xx_hal_exti.o ABSOLUTE
    ..\Drivers\STM32F0xx_HAL_Driver\Src\stm32f0xx_hal_flash.c 0x00000000   Number         0  stm32f0xx_hal_flash.o ABSOLUTE
    ..\Drivers\STM32F0xx_HAL_Driver\Src\stm32f0xx_hal_flash_ex.c 0x00000000   Number         0  stm32f0xx_hal_flash_ex.o ABSOLUTE
    ..\Drivers\STM32F0xx_HAL_Driver\Src\stm32f0xx_hal_gpio.c 0x00000000   Number         0  stm32f0xx_hal_gpio.o ABSOLUTE
    ..\Drivers\STM32F0xx_HAL_Driver\Src\stm32f0xx_hal_i2c.c 0x00000000   Number         0  stm32f0xx_hal_i2c.o ABSOLUTE
    ..\Drivers\STM32F0xx_HAL_Driver\Src\stm32f0xx_hal_i2c_ex.c 0x00000000   Number         0  stm32f0xx_hal_i2c_ex.o ABSOLUTE
    ..\Drivers\STM32F0xx_HAL_Driver\Src\stm32f0xx_hal_pwr.c 0x00000000   Number         0  stm32f0xx_hal_pwr.o ABSOLUTE
    ..\Drivers\STM32F0xx_HAL_Driver\Src\stm32f0xx_hal_pwr_ex.c 0x00000000   Number         0  stm32f0xx_hal_pwr_ex.o ABSOLUTE
    ..\Drivers\STM32F0xx_HAL_Driver\Src\stm32f0xx_hal_rcc.c 0x00000000   Number         0  stm32f0xx_hal_rcc.o ABSOLUTE
    ..\Drivers\STM32F0xx_HAL_Driver\Src\stm32f0xx_hal_rcc_ex.c 0x00000000   Number         0  stm32f0xx_hal_rcc_ex.o ABSOLUTE
    ..\Drivers\STM32F0xx_HAL_Driver\Src\stm32f0xx_hal_rtc.c 0x00000000   Number         0  stm32f0xx_hal_rtc.o ABSOLUTE
    ..\Drivers\STM32F0xx_HAL_Driver\Src\stm32f0xx_hal_rtc_ex.c 0x00000000   Number         0  stm32f0xx_hal_rtc_ex.o ABSOLUTE
    ..\Drivers\STM32F0xx_HAL_Driver\Src\stm32f0xx_hal_spi.c 0x00000000   Number         0  stm32f0xx_hal_spi.o ABSOLUTE
    ..\Drivers\STM32F0xx_HAL_Driver\Src\stm32f0xx_hal_spi_ex.c 0x00000000   Number         0  stm32f0xx_hal_spi_ex.o ABSOLUTE
    ..\Drivers\STM32F0xx_HAL_Driver\Src\stm32f0xx_hal_tim.c 0x00000000   Number         0  stm32f0xx_hal_tim.o ABSOLUTE
    ..\Drivers\STM32F0xx_HAL_Driver\Src\stm32f0xx_hal_tim_ex.c 0x00000000   Number         0  stm32f0xx_hal_tim_ex.o ABSOLUTE
    ..\Drivers\STM32F0xx_HAL_Driver\Src\stm32f0xx_hal_uart.c 0x00000000   Number         0  stm32f0xx_hal_uart.o ABSOLUTE
    ..\Drivers\STM32F0xx_HAL_Driver\Src\stm32f0xx_hal_uart_ex.c 0x00000000   Number         0  stm32f0xx_hal_uart_ex.o ABSOLUTE
    ..\FATFS\App\fatfs.c                     0x00000000   Number         0  fatfs.o ABSOLUTE
    ..\FATFS\Target\user_diskio.c            0x00000000   Number         0  user_diskio.o ABSOLUTE
    ..\Middlewares\Third_Party\FatFs\src\diskio.c 0x00000000   Number         0  diskio.o ABSOLUTE
    ..\Middlewares\Third_Party\FatFs\src\ff.c 0x00000000   Number         0  ff.o ABSOLUTE
    ..\Middlewares\Third_Party\FatFs\src\ff_gen_drv.c 0x00000000   Number         0  ff_gen_drv.o ABSOLUTE
    ..\Middlewares\Third_Party\FatFs\src\option\ccsbcs.c 0x00000000   Number         0  ccsbcs.o ABSOLUTE
    ..\Middlewares\Third_Party\FatFs\src\option\syscall.c 0x00000000   Number         0  syscall.o ABSOLUTE
    ..\\Core\\Src\\mpu6050.c                 0x00000000   Number         0  mpu6050.o ABSOLUTE
    ..\\Core\\Src\\sd.c                      0x00000000   Number         0  sd.o ABSOLUTE
    ..\\Core\\ssd1306\\ssd1306.c             0x00000000   Number         0  ssd1306.o ABSOLUTE
    ..\\Core\\ssd1306\\ssd1306_tests.c       0x00000000   Number         0  ssd1306_tests.o ABSOLUTE
    cdrcmple.s                               0x00000000   Number         0  cdrcmple.o ABSOLUTE
    dc.s                                     0x00000000   Number         0  dc.o ABSOLUTE
    handlers.s                               0x00000000   Number         0  handlers.o ABSOLUTE
    init.s                                   0x00000000   Number         0  init.o ABSOLUTE
    startup_stm32f030x6.s                    0x00000000   Number         0  startup_stm32f030x6.o ABSOLUTE
    RESET                                    0x08000000   Section      176  startup_stm32f030x6.o(RESET)
    .ARM.Collect$$$$00000000                 0x080000b0   Section        0  entry.o(.ARM.Collect$$$$00000000)
    .ARM.Collect$$$$00000001                 0x080000b0   Section        4  entry2.o(.ARM.Collect$$$$00000001)
    .ARM.Collect$$$$00000004                 0x080000b4   Section        4  entry5.o(.ARM.Collect$$$$00000004)
    .ARM.Collect$$$$00000008                 0x080000b8   Section        0  entry7b.o(.ARM.Collect$$$$00000008)
    .ARM.Collect$$$$0000000A                 0x080000b8   Section        0  entry8b.o(.ARM.Collect$$$$0000000A)
    .ARM.Collect$$$$0000000B                 0x080000b8   Section        8  entry9a.o(.ARM.Collect$$$$0000000B)
    .ARM.Collect$$$$0000000E                 0x080000c0   Section        4  entry12b.o(.ARM.Collect$$$$0000000E)
    .ARM.Collect$$$$0000000F                 0x080000c4   Section        0  entry10a.o(.ARM.Collect$$$$0000000F)
    .ARM.Collect$$$$00000011                 0x080000c4   Section        0  entry11a.o(.ARM.Collect$$$$00000011)
    .ARM.Collect$$$$00002712                 0x080000c4   Section        4  entry2.o(.ARM.Collect$$$$00002712)
    __lit__00000000                          0x080000c4   Data           4  entry2.o(.ARM.Collect$$$$00002712)
    .text                                    0x080000c8   Section       28  startup_stm32f030x6.o(.text)
    .text                                    0x080000e4   Section        0  uidiv.o(.text)
    .text                                    0x08000110   Section        0  uldiv.o(.text)
    .text                                    0x08000170   Section        0  llushr.o(.text)
    .text                                    0x08000192   Section        0  memseta.o(.text)
    .text                                    0x080001b6   Section        0  strlen.o(.text)
    .text                                    0x080001c4   Section        0  llshl.o(.text)
    .text                                    0x080001e4   Section       36  init.o(.text)
    i.Error_Handler                          0x08000208   Section        0  main.o(i.Error_Handler)
    i.FATFS_LinkDriver                       0x0800020c   Section        0  ff_gen_drv.o(i.FATFS_LinkDriver)
    i.FATFS_LinkDriverEx                     0x08000218   Section        0  ff_gen_drv.o(i.FATFS_LinkDriverEx)
    i.HAL_DMA_Abort                          0x08000258   Section        0  stm32f0xx_hal_dma.o(i.HAL_DMA_Abort)
    i.HAL_DMA_Abort_IT                       0x08000298   Section        0  stm32f0xx_hal_dma.o(i.HAL_DMA_Abort_IT)
    i.HAL_Delay                              0x080002e0   Section        0  stm32f0xx_hal.o(i.HAL_Delay)
    i.HAL_GPIO_Init                          0x08000304   Section        0  stm32f0xx_hal_gpio.o(i.HAL_GPIO_Init)
    i.HAL_GPIO_WritePin                      0x080004a8   Section        0  stm32f0xx_hal_gpio.o(i.HAL_GPIO_WritePin)
    i.HAL_GetTick                            0x080004b4   Section        0  stm32f0xx_hal.o(i.HAL_GetTick)
    i.HAL_I2CEx_ConfigAnalogFilter           0x080004c0   Section        0  stm32f0xx_hal_i2c_ex.o(i.HAL_I2CEx_ConfigAnalogFilter)
    i.HAL_I2CEx_ConfigDigitalFilter          0x0800050a   Section        0  stm32f0xx_hal_i2c_ex.o(i.HAL_I2CEx_ConfigDigitalFilter)
    i.HAL_I2C_Init                           0x08000554   Section        0  stm32f0xx_hal_i2c.o(i.HAL_I2C_Init)
    i.HAL_I2C_Mem_Read                       0x08000608   Section        0  stm32f0xx_hal_i2c.o(i.HAL_I2C_Mem_Read)
    i.HAL_I2C_Mem_Write                      0x0800075c   Section        0  stm32f0xx_hal_i2c.o(i.HAL_I2C_Mem_Write)
    i.HAL_I2C_MspInit                        0x080008a8   Section        0  i2c.o(i.HAL_I2C_MspInit)
    i.HAL_IncTick                            0x0800090c   Section        0  stm32f0xx_hal.o(i.HAL_IncTick)
    i.HAL_Init                               0x0800091c   Section        0  stm32f0xx_hal.o(i.HAL_Init)
    i.HAL_InitTick                           0x0800093c   Section        0  stm32f0xx_hal.o(i.HAL_InitTick)
    i.HAL_MspInit                            0x08000980   Section        0  stm32f0xx_hal_msp.o(i.HAL_MspInit)
    i.HAL_NVIC_EnableIRQ                     0x080009a8   Section        0  stm32f0xx_hal_cortex.o(i.HAL_NVIC_EnableIRQ)
    i.HAL_NVIC_SetPriority                   0x080009c0   Section        0  stm32f0xx_hal_cortex.o(i.HAL_NVIC_SetPriority)
    i.HAL_RCCEx_PeriphCLKConfig              0x080009c8   Section        0  stm32f0xx_hal_rcc_ex.o(i.HAL_RCCEx_PeriphCLKConfig)
    i.HAL_RCC_ClockConfig                    0x08000ab0   Section        0  stm32f0xx_hal_rcc.o(i.HAL_RCC_ClockConfig)
    i.HAL_RCC_GetPCLK1Freq                   0x08000bb8   Section        0  stm32f0xx_hal_rcc.o(i.HAL_RCC_GetPCLK1Freq)
    i.HAL_RCC_GetSysClockFreq                0x08000bd8   Section        0  stm32f0xx_hal_rcc.o(i.HAL_RCC_GetSysClockFreq)
    i.HAL_RCC_OscConfig                      0x08000c58   Section        0  stm32f0xx_hal_rcc.o(i.HAL_RCC_OscConfig)
    i.HAL_RTC_GetDate                        0x08000fe0   Section        0  stm32f0xx_hal_rtc.o(i.HAL_RTC_GetDate)
    i.HAL_RTC_GetTime                        0x08001024   Section        0  stm32f0xx_hal_rtc.o(i.HAL_RTC_GetTime)
    i.HAL_RTC_Init                           0x08001080   Section        0  stm32f0xx_hal_rtc.o(i.HAL_RTC_Init)
    i.HAL_RTC_MspInit                        0x08001134   Section        0  rtc.o(i.HAL_RTC_MspInit)
    i.HAL_RTC_SetTime                        0x08001154   Section        0  stm32f0xx_hal_rtc.o(i.HAL_RTC_SetTime)
    i.HAL_RTC_WaitForSynchro                 0x08001230   Section        0  stm32f0xx_hal_rtc.o(i.HAL_RTC_WaitForSynchro)
    i.HAL_SPI_Init                           0x08001264   Section        0  stm32f0xx_hal_spi.o(i.HAL_SPI_Init)
    i.HAL_SPI_MspInit                        0x08001354   Section        0  spi.o(i.HAL_SPI_MspInit)
    i.HAL_SPI_TransmitReceive                0x080013b0   Section        0  stm32f0xx_hal_spi.o(i.HAL_SPI_TransmitReceive)
    i.HAL_SYSTICK_Config                     0x080015a4   Section        0  stm32f0xx_hal_cortex.o(i.HAL_SYSTICK_Config)
    i.HAL_UARTEx_RxEventCallback             0x080015d4   Section        0  stm32f0xx_hal_uart.o(i.HAL_UARTEx_RxEventCallback)
    i.HAL_UART_ErrorCallback                 0x080015d6   Section        0  stm32f0xx_hal_uart.o(i.HAL_UART_ErrorCallback)
    i.HAL_UART_IRQHandler                    0x080015d8   Section        0  stm32f0xx_hal_uart.o(i.HAL_UART_IRQHandler)
    i.HAL_UART_Init                          0x08001864   Section        0  stm32f0xx_hal_uart.o(i.HAL_UART_Init)
    i.HAL_UART_MspInit                       0x080018d0   Section        0  usart.o(i.HAL_UART_MspInit)
    i.HAL_UART_Transmit                      0x08001940   Section        0  stm32f0xx_hal_uart.o(i.HAL_UART_Transmit)
    i.HAL_UART_TxCpltCallback                0x08001a12   Section        0  stm32f0xx_hal_uart.o(i.HAL_UART_TxCpltCallback)
    i.HardFault_Handler                      0x08001a14   Section        0  stm32f0xx_it.o(i.HardFault_Handler)
    i.I2C_Flush_TXDR                         0x08001a16   Section        0  stm32f0xx_hal_i2c.o(i.I2C_Flush_TXDR)
    I2C_Flush_TXDR                           0x08001a17   Thumb Code    34  stm32f0xx_hal_i2c.o(i.I2C_Flush_TXDR)
    i.I2C_IsAcknowledgeFailed                0x08001a38   Section        0  stm32f0xx_hal_i2c.o(i.I2C_IsAcknowledgeFailed)
    I2C_IsAcknowledgeFailed                  0x08001a39   Thumb Code   130  stm32f0xx_hal_i2c.o(i.I2C_IsAcknowledgeFailed)
    i.I2C_RequestMemoryRead                  0x08001ac0   Section        0  stm32f0xx_hal_i2c.o(i.I2C_RequestMemoryRead)
    I2C_RequestMemoryRead                    0x08001ac1   Thumb Code    92  stm32f0xx_hal_i2c.o(i.I2C_RequestMemoryRead)
    i.I2C_RequestMemoryWrite                 0x08001b20   Section        0  stm32f0xx_hal_i2c.o(i.I2C_RequestMemoryWrite)
    I2C_RequestMemoryWrite                   0x08001b21   Thumb Code    92  stm32f0xx_hal_i2c.o(i.I2C_RequestMemoryWrite)
    i.I2C_TransferConfig                     0x08001b80   Section        0  stm32f0xx_hal_i2c.o(i.I2C_TransferConfig)
    I2C_TransferConfig                       0x08001b81   Thumb Code    34  stm32f0xx_hal_i2c.o(i.I2C_TransferConfig)
    i.I2C_WaitOnFlagUntilTimeout             0x08001ba8   Section        0  stm32f0xx_hal_i2c.o(i.I2C_WaitOnFlagUntilTimeout)
    I2C_WaitOnFlagUntilTimeout               0x08001ba9   Thumb Code    78  stm32f0xx_hal_i2c.o(i.I2C_WaitOnFlagUntilTimeout)
    i.I2C_WaitOnSTOPFlagUntilTimeout         0x08001bf6   Section        0  stm32f0xx_hal_i2c.o(i.I2C_WaitOnSTOPFlagUntilTimeout)
    I2C_WaitOnSTOPFlagUntilTimeout           0x08001bf7   Thumb Code    76  stm32f0xx_hal_i2c.o(i.I2C_WaitOnSTOPFlagUntilTimeout)
    i.I2C_WaitOnTXISFlagUntilTimeout         0x08001c42   Section        0  stm32f0xx_hal_i2c.o(i.I2C_WaitOnTXISFlagUntilTimeout)
    I2C_WaitOnTXISFlagUntilTimeout           0x08001c43   Thumb Code    80  stm32f0xx_hal_i2c.o(i.I2C_WaitOnTXISFlagUntilTimeout)
    i.MPU6050_Init                           0x08001c92   Section        0  mpu6050.o(i.MPU6050_Init)
    i.MPU6050_Read_All                       0x08001d1e   Section        0  mpu6050.o(i.MPU6050_Read_All)
    i.MX_FATFS_Init                          0x08001d70   Section        0  fatfs.o(i.MX_FATFS_Init)
    i.MX_GPIO_Init                           0x08001d8c   Section        0  gpio.o(i.MX_GPIO_Init)
    i.MX_I2C1_Init                           0x08001dd4   Section        0  i2c.o(i.MX_I2C1_Init)
    i.MX_RTC_Init                            0x08001e2c   Section        0  rtc.o(i.MX_RTC_Init)
    i.MX_SPI1_Init                           0x08001e60   Section        0  spi.o(i.MX_SPI1_Init)
    i.MX_USART1_UART_Init                    0x08001eac   Section        0  usart.o(i.MX_USART1_UART_Init)
    i.NMI_Handler                            0x08001ee4   Section        0  stm32f0xx_it.o(i.NMI_Handler)
    i.PendSV_Handler                         0x08001ee6   Section        0  stm32f0xx_it.o(i.PendSV_Handler)
    i.RTC_Bcd2ToByte                         0x08001ee8   Section        0  stm32f0xx_hal_rtc.o(i.RTC_Bcd2ToByte)
    i.RTC_ByteToBcd2                         0x08001ef8   Section        0  stm32f0xx_hal_rtc.o(i.RTC_ByteToBcd2)
    i.RTC_EnterInitMode                      0x08001f0e   Section        0  stm32f0xx_hal_rtc.o(i.RTC_EnterInitMode)
    i.SD_PowerOn                             0x08001f46   Section        0  sd.o(i.SD_PowerOn)
    i.SD_cmd                                 0x08001f50   Section        0  sd.o(i.SD_cmd)
    SD_cmd                                   0x08001f51   Thumb Code   138  sd.o(i.SD_cmd)
    i.SPI_EndRxTxTransaction                 0x08001fda   Section        0  stm32f0xx_hal_spi.o(i.SPI_EndRxTxTransaction)
    SPI_EndRxTxTransaction                   0x08001fdb   Thumb Code    76  stm32f0xx_hal_spi.o(i.SPI_EndRxTxTransaction)
    i.SPI_ReceiveByte                        0x08002026   Section        0  sd.o(i.SPI_ReceiveByte)
    i.SPI_WaitFifoStateUntilTimeout          0x08002030   Section        0  stm32f0xx_hal_spi.o(i.SPI_WaitFifoStateUntilTimeout)
    SPI_WaitFifoStateUntilTimeout            0x08002031   Thumb Code   212  stm32f0xx_hal_spi.o(i.SPI_WaitFifoStateUntilTimeout)
    i.SPI_WaitFlagStateUntilTimeout          0x08002108   Section        0  stm32f0xx_hal_spi.o(i.SPI_WaitFlagStateUntilTimeout)
    SPI_WaitFlagStateUntilTimeout            0x08002109   Thumb Code   180  stm32f0xx_hal_spi.o(i.SPI_WaitFlagStateUntilTimeout)
    i.SPIx_WriteRead                         0x080021c0   Section        0  sd.o(i.SPIx_WriteRead)
    i.SVC_Handler                            0x080021f8   Section        0  stm32f0xx_it.o(i.SVC_Handler)
    i.SysTick_Handler                        0x080021fa   Section        0  stm32f0xx_it.o(i.SysTick_Handler)
    i.SystemClock_Config                     0x08002204   Section        0  main.o(i.SystemClock_Config)
    i.SystemInit                             0x08002288   Section        0  system_stm32f0xx.o(i.SystemInit)
    i.UART_AdvFeatureConfig                  0x0800228a   Section        0  stm32f0xx_hal_uart.o(i.UART_AdvFeatureConfig)
    i.UART_CheckIdleState                    0x08002354   Section        0  stm32f0xx_hal_uart.o(i.UART_CheckIdleState)
    i.UART_DMAAbortOnError                   0x080023b8   Section        0  stm32f0xx_hal_uart.o(i.UART_DMAAbortOnError)
    UART_DMAAbortOnError                     0x080023b9   Thumb Code    20  stm32f0xx_hal_uart.o(i.UART_DMAAbortOnError)
    i.UART_EndRxTransfer                     0x080023cc   Section        0  stm32f0xx_hal_uart.o(i.UART_EndRxTransfer)
    UART_EndRxTransfer                       0x080023cd   Thumb Code    94  stm32f0xx_hal_uart.o(i.UART_EndRxTransfer)
    i.UART_SetConfig                         0x0800242c   Section        0  stm32f0xx_hal_uart.o(i.UART_SetConfig)
    i.UART_WaitOnFlagUntilTimeout            0x08002548   Section        0  stm32f0xx_hal_uart.o(i.UART_WaitOnFlagUntilTimeout)
    i.USART1_IRQHandler                      0x0800261c   Section        0  stm32f0xx_it.o(i.USART1_IRQHandler)
    i.USER_initialize                        0x0800262c   Section        0  user_diskio.o(i.USER_initialize)
    i.USER_ioctl                             0x0800263c   Section        0  user_diskio.o(i.USER_ioctl)
    i.USER_read                              0x08002640   Section        0  user_diskio.o(i.USER_read)
    i.USER_status                            0x08002644   Section        0  user_diskio.o(i.USER_status)
    i.USER_write                             0x08002654   Section        0  user_diskio.o(i.USER_write)
    i.__0sprintf$8                           0x08002658   Section        0  printf8.o(i.__0sprintf$8)
    i.__ARM_common_ll_muluu                  0x08002680   Section        0  stm32f0xx_hal_rcc.o(i.__ARM_common_ll_muluu)
    i.__NVIC_SetPriority                     0x080026b0   Section        0  stm32f0xx_hal_cortex.o(i.__NVIC_SetPriority)
    __NVIC_SetPriority                       0x080026b1   Thumb Code    60  stm32f0xx_hal_cortex.o(i.__NVIC_SetPriority)
    i.__scatterload_copy                     0x080026f4   Section       14  handlers.o(i.__scatterload_copy)
    i.__scatterload_null                     0x08002702   Section        2  handlers.o(i.__scatterload_null)
    i.__scatterload_zeroinit                 0x08002704   Section       14  handlers.o(i.__scatterload_zeroinit)
    i._printf_core                           0x08002714   Section        0  printf8.o(i._printf_core)
    _printf_core                             0x08002715   Thumb Code  1020  printf8.o(i._printf_core)
    i._printf_post_padding                   0x08002b3c   Section        0  printf8.o(i._printf_post_padding)
    _printf_post_padding                     0x08002b3d   Thumb Code    32  printf8.o(i._printf_post_padding)
    i._printf_pre_padding                    0x08002b5c   Section        0  printf8.o(i._printf_pre_padding)
    _printf_pre_padding                      0x08002b5d   Thumb Code    44  printf8.o(i._printf_pre_padding)
    i._sputc                                 0x08002b88   Section        0  printf8.o(i._sputc)
    _sputc                                   0x08002b89   Thumb Code    10  printf8.o(i._sputc)
    i.main                                   0x08002b94   Section        0  main.o(i.main)
    i.sd_ini                                 0x08002c40   Section        0  sd.o(i.sd_ini)
    i.ssd1306_DrawPixel                      0x08002d2c   Section        0  ssd1306.o(i.ssd1306_DrawPixel)
    i.ssd1306_Fill                           0x08002d5c   Section        0  ssd1306.o(i.ssd1306_Fill)
    i.ssd1306_Init                           0x08002d80   Section        0  ssd1306.o(i.ssd1306_Init)
    i.ssd1306_SetContrast                    0x08002e48   Section        0  ssd1306.o(i.ssd1306_SetContrast)
    i.ssd1306_SetCursor                      0x08002e5c   Section        0  ssd1306.o(i.ssd1306_SetCursor)
    i.ssd1306_SetDisplayOn                   0x08002e68   Section        0  ssd1306.o(i.ssd1306_SetDisplayOn)
    i.ssd1306_UpdateScreen                   0x08002e88   Section        0  ssd1306.o(i.ssd1306_UpdateScreen)
    i.ssd1306_WriteChar                      0x08002ebc   Section        0  ssd1306.o(i.ssd1306_WriteChar)
    i.ssd1306_WriteCommand                   0x08002f54   Section        0  ssd1306.o(i.ssd1306_WriteCommand)
    i.ssd1306_WriteData                      0x08002f7c   Section        0  ssd1306.o(i.ssd1306_WriteData)
    i.ssd1306_WriteString                    0x08002f9c   Section        0  ssd1306.o(i.ssd1306_WriteString)
    i.ssd1306_printtime                      0x08002fc8   Section        0  main.o(i.ssd1306_printtime)
    .constdata                               0x08003074   Section     1188  ssd1306_fonts.o(.constdata)
    Font11x18                                0x08003074   Data        1188  ssd1306_fonts.o(.constdata)
    .constdata                               0x08003518   Section     1716  ssd1306_fonts.o(.constdata)
    Font16x26                                0x08003518   Data        1716  ssd1306_fonts.o(.constdata)
    .constdata                               0x08003bcc   Section       16  system_stm32f0xx.o(.constdata)
    .constdata                               0x08003bdc   Section        8  system_stm32f0xx.o(.constdata)
    .data                                    0x20000000   Section        6  ssd1306.o(.data)
    SSD1306                                  0x20000000   Data           6  ssd1306.o(.data)
    .data                                    0x20000008   Section        8  ssd1306_fonts.o(.data)
    .data                                    0x20000010   Section        8  ssd1306_fonts.o(.data)
    .data                                    0x20000018   Section        1  sd.o(.data)
    .data                                    0x20000019   Section        4  main.o(.data)
    .data                                    0x20000020   Section       12  stm32f0xx_hal.o(.data)
    .data                                    0x2000002c   Section        4  system_stm32f0xx.o(.data)
    .data                                    0x20000030   Section        1  user_diskio.o(.data)
    Stat                                     0x20000030   Data           1  user_diskio.o(.data)
    .data                                    0x20000034   Section       20  user_diskio.o(.data)
    .data                                    0x20000048   Section        5  fatfs.o(.data)
    .bss                                     0x20000050   Section     1024  ssd1306.o(.bss)
    SSD1306_Buffer                           0x20000050   Data        1024  ssd1306.o(.bss)
    .bss                                     0x20000450   Section       60  sd.o(.bss)
    .bss                                     0x20000490   Section      208  main.o(.bss)
    .bss                                     0x20000560   Section       76  i2c.o(.bss)
    .bss                                     0x200005ac   Section       32  rtc.o(.bss)
    .bss                                     0x200005cc   Section      100  spi.o(.bss)
    .bss                                     0x20000630   Section      132  usart.o(.bss)
    .bss                                     0x200006b4   Section       12  ff_gen_drv.o(.bss)
    STACK                                    0x200006c0   Section     1024  startup_stm32f030x6.o(STACK)

    Global Symbols

    Symbol Name                              Value     Ov Type        Size  Object(Section)

    BuildAttributes$$THM_ISAv3M$S$PE$A:L22$X:L11$S22$IEEE1$IW$USESV6$~STKCKD$USESV7$~SHL$OTIME$ROPI$IEEEX$EBA8$MICROLIB$REQ8$PRES8$EABIv2 0x00000000   Number         0  anon$$obj.o ABSOLUTE
    __ARM_use_no_argv                        0x00000000   Number         0  main.o ABSOLUTE
    _printf_a                                0x00000000   Number         0  stubs.o ABSOLUTE
    _printf_c                                0x00000000   Number         0  stubs.o ABSOLUTE
    _printf_charcount                        0x00000000   Number         0  stubs.o ABSOLUTE
    _printf_d                                0x00000000   Number         0  stubs.o ABSOLUTE
    _printf_e                                0x00000000   Number         0  stubs.o ABSOLUTE
    _printf_f                                0x00000000   Number         0  stubs.o ABSOLUTE
    _printf_flags                            0x00000000   Number         0  stubs.o ABSOLUTE
    _printf_fp_dec                           0x00000000   Number         0  stubs.o ABSOLUTE
    _printf_fp_hex                           0x00000000   Number         0  stubs.o ABSOLUTE
    _printf_g                                0x00000000   Number         0  stubs.o ABSOLUTE
    _printf_i                                0x00000000   Number         0  stubs.o ABSOLUTE
    _printf_int_dec                          0x00000000   Number         0  stubs.o ABSOLUTE
    _printf_l                                0x00000000   Number         0  stubs.o ABSOLUTE
    _printf_lc                               0x00000000   Number         0  stubs.o ABSOLUTE
    _printf_ll                               0x00000000   Number         0  stubs.o ABSOLUTE
    _printf_lld                              0x00000000   Number         0  stubs.o ABSOLUTE
    _printf_lli                              0x00000000   Number         0  stubs.o ABSOLUTE
    _printf_llo                              0x00000000   Number         0  stubs.o ABSOLUTE
    _printf_llu                              0x00000000   Number         0  stubs.o ABSOLUTE
    _printf_llx                              0x00000000   Number         0  stubs.o ABSOLUTE
    _printf_longlong_dec                     0x00000000   Number         0  stubs.o ABSOLUTE
    _printf_longlong_hex                     0x00000000   Number         0  stubs.o ABSOLUTE
    _printf_longlong_oct                     0x00000000   Number         0  stubs.o ABSOLUTE
    _printf_ls                               0x00000000   Number         0  stubs.o ABSOLUTE
    _printf_mbtowc                           0x00000000   Number         0  stubs.o ABSOLUTE
    _printf_n                                0x00000000   Number         0  stubs.o ABSOLUTE
    _printf_o                                0x00000000   Number         0  stubs.o ABSOLUTE
    _printf_p                                0x00000000   Number         0  stubs.o ABSOLUTE
    _printf_percent                          0x00000000   Number         0  stubs.o ABSOLUTE
    _printf_pre_padding                      0x00000000   Number         0  stubs.o ABSOLUTE
    _printf_return_value                     0x00000000   Number         0  stubs.o ABSOLUTE
    _printf_s                                0x00000000   Number         0  stubs.o ABSOLUTE
    _printf_sizespec                         0x00000000   Number         0  stubs.o ABSOLUTE
    _printf_str                              0x00000000   Number         0  stubs.o ABSOLUTE
    _printf_truncate_signed                  0x00000000   Number         0  stubs.o ABSOLUTE
    _printf_truncate_unsigned                0x00000000   Number         0  stubs.o ABSOLUTE
    _printf_u                                0x00000000   Number         0  stubs.o ABSOLUTE
    _printf_wc                               0x00000000   Number         0  stubs.o ABSOLUTE
    _printf_wctomb                           0x00000000   Number         0  stubs.o ABSOLUTE
    _printf_widthprec                        0x00000000   Number         0  stubs.o ABSOLUTE
    _printf_x                                0x00000000   Number         0  stubs.o ABSOLUTE
    __arm_fini_                               - Undefined Weak Reference
    __cpp_initialize__aeabi_                  - Undefined Weak Reference
    __cxa_finalize                            - Undefined Weak Reference
    __decompress                              - Undefined Weak Reference
    _clock_init                               - Undefined Weak Reference
    _microlib_exit                            - Undefined Weak Reference
    __Vectors_Size                           0x000000b0   Number         0  startup_stm32f030x6.o ABSOLUTE
    __Vectors                                0x08000000   Data           4  startup_stm32f030x6.o(RESET)
    __Vectors_End                            0x080000b0   Data           0  startup_stm32f030x6.o(RESET)
    __main                                   0x080000b1   Thumb Code     0  entry.o(.ARM.Collect$$$$00000000)
    _main_stk                                0x080000b1   Thumb Code     0  entry2.o(.ARM.Collect$$$$00000001)
    _main_scatterload                        0x080000b5   Thumb Code     0  entry5.o(.ARM.Collect$$$$00000004)
    __main_after_scatterload                 0x080000b9   Thumb Code     0  entry5.o(.ARM.Collect$$$$00000004)
    _main_clock                              0x080000b9   Thumb Code     0  entry7b.o(.ARM.Collect$$$$00000008)
    _main_cpp_init                           0x080000b9   Thumb Code     0  entry8b.o(.ARM.Collect$$$$0000000A)
    _main_init                               0x080000b9   Thumb Code     0  entry9a.o(.ARM.Collect$$$$0000000B)
    __rt_lib_shutdown_fini                   0x080000c1   Thumb Code     0  entry12b.o(.ARM.Collect$$$$0000000E)
    __rt_final_cpp                           0x080000c5   Thumb Code     0  entry10a.o(.ARM.Collect$$$$0000000F)
    __rt_final_exit                          0x080000c5   Thumb Code     0  entry11a.o(.ARM.Collect$$$$00000011)
    Reset_Handler                            0x080000c9   Thumb Code     8  startup_stm32f030x6.o(.text)
    ADC1_IRQHandler                          0x080000db   Thumb Code     0  startup_stm32f030x6.o(.text)
    DMA1_Channel1_IRQHandler                 0x080000db   Thumb Code     0  startup_stm32f030x6.o(.text)
    DMA1_Channel2_3_IRQHandler               0x080000db   Thumb Code     0  startup_stm32f030x6.o(.text)
    DMA1_Channel4_5_IRQHandler               0x080000db   Thumb Code     0  startup_stm32f030x6.o(.text)
    EXTI0_1_IRQHandler                       0x080000db   Thumb Code     0  startup_stm32f030x6.o(.text)
    EXTI2_3_IRQHandler                       0x080000db   Thumb Code     0  startup_stm32f030x6.o(.text)
    EXTI4_15_IRQHandler                      0x080000db   Thumb Code     0  startup_stm32f030x6.o(.text)
    FLASH_IRQHandler                         0x080000db   Thumb Code     0  startup_stm32f030x6.o(.text)
    I2C1_IRQHandler                          0x080000db   Thumb Code     0  startup_stm32f030x6.o(.text)
    RCC_IRQHandler                           0x080000db   Thumb Code     0  startup_stm32f030x6.o(.text)
    RTC_IRQHandler                           0x080000db   Thumb Code     0  startup_stm32f030x6.o(.text)
    SPI1_IRQHandler                          0x080000db   Thumb Code     0  startup_stm32f030x6.o(.text)
    TIM14_IRQHandler                         0x080000db   Thumb Code     0  startup_stm32f030x6.o(.text)
    TIM16_IRQHandler                         0x080000db   Thumb Code     0  startup_stm32f030x6.o(.text)
    TIM17_IRQHandler                         0x080000db   Thumb Code     0  startup_stm32f030x6.o(.text)
    TIM1_BRK_UP_TRG_COM_IRQHandler           0x080000db   Thumb Code     0  startup_stm32f030x6.o(.text)
    TIM1_CC_IRQHandler                       0x080000db   Thumb Code     0  startup_stm32f030x6.o(.text)
    TIM3_IRQHandler                          0x080000db   Thumb Code     0  startup_stm32f030x6.o(.text)
    WWDG_IRQHandler                          0x080000db   Thumb Code     0  startup_stm32f030x6.o(.text)
    __aeabi_uidiv                            0x080000e5   Thumb Code     0  uidiv.o(.text)
    __aeabi_uidivmod                         0x080000e5   Thumb Code    44  uidiv.o(.text)
    __aeabi_uldivmod                         0x08000111   Thumb Code    96  uldiv.o(.text)
    __aeabi_llsr                             0x08000171   Thumb Code    34  llushr.o(.text)
    _ll_ushift_r                             0x08000171   Thumb Code     0  llushr.o(.text)
    __aeabi_memset                           0x08000193   Thumb Code    14  memseta.o(.text)
    __aeabi_memset4                          0x08000193   Thumb Code     0  memseta.o(.text)
    __aeabi_memset8                          0x08000193   Thumb Code     0  memseta.o(.text)
    __aeabi_memclr                           0x080001a1   Thumb Code     4  memseta.o(.text)
    __aeabi_memclr4                          0x080001a1   Thumb Code     0  memseta.o(.text)
    __aeabi_memclr8                          0x080001a1   Thumb Code     0  memseta.o(.text)
    _memset$wrapper                          0x080001a5   Thumb Code    18  memseta.o(.text)
    strlen                                   0x080001b7   Thumb Code    14  strlen.o(.text)
    __aeabi_llsl                             0x080001c5   Thumb Code    32  llshl.o(.text)
    _ll_shift_l                              0x080001c5   Thumb Code     0  llshl.o(.text)
    __scatterload                            0x080001e5   Thumb Code    28  init.o(.text)
    __scatterload_rt2                        0x080001e5   Thumb Code     0  init.o(.text)
    Error_Handler                            0x08000209   Thumb Code     4  main.o(i.Error_Handler)
    FATFS_LinkDriver                         0x0800020d   Thumb Code    10  ff_gen_drv.o(i.FATFS_LinkDriver)
    FATFS_LinkDriverEx                       0x08000219   Thumb Code    60  ff_gen_drv.o(i.FATFS_LinkDriverEx)
    HAL_DMA_Abort                            0x08000259   Thumb Code    64  stm32f0xx_hal_dma.o(i.HAL_DMA_Abort)
    HAL_DMA_Abort_IT                         0x08000299   Thumb Code    72  stm32f0xx_hal_dma.o(i.HAL_DMA_Abort_IT)
    HAL_Delay                                0x080002e1   Thumb Code    32  stm32f0xx_hal.o(i.HAL_Delay)
    HAL_GPIO_Init                            0x08000305   Thumb Code   396  stm32f0xx_hal_gpio.o(i.HAL_GPIO_Init)
    HAL_GPIO_WritePin                        0x080004a9   Thumb Code    12  stm32f0xx_hal_gpio.o(i.HAL_GPIO_WritePin)
    HAL_GetTick                              0x080004b5   Thumb Code     6  stm32f0xx_hal.o(i.HAL_GetTick)
    HAL_I2CEx_ConfigAnalogFilter             0x080004c1   Thumb Code    74  stm32f0xx_hal_i2c_ex.o(i.HAL_I2CEx_ConfigAnalogFilter)
    HAL_I2CEx_ConfigDigitalFilter            0x0800050b   Thumb Code    72  stm32f0xx_hal_i2c_ex.o(i.HAL_I2CEx_ConfigDigitalFilter)
    HAL_I2C_Init                             0x08000555   Thumb Code   176  stm32f0xx_hal_i2c.o(i.HAL_I2C_Init)
    HAL_I2C_Mem_Read                         0x08000609   Thumb Code   332  stm32f0xx_hal_i2c.o(i.HAL_I2C_Mem_Read)
    HAL_I2C_Mem_Write                        0x0800075d   Thumb Code   326  stm32f0xx_hal_i2c.o(i.HAL_I2C_Mem_Write)
    HAL_I2C_MspInit                          0x080008a9   Thumb Code    92  i2c.o(i.HAL_I2C_MspInit)
    HAL_IncTick                              0x0800090d   Thumb Code    12  stm32f0xx_hal.o(i.HAL_IncTick)
    HAL_Init                                 0x0800091d   Thumb Code    26  stm32f0xx_hal.o(i.HAL_Init)
    HAL_InitTick                             0x0800093d   Thumb Code    58  stm32f0xx_hal.o(i.HAL_InitTick)
    HAL_MspInit                              0x08000981   Thumb Code    34  stm32f0xx_hal_msp.o(i.HAL_MspInit)
    HAL_NVIC_EnableIRQ                       0x080009a9   Thumb Code    18  stm32f0xx_hal_cortex.o(i.HAL_NVIC_EnableIRQ)
    HAL_NVIC_SetPriority                     0x080009c1   Thumb Code     8  stm32f0xx_hal_cortex.o(i.HAL_NVIC_SetPriority)
    HAL_RCCEx_PeriphCLKConfig                0x080009c9   Thumb Code   218  stm32f0xx_hal_rcc_ex.o(i.HAL_RCCEx_PeriphCLKConfig)
    HAL_RCC_ClockConfig                      0x08000ab1   Thumb Code   242  stm32f0xx_hal_rcc.o(i.HAL_RCC_ClockConfig)
    HAL_RCC_GetPCLK1Freq                     0x08000bb9   Thumb Code    20  stm32f0xx_hal_rcc.o(i.HAL_RCC_GetPCLK1Freq)
    HAL_RCC_GetSysClockFreq                  0x08000bd9   Thumb Code    84  stm32f0xx_hal_rcc.o(i.HAL_RCC_GetSysClockFreq)
    HAL_RCC_OscConfig                        0x08000c59   Thumb Code   890  stm32f0xx_hal_rcc.o(i.HAL_RCC_OscConfig)
    HAL_RTC_GetDate                          0x08000fe1   Thumb Code    68  stm32f0xx_hal_rtc.o(i.HAL_RTC_GetDate)
    HAL_RTC_GetTime                          0x08001025   Thumb Code    88  stm32f0xx_hal_rtc.o(i.HAL_RTC_GetTime)
    HAL_RTC_Init                             0x08001081   Thumb Code   174  stm32f0xx_hal_rtc.o(i.HAL_RTC_Init)
    HAL_RTC_MspInit                          0x08001135   Thumb Code    22  rtc.o(i.HAL_RTC_MspInit)
    HAL_RTC_SetTime                          0x08001155   Thumb Code   216  stm32f0xx_hal_rtc.o(i.HAL_RTC_SetTime)
    HAL_RTC_WaitForSynchro                   0x08001231   Thumb Code    52  stm32f0xx_hal_rtc.o(i.HAL_RTC_WaitForSynchro)
    HAL_SPI_Init                             0x08001265   Thumb Code   238  stm32f0xx_hal_spi.o(i.HAL_SPI_Init)
    HAL_SPI_MspInit                          0x08001355   Thumb Code    84  spi.o(i.HAL_SPI_MspInit)
    HAL_SPI_TransmitReceive                  0x080013b1   Thumb Code   498  stm32f0xx_hal_spi.o(i.HAL_SPI_TransmitReceive)
    HAL_SYSTICK_Config                       0x080015a5   Thumb Code    38  stm32f0xx_hal_cortex.o(i.HAL_SYSTICK_Config)
    HAL_UARTEx_RxEventCallback               0x080015d5   Thumb Code     2  stm32f0xx_hal_uart.o(i.HAL_UARTEx_RxEventCallback)
    HAL_UART_ErrorCallback                   0x080015d7   Thumb Code     2  stm32f0xx_hal_uart.o(i.HAL_UART_ErrorCallback)
    HAL_UART_IRQHandler                      0x080015d9   Thumb Code   640  stm32f0xx_hal_uart.o(i.HAL_UART_IRQHandler)
    HAL_UART_Init                            0x08001865   Thumb Code   106  stm32f0xx_hal_uart.o(i.HAL_UART_Init)
    HAL_UART_MspInit                         0x080018d1   Thumb Code   104  usart.o(i.HAL_UART_MspInit)
    HAL_UART_Transmit                        0x08001941   Thumb Code   210  stm32f0xx_hal_uart.o(i.HAL_UART_Transmit)
    HAL_UART_TxCpltCallback                  0x08001a13   Thumb Code     2  stm32f0xx_hal_uart.o(i.HAL_UART_TxCpltCallback)
    HardFault_Handler                        0x08001a15   Thumb Code     2  stm32f0xx_it.o(i.HardFault_Handler)
    MPU6050_Init                             0x08001c93   Thumb Code   140  mpu6050.o(i.MPU6050_Init)
    MPU6050_Read_All                         0x08001d1f   Thumb Code    80  mpu6050.o(i.MPU6050_Read_All)
    MX_FATFS_Init                            0x08001d71   Thumb Code    18  fatfs.o(i.MX_FATFS_Init)
    MX_GPIO_Init                             0x08001d8d   Thumb Code    68  gpio.o(i.MX_GPIO_Init)
    MX_I2C1_Init                             0x08001dd5   Thumb Code    76  i2c.o(i.MX_I2C1_Init)
    MX_RTC_Init                              0x08001e2d   Thumb Code    42  rtc.o(i.MX_RTC_Init)
    MX_SPI1_Init                             0x08001e61   Thumb Code    66  spi.o(i.MX_SPI1_Init)
    MX_USART1_UART_Init                      0x08001ead   Thumb Code    48  usart.o(i.MX_USART1_UART_Init)
    NMI_Handler                              0x08001ee5   Thumb Code     2  stm32f0xx_it.o(i.NMI_Handler)
    PendSV_Handler                           0x08001ee7   Thumb Code     2  stm32f0xx_it.o(i.PendSV_Handler)
    RTC_Bcd2ToByte                           0x08001ee9   Thumb Code    16  stm32f0xx_hal_rtc.o(i.RTC_Bcd2ToByte)
    RTC_ByteToBcd2                           0x08001ef9   Thumb Code    22  stm32f0xx_hal_rtc.o(i.RTC_ByteToBcd2)
    RTC_EnterInitMode                        0x08001f0f   Thumb Code    56  stm32f0xx_hal_rtc.o(i.RTC_EnterInitMode)
    SD_PowerOn                               0x08001f47   Thumb Code    10  sd.o(i.SD_PowerOn)
    SPI_ReceiveByte                          0x08002027   Thumb Code    10  sd.o(i.SPI_ReceiveByte)
    SPIx_WriteRead                           0x080021c1   Thumb Code    50  sd.o(i.SPIx_WriteRead)
    SVC_Handler                              0x080021f9   Thumb Code     2  stm32f0xx_it.o(i.SVC_Handler)
    SysTick_Handler                          0x080021fb   Thumb Code     8  stm32f0xx_it.o(i.SysTick_Handler)
    SystemClock_Config                       0x08002205   Thumb Code   128  main.o(i.SystemClock_Config)
    SystemInit                               0x08002289   Thumb Code     2  system_stm32f0xx.o(i.SystemInit)
    UART_AdvFeatureConfig                    0x0800228b   Thumb Code   202  stm32f0xx_hal_uart.o(i.UART_AdvFeatureConfig)
    UART_CheckIdleState                      0x08002355   Thumb Code    94  stm32f0xx_hal_uart.o(i.UART_CheckIdleState)
    UART_SetConfig                           0x0800242d   Thumb Code   268  stm32f0xx_hal_uart.o(i.UART_SetConfig)
    UART_WaitOnFlagUntilTimeout              0x08002549   Thumb Code   212  stm32f0xx_hal_uart.o(i.UART_WaitOnFlagUntilTimeout)
    USART1_IRQHandler                        0x0800261d   Thumb Code    10  stm32f0xx_it.o(i.USART1_IRQHandler)
    USER_initialize                          0x0800262d   Thumb Code    10  user_diskio.o(i.USER_initialize)
    USER_ioctl                               0x0800263d   Thumb Code     4  user_diskio.o(i.USER_ioctl)
    USER_read                                0x08002641   Thumb Code     4  user_diskio.o(i.USER_read)
    USER_status                              0x08002645   Thumb Code    10  user_diskio.o(i.USER_status)
    USER_write                               0x08002655   Thumb Code     4  user_diskio.o(i.USER_write)
    __0sprintf$8                             0x08002659   Thumb Code    36  printf8.o(i.__0sprintf$8)
    __1sprintf$8                             0x08002659   Thumb Code     0  printf8.o(i.__0sprintf$8)
    __2sprintf                               0x08002659   Thumb Code     0  printf8.o(i.__0sprintf$8)
    __ARM_common_ll_muluu                    0x08002681   Thumb Code    48  stm32f0xx_hal_rcc.o(i.__ARM_common_ll_muluu)
    __scatterload_copy                       0x080026f5   Thumb Code    14  handlers.o(i.__scatterload_copy)
    __scatterload_null                       0x08002703   Thumb Code     2  handlers.o(i.__scatterload_null)
    __scatterload_zeroinit                   0x08002705   Thumb Code    14  handlers.o(i.__scatterload_zeroinit)
    main                                     0x08002b95   Thumb Code   146  main.o(i.main)
    sd_ini                                   0x08002c41   Thumb Code   182  sd.o(i.sd_ini)
    ssd1306_DrawPixel                        0x08002d2d   Thumb Code    42  ssd1306.o(i.ssd1306_DrawPixel)
    ssd1306_Fill                             0x08002d5d   Thumb Code    30  ssd1306.o(i.ssd1306_Fill)
    ssd1306_Init                             0x08002d81   Thumb Code   194  ssd1306.o(i.ssd1306_Init)
    ssd1306_SetContrast                      0x08002e49   Thumb Code    18  ssd1306.o(i.ssd1306_SetContrast)
    ssd1306_SetCursor                        0x08002e5d   Thumb Code     8  ssd1306.o(i.ssd1306_SetCursor)
    ssd1306_SetDisplayOn                     0x08002e69   Thumb Code    26  ssd1306.o(i.ssd1306_SetDisplayOn)
    ssd1306_UpdateScreen                     0x08002e89   Thumb Code    48  ssd1306.o(i.ssd1306_UpdateScreen)
    ssd1306_WriteChar                        0x08002ebd   Thumb Code   146  ssd1306.o(i.ssd1306_WriteChar)
    ssd1306_WriteCommand                     0x08002f55   Thumb Code    34  ssd1306.o(i.ssd1306_WriteCommand)
    ssd1306_WriteData                        0x08002f7d   Thumb Code    28  ssd1306.o(i.ssd1306_WriteData)
    ssd1306_WriteString                      0x08002f9d   Thumb Code    44  ssd1306.o(i.ssd1306_WriteString)
    ssd1306_printtime                        0x08002fc9   Thumb Code   116  main.o(i.ssd1306_printtime)
    AHBPrescTable                            0x08003bcc   Data          16  system_stm32f0xx.o(.constdata)
    APBPrescTable                            0x08003bdc   Data           8  system_stm32f0xx.o(.constdata)
    Region$$Table$$Base                      0x08003be4   Number         0  anon$$obj.o(Region$$Table)
    Region$$Table$$Limit                     0x08003c04   Number         0  anon$$obj.o(Region$$Table)
    Font_11x18                               0x20000008   Data           8  ssd1306_fonts.o(.data)
    Font_16x26                               0x20000010   Data           8  ssd1306_fonts.o(.data)
    sdinfo                                   0x20000018   Data           1  sd.o(.data)
    DateToUpdate                             0x20000019   Data           4  main.o(.data)
    uwTickFreq                               0x20000020   Data           1  stm32f0xx_hal.o(.data)
    uwTickPrio                               0x20000024   Data           4  stm32f0xx_hal.o(.data)
    uwTick                                   0x20000028   Data           4  stm32f0xx_hal.o(.data)
    SystemCoreClock                          0x2000002c   Data           4  system_stm32f0xx.o(.data)
    USER_Driver                              0x20000034   Data          20  user_diskio.o(.data)
    retUSER                                  0x20000048   Data           1  fatfs.o(.data)
    USERPath                                 0x20000049   Data           4  fatfs.o(.data)
    str1                                     0x20000450   Data          60  sd.o(.bss)
    sTime                                    0x20000490   Data          20  main.o(.bss)
    buff                                     0x200004a4   Data         100  main.o(.bss)
    MPU6050                                  0x20000508   Data          88  main.o(.bss)
    hi2c1                                    0x20000560   Data          76  i2c.o(.bss)
    hrtc                                     0x200005ac   Data          32  rtc.o(.bss)
    hspi1                                    0x200005cc   Data         100  spi.o(.bss)
    huart1                                   0x20000630   Data         132  usart.o(.bss)
    disk                                     0x200006b4   Data          12  ff_gen_drv.o(.bss)
    __initial_sp                             0x20000ac0   Data           0  startup_stm32f030x6.o(STACK)



==============================================================================

Memory Map of the image

  Image Entry point : 0x080000b1

  Load Region LR_IROM1 (Base: 0x08000000, Size: 0x00003c54, Max: 0x00004000, ABSOLUTE)

    Execution Region ER_IROM1 (Exec base: 0x08000000, Load base: 0x08000000, Size: 0x00003c04, Max: 0x00004000, ABSOLUTE)

    Exec Addr    Load Addr    Size         Type   Attr      Idx    E Section Name        Object

    0x08000000   0x08000000   0x000000b0   Data   RO            3    RESET               startup_stm32f030x6.o
    0x080000b0   0x080000b0   0x00000000   Code   RO         3950  * .ARM.Collect$$$$00000000  mc_p.l(entry.o)
    0x080000b0   0x080000b0   0x00000004   Code   RO         4288    .ARM.Collect$$$$00000001  mc_p.l(entry2.o)
    0x080000b4   0x080000b4   0x00000004   Code   RO         4291    .ARM.Collect$$$$00000004  mc_p.l(entry5.o)
    0x080000b8   0x080000b8   0x00000000   Code   RO         4293    .ARM.Collect$$$$00000008  mc_p.l(entry7b.o)
    0x080000b8   0x080000b8   0x00000000   Code   RO         4295    .ARM.Collect$$$$0000000A  mc_p.l(entry8b.o)
    0x080000b8   0x080000b8   0x00000008   Code   RO         4296    .ARM.Collect$$$$0000000B  mc_p.l(entry9a.o)
    0x080000c0   0x080000c0   0x00000004   Code   RO         4303    .ARM.Collect$$$$0000000E  mc_p.l(entry12b.o)
    0x080000c4   0x080000c4   0x00000000   Code   RO         4298    .ARM.Collect$$$$0000000F  mc_p.l(entry10a.o)
    0x080000c4   0x080000c4   0x00000000   Code   RO         4300    .ARM.Collect$$$$00000011  mc_p.l(entry11a.o)
    0x080000c4   0x080000c4   0x00000004   Code   RO         4289    .ARM.Collect$$$$00002712  mc_p.l(entry2.o)
    0x080000c8   0x080000c8   0x0000001c   Code   RO            4    .text               startup_stm32f030x6.o
    0x080000e4   0x080000e4   0x0000002c   Code   RO         3953    .text               mc_p.l(uidiv.o)
    0x08000110   0x08000110   0x00000060   Code   RO         3955    .text               mc_p.l(uldiv.o)
    0x08000170   0x08000170   0x00000022   Code   RO         3957    .text               mc_p.l(llushr.o)
    0x08000192   0x08000192   0x00000024   Code   RO         3963    .text               mc_p.l(memseta.o)
    0x080001b6   0x080001b6   0x0000000e   Code   RO         3965    .text               mc_p.l(strlen.o)
    0x080001c4   0x080001c4   0x00000020   Code   RO         4307    .text               mc_p.l(llshl.o)
    0x080001e4   0x080001e4   0x00000024   Code   RO         4333    .text               mc_p.l(init.o)
    0x08000208   0x08000208   0x00000004   Code   RO          510    i.Error_Handler     main.o
    0x0800020c   0x0800020c   0x0000000a   Code   RO         3833    i.FATFS_LinkDriver  ff_gen_drv.o
    0x08000216   0x08000216   0x00000002   PAD
    0x08000218   0x08000218   0x00000040   Code   RO         3834    i.FATFS_LinkDriverEx  ff_gen_drv.o
    0x08000258   0x08000258   0x00000040   Code   RO         1689    i.HAL_DMA_Abort     stm32f0xx_hal_dma.o
    0x08000298   0x08000298   0x00000048   Code   RO         1690    i.HAL_DMA_Abort_IT  stm32f0xx_hal_dma.o
    0x080002e0   0x080002e0   0x00000024   Code   RO          976    i.HAL_Delay         stm32f0xx_hal.o
    0x08000304   0x08000304   0x000001a4   Code   RO         1628    i.HAL_GPIO_Init     stm32f0xx_hal_gpio.o
    0x080004a8   0x080004a8   0x0000000c   Code   RO         1632    i.HAL_GPIO_WritePin  stm32f0xx_hal_gpio.o
    0x080004b4   0x080004b4   0x0000000c   Code   RO          980    i.HAL_GetTick       stm32f0xx_hal.o
    0x080004c0   0x080004c0   0x0000004a   Code   RO         1587    i.HAL_I2CEx_ConfigAnalogFilter  stm32f0xx_hal_i2c_ex.o
    0x0800050a   0x0800050a   0x00000048   Code   RO         1588    i.HAL_I2CEx_ConfigDigitalFilter  stm32f0xx_hal_i2c_ex.o
    0x08000552   0x08000552   0x00000002   PAD
    0x08000554   0x08000554   0x000000b4   Code   RO         1140    i.HAL_I2C_Init      stm32f0xx_hal_i2c.o
    0x08000608   0x08000608   0x00000154   Code   RO         1158    i.HAL_I2C_Mem_Read  stm32f0xx_hal_i2c.o
    0x0800075c   0x0800075c   0x0000014c   Code   RO         1161    i.HAL_I2C_Mem_Write  stm32f0xx_hal_i2c.o
    0x080008a8   0x080008a8   0x00000064   Code   RO          620    i.HAL_I2C_MspInit   i2c.o
    0x0800090c   0x0800090c   0x00000010   Code   RO          986    i.HAL_IncTick       stm32f0xx_hal.o
    0x0800091c   0x0800091c   0x00000020   Code   RO          987    i.HAL_Init          stm32f0xx_hal.o
    0x0800093c   0x0800093c   0x00000044   Code   RO          988    i.HAL_InitTick      stm32f0xx_hal.o
    0x08000980   0x08000980   0x00000028   Code   RO          825    i.HAL_MspInit       stm32f0xx_hal_msp.o
    0x080009a8   0x080009a8   0x00000018   Code   RO         1787    i.HAL_NVIC_EnableIRQ  stm32f0xx_hal_cortex.o
    0x080009c0   0x080009c0   0x00000008   Code   RO         1791    i.HAL_NVIC_SetPriority  stm32f0xx_hal_cortex.o
    0x080009c8   0x080009c8   0x000000e8   Code   RO          941    i.HAL_RCCEx_PeriphCLKConfig  stm32f0xx_hal_rcc_ex.o
    0x08000ab0   0x08000ab0   0x00000108   Code   RO          846    i.HAL_RCC_ClockConfig  stm32f0xx_hal_rcc.o
    0x08000bb8   0x08000bb8   0x00000020   Code   RO          853    i.HAL_RCC_GetPCLK1Freq  stm32f0xx_hal_rcc.o
    0x08000bd8   0x08000bd8   0x00000080   Code   RO          854    i.HAL_RCC_GetSysClockFreq  stm32f0xx_hal_rcc.o
    0x08000c58   0x08000c58   0x00000388   Code   RO          857    i.HAL_RCC_OscConfig  stm32f0xx_hal_rcc.o
    0x08000fe0   0x08000fe0   0x00000044   Code   RO         2227    i.HAL_RTC_GetDate   stm32f0xx_hal_rtc.o
    0x08001024   0x08001024   0x0000005c   Code   RO         2229    i.HAL_RTC_GetTime   stm32f0xx_hal_rtc.o
    0x08001080   0x08001080   0x000000b4   Code   RO         2230    i.HAL_RTC_Init      stm32f0xx_hal_rtc.o
    0x08001134   0x08001134   0x00000020   Code   RO          658    i.HAL_RTC_MspInit   rtc.o
    0x08001154   0x08001154   0x000000dc   Code   RO         2237    i.HAL_RTC_SetTime   stm32f0xx_hal_rtc.o
    0x08001230   0x08001230   0x00000034   Code   RO         2238    i.HAL_RTC_WaitForSynchro  stm32f0xx_hal_rtc.o
    0x08001264   0x08001264   0x000000ee   Code   RO         2537    i.HAL_SPI_Init      stm32f0xx_hal_spi.o
    0x08001352   0x08001352   0x00000002   PAD
    0x08001354   0x08001354   0x0000005c   Code   RO          696    i.HAL_SPI_MspInit   spi.o
    0x080013b0   0x080013b0   0x000001f2   Code   RO         2546    i.HAL_SPI_TransmitReceive  stm32f0xx_hal_spi.o
    0x080015a2   0x080015a2   0x00000002   PAD
    0x080015a4   0x080015a4   0x00000030   Code   RO         1795    i.HAL_SYSTICK_Config  stm32f0xx_hal_cortex.o
    0x080015d4   0x080015d4   0x00000002   Code   RO         2904    i.HAL_UARTEx_RxEventCallback  stm32f0xx_hal_uart.o
    0x080015d6   0x080015d6   0x00000002   Code   RO         2920    i.HAL_UART_ErrorCallback  stm32f0xx_hal_uart.o
    0x080015d8   0x080015d8   0x0000028c   Code   RO         2923    i.HAL_UART_IRQHandler  stm32f0xx_hal_uart.o
    0x08001864   0x08001864   0x0000006a   Code   RO         2924    i.HAL_UART_Init     stm32f0xx_hal_uart.o
    0x080018ce   0x080018ce   0x00000002   PAD
    0x080018d0   0x080018d0   0x00000070   Code   RO          734    i.HAL_UART_MspInit  usart.o
    0x08001940   0x08001940   0x000000d2   Code   RO         2933    i.HAL_UART_Transmit  stm32f0xx_hal_uart.o
    0x08001a12   0x08001a12   0x00000002   Code   RO         2936    i.HAL_UART_TxCpltCallback  stm32f0xx_hal_uart.o
    0x08001a14   0x08001a14   0x00000002   Code   RO          771    i.HardFault_Handler  stm32f0xx_it.o
    0x08001a16   0x08001a16   0x00000022   Code   RO         1187    i.I2C_Flush_TXDR    stm32f0xx_hal_i2c.o
    0x08001a38   0x08001a38   0x00000088   Code   RO         1195    i.I2C_IsAcknowledgeFailed  stm32f0xx_hal_i2c.o
    0x08001ac0   0x08001ac0   0x00000060   Code   RO         1198    i.I2C_RequestMemoryRead  stm32f0xx_hal_i2c.o
    0x08001b20   0x08001b20   0x00000060   Code   RO         1199    i.I2C_RequestMemoryWrite  stm32f0xx_hal_i2c.o
    0x08001b80   0x08001b80   0x00000028   Code   RO         1202    i.I2C_TransferConfig  stm32f0xx_hal_i2c.o
    0x08001ba8   0x08001ba8   0x0000004e   Code   RO         1204    i.I2C_WaitOnFlagUntilTimeout  stm32f0xx_hal_i2c.o
    0x08001bf6   0x08001bf6   0x0000004c   Code   RO         1206    i.I2C_WaitOnSTOPFlagUntilTimeout  stm32f0xx_hal_i2c.o
    0x08001c42   0x08001c42   0x00000050   Code   RO         1207    i.I2C_WaitOnTXISFlagUntilTimeout  stm32f0xx_hal_i2c.o
    0x08001c92   0x08001c92   0x0000008c   Code   RO          374    i.MPU6050_Init      mpu6050.o
    0x08001d1e   0x08001d1e   0x00000050   Code   RO          376    i.MPU6050_Read_All  mpu6050.o
    0x08001d6e   0x08001d6e   0x00000002   PAD
    0x08001d70   0x08001d70   0x0000001c   Code   RO         3405    i.MX_FATFS_Init     fatfs.o
    0x08001d8c   0x08001d8c   0x00000048   Code   RO          599    i.MX_GPIO_Init      gpio.o
    0x08001dd4   0x08001dd4   0x00000058   Code   RO          621    i.MX_I2C1_Init      i2c.o
    0x08001e2c   0x08001e2c   0x00000034   Code   RO          659    i.MX_RTC_Init       rtc.o
    0x08001e60   0x08001e60   0x0000004c   Code   RO          697    i.MX_SPI1_Init      spi.o
    0x08001eac   0x08001eac   0x00000038   Code   RO          735    i.MX_USART1_UART_Init  usart.o
    0x08001ee4   0x08001ee4   0x00000002   Code   RO          772    i.NMI_Handler       stm32f0xx_it.o
    0x08001ee6   0x08001ee6   0x00000002   Code   RO          773    i.PendSV_Handler    stm32f0xx_it.o
    0x08001ee8   0x08001ee8   0x00000010   Code   RO         2239    i.RTC_Bcd2ToByte    stm32f0xx_hal_rtc.o
    0x08001ef8   0x08001ef8   0x00000016   Code   RO         2240    i.RTC_ByteToBcd2    stm32f0xx_hal_rtc.o
    0x08001f0e   0x08001f0e   0x00000038   Code   RO         2241    i.RTC_EnterInitMode  stm32f0xx_hal_rtc.o
    0x08001f46   0x08001f46   0x0000000a   Code   RO          446    i.SD_PowerOn        sd.o
    0x08001f50   0x08001f50   0x0000008a   Code   RO          447    i.SD_cmd            sd.o
    0x08001fda   0x08001fda   0x0000004c   Code   RO         2575    i.SPI_EndRxTxTransaction  stm32f0xx_hal_spi.o
    0x08002026   0x08002026   0x0000000a   Code   RO          448    i.SPI_ReceiveByte   sd.o
    0x08002030   0x08002030   0x000000d8   Code   RO         2580    i.SPI_WaitFifoStateUntilTimeout  stm32f0xx_hal_spi.o
    0x08002108   0x08002108   0x000000b8   Code   RO         2581    i.SPI_WaitFlagStateUntilTimeout  stm32f0xx_hal_spi.o
    0x080021c0   0x080021c0   0x00000038   Code   RO          451    i.SPIx_WriteRead    sd.o
    0x080021f8   0x080021f8   0x00000002   Code   RO          774    i.SVC_Handler       stm32f0xx_it.o
    0x080021fa   0x080021fa   0x00000008   Code   RO          775    i.SysTick_Handler   stm32f0xx_it.o
    0x08002202   0x08002202   0x00000002   PAD
    0x08002204   0x08002204   0x00000084   Code   RO          511    i.SystemClock_Config  main.o
    0x08002288   0x08002288   0x00000002   Code   RO         3321    i.SystemInit        system_stm32f0xx.o
    0x0800228a   0x0800228a   0x000000ca   Code   RO         2938    i.UART_AdvFeatureConfig  stm32f0xx_hal_uart.o
    0x08002354   0x08002354   0x00000064   Code   RO         2939    i.UART_CheckIdleState  stm32f0xx_hal_uart.o
    0x080023b8   0x080023b8   0x00000014   Code   RO         2940    i.UART_DMAAbortOnError  stm32f0xx_hal_uart.o
    0x080023cc   0x080023cc   0x0000005e   Code   RO         2950    i.UART_EndRxTransfer  stm32f0xx_hal_uart.o
    0x0800242a   0x0800242a   0x00000002   PAD
    0x0800242c   0x0800242c   0x0000011c   Code   RO         2954    i.UART_SetConfig    stm32f0xx_hal_uart.o
    0x08002548   0x08002548   0x000000d4   Code   RO         2959    i.UART_WaitOnFlagUntilTimeout  stm32f0xx_hal_uart.o
    0x0800261c   0x0800261c   0x00000010   Code   RO          776    i.USART1_IRQHandler  stm32f0xx_it.o
    0x0800262c   0x0800262c   0x00000010   Code   RO         3354    i.USER_initialize   user_diskio.o
    0x0800263c   0x0800263c   0x00000004   Code   RO         3355    i.USER_ioctl        user_diskio.o
    0x08002640   0x08002640   0x00000004   Code   RO         3356    i.USER_read         user_diskio.o
    0x08002644   0x08002644   0x00000010   Code   RO         3357    i.USER_status       user_diskio.o
    0x08002654   0x08002654   0x00000004   Code   RO         3358    i.USER_write        user_diskio.o
    0x08002658   0x08002658   0x00000028   Code   RO         4180    i.__0sprintf$8      mc_p.l(printf8.o)
    0x08002680   0x08002680   0x00000030   Code   RO          931    i.__ARM_common_ll_muluu  stm32f0xx_hal_rcc.o
    0x080026b0   0x080026b0   0x00000044   Code   RO         1797    i.__NVIC_SetPriority  stm32f0xx_hal_cortex.o
    0x080026f4   0x080026f4   0x0000000e   Code   RO         4339    i.__scatterload_copy  mc_p.l(handlers.o)
    0x08002702   0x08002702   0x00000002   Code   RO         4340    i.__scatterload_null  mc_p.l(handlers.o)
    0x08002704   0x08002704   0x0000000e   Code   RO         4341    i.__scatterload_zeroinit  mc_p.l(handlers.o)
    0x08002712   0x08002712   0x00000002   PAD
    0x08002714   0x08002714   0x00000428   Code   RO         4185    i._printf_core      mc_p.l(printf8.o)
    0x08002b3c   0x08002b3c   0x00000020   Code   RO         4186    i._printf_post_padding  mc_p.l(printf8.o)
    0x08002b5c   0x08002b5c   0x0000002c   Code   RO         4187    i._printf_pre_padding  mc_p.l(printf8.o)
    0x08002b88   0x08002b88   0x0000000a   Code   RO         4189    i._sputc            mc_p.l(printf8.o)
    0x08002b92   0x08002b92   0x00000002   PAD
    0x08002b94   0x08002b94   0x000000ac   Code   RO          512    i.main              main.o
    0x08002c40   0x08002c40   0x000000ec   Code   RO          452    i.sd_ini            sd.o
    0x08002d2c   0x08002d2c   0x00000030   Code   RO           15    i.ssd1306_DrawPixel  ssd1306.o
    0x08002d5c   0x08002d5c   0x00000024   Code   RO           17    i.ssd1306_Fill      ssd1306.o
    0x08002d80   0x08002d80   0x000000c8   Code   RO           20    i.ssd1306_Init      ssd1306.o
    0x08002e48   0x08002e48   0x00000012   Code   RO           25    i.ssd1306_SetContrast  ssd1306.o
    0x08002e5a   0x08002e5a   0x00000002   PAD
    0x08002e5c   0x08002e5c   0x0000000c   Code   RO           26    i.ssd1306_SetCursor  ssd1306.o
    0x08002e68   0x08002e68   0x00000020   Code   RO           27    i.ssd1306_SetDisplayOn  ssd1306.o
    0x08002e88   0x08002e88   0x00000034   Code   RO           28    i.ssd1306_UpdateScreen  ssd1306.o
    0x08002ebc   0x08002ebc   0x00000098   Code   RO           29    i.ssd1306_WriteChar  ssd1306.o
    0x08002f54   0x08002f54   0x00000028   Code   RO           30    i.ssd1306_WriteCommand  ssd1306.o
    0x08002f7c   0x08002f7c   0x00000020   Code   RO           31    i.ssd1306_WriteData  ssd1306.o
    0x08002f9c   0x08002f9c   0x0000002c   Code   RO           32    i.ssd1306_WriteString  ssd1306.o
    0x08002fc8   0x08002fc8   0x000000ac   Code   RO          513    i.ssd1306_printtime  main.o
    0x08003074   0x08003074   0x000004a4   Data   RO          270    .constdata          ssd1306_fonts.o
    0x08003518   0x08003518   0x000006b4   Data   RO          271    .constdata          ssd1306_fonts.o
    0x08003bcc   0x08003bcc   0x00000010   Data   RO         3322    .constdata          system_stm32f0xx.o
    0x08003bdc   0x08003bdc   0x00000008   Data   RO         3323    .constdata          system_stm32f0xx.o
    0x08003be4   0x08003be4   0x00000020   Data   RO         4337    Region$$Table       anon$$obj.o


    Execution Region RW_IRAM1 (Exec base: 0x20000000, Load base: 0x08003c04, Size: 0x00000ac0, Max: 0x00001000, ABSOLUTE)

    Exec Addr    Load Addr    Size         Type   Attr      Idx    E Section Name        Object

    0x20000000   0x08003c04   0x00000006   Data   RW           34    .data               ssd1306.o
    0x20000006   0x08003c0a   0x00000002   PAD
    0x20000008   0x08003c0c   0x00000008   Data   RW          273    .data               ssd1306_fonts.o
    0x20000010   0x08003c14   0x00000008   Data   RW          274    .data               ssd1306_fonts.o
    0x20000018   0x08003c1c   0x00000001   Data   RW          454    .data               sd.o
    0x20000019   0x08003c1d   0x00000004   Data   RW          516    .data               main.o
    0x2000001d   0x08003c21   0x00000003   PAD
    0x20000020   0x08003c24   0x0000000c   Data   RW          994    .data               stm32f0xx_hal.o
    0x2000002c   0x08003c30   0x00000004   Data   RW         3324    .data               system_stm32f0xx.o
    0x20000030   0x08003c34   0x00000001   Data   RW         3359    .data               user_diskio.o
    0x20000031   0x08003c35   0x00000003   PAD
    0x20000034   0x08003c38   0x00000014   Data   RW         3360    .data               user_diskio.o
    0x20000048   0x08003c4c   0x00000005   Data   RW         3409    .data               fatfs.o
    0x2000004d   0x08003c51   0x00000003   PAD
    0x20000050        -       0x00000400   Zero   RW           33    .bss                ssd1306.o
    0x20000450        -       0x0000003c   Zero   RW          453    .bss                sd.o
    0x2000048c   0x08003c51   0x00000004   PAD
    0x20000490        -       0x000000d0   Zero   RW          514    .bss                main.o
    0x20000560        -       0x0000004c   Zero   RW          622    .bss                i2c.o
    0x200005ac        -       0x00000020   Zero   RW          660    .bss                rtc.o
    0x200005cc        -       0x00000064   Zero   RW          698    .bss                spi.o
    0x20000630        -       0x00000084   Zero   RW          736    .bss                usart.o
    0x200006b4        -       0x0000000c   Zero   RW         3837    .bss                ff_gen_drv.o
    0x200006c0        -       0x00000400   Zero   RW            1    STACK               startup_stm32f030x6.o


==============================================================================

Image component sizes


      Code (inc. data)   RO Data    RW Data    ZI Data      Debug   Object Name

        28         10          0          5          0       1046   fatfs.o
        74          4          0          0         12       1587   ff_gen_drv.o
        72          4          0          0          0        811   gpio.o
       188         20          0          0         76       1605   i2c.o
       480         86          0          4        208      15888   main.o
       220          0          0          0          0       5450   mpu6050.o
        84         20          0          0         32       1375   rtc.o
       450         60          0          1         60       3854   sd.o
       168         18          0          0        100       1597   spi.o
       666         48          0          6       1024     268955   ssd1306.o
         0          0       2904         16          0       1154   ssd1306_fonts.o
        28          8        176          0       1024        624   startup_stm32f030x6.o
       164         30          0         12          0       7777   stm32f0xx_hal.o
       148         24          0          0          0      10285   stm32f0xx_hal_cortex.o
       136          0          0          0          0       1727   stm32f0xx_hal_dma.o
       432         24          0          0          0       2116   stm32f0xx_hal_gpio.o
      1488         38          0          0          0      11294   stm32f0xx_hal_i2c.o
       146          0          0          0          0       1883   stm32f0xx_hal_i2c_ex.o
        40          6          0          0          0        814   stm32f0xx_hal_msp.o
      1376         92          0          0          0       4617   stm32f0xx_hal_rcc.o
       232         14          0          0          0       1352   stm32f0xx_hal_rcc_ex.o
       706         14          0          0          0       6186   stm32f0xx_hal_rtc.o
      1212          8          0          0          0       6301   stm32f0xx_hal_spi.o
      1886         34          0          0          0      15635   stm32f0xx_hal_uart.o
        32          6          0          0          0       2559   stm32f0xx_it.o
         2          0         24          4          0       1099   system_stm32f0xx.o
       168         16          0          0        132       1618   usart.o
        44         12          0         21          0       3060   user_diskio.o

    ----------------------------------------------------------------------
     10688        596       3136         80       2672     382269   Object Totals
         0          0         32          0          0          0   (incl. Generated)
        18          0          0         11          4          0   (incl. Padding)

    ----------------------------------------------------------------------

      Code (inc. data)   RO Data    RW Data    ZI Data      Debug   Library Member Name

         0          0          0          0          0          0   entry.o
         0          0          0          0          0          0   entry10a.o
         0          0          0          0          0          0   entry11a.o
         4          0          0          0          0          0   entry12b.o
         8          4          0          0          0          0   entry2.o
         4          0          0          0          0          0   entry5.o
         0          0          0          0          0          0   entry7b.o
         0          0          0          0          0          0   entry8b.o
         8          4          0          0          0          0   entry9a.o
        30          0          0          0          0          0   handlers.o
        36          8          0          0          0         68   init.o
        32          0          0          0          0         68   llshl.o
        34          0          0          0          0         68   llushr.o
        36          0          0          0          0        100   memseta.o
      1190         48          0          0          0        384   printf8.o
        14          0          0          0          0         60   strlen.o
        44          0          0          0          0         72   uidiv.o
        96          0          0          0          0         84   uldiv.o

    ----------------------------------------------------------------------
      1540         64          0          0          0        904   Library Totals
         4          0          0          0          0          0   (incl. Padding)

    ----------------------------------------------------------------------

      Code (inc. data)   RO Data    RW Data    ZI Data      Debug   Library Name

      1536         64          0          0          0        904   mc_p.l

    ----------------------------------------------------------------------
      1540         64          0          0          0        904   Library Totals

    ----------------------------------------------------------------------

==============================================================================


      Code (inc. data)   RO Data    RW Data    ZI Data      Debug   

     12228        660       3136         80       2672     378485   Grand Totals
     12228        660       3136         80       2672     378485   ELF Image Totals
     12228        660       3136         80          0          0   ROM Totals

==============================================================================

    Total RO  Size (Code + RO Data)                15364 (  15.00kB)
    Total RW  Size (RW Data + ZI Data)              2752 (   2.69kB)
    Total ROM Size (Code + RO Data + RW Data)      15444 (  15.08kB)

==============================================================================

