<html>
<body>
<pre>
<h1>µVision Build Log</h1>
<h2>Tool Versions:</h2>
IDE-Version: µVision V5.32.0.0
Copyright (C) 2020 ARM Ltd and ARM Germany GmbH. All rights reserved.
License Information: dimaib dimaib, 1, LIC=Q7GU5-GGAXA-8YLVV-P77T1-CZLP8-X8WFT
 
Tool Versions:
Toolchain:       MDK-ARM Professional  Version: 5.32.0.0
Toolchain Path:  C:\Keil_v5\ARM\ARMCC\Bin
C Compiler:      Armcc.exe V5.06 update 7 (build 960)
Assembler:       Armasm.exe V5.06 update 7 (build 960)
Linker/Locator:  ArmLink.exe V5.06 update 7 (build 960)
Library Manager: ArmAr.exe V5.06 update 7 (build 960)
Hex Converter:   FromElf.exe V5.06 update 7 (build 960)
CPU DLL:         SARMCM3.DLL V5.32.0.0
Dialog DLL:      DARMCM1.DLL V1.19.4.0
Target DLL:      STLink\ST-LINKIII-KEIL_SWO.dll V3.0.5.0
Dialog DLL:      TARMCM1.DLL V1.14.3.0
 
<h2>Project:</h2>
C:\Mega\02.Progect_h\14. Braslet_bth\braslet_bth\MDK-ARM\braslet_bth.uvprojx
Project File Date:  11/10/2021

<h2>Output:</h2>
*** Using Compiler 'V5.06 update 7 (build 960)', folder: 'C:\Keil_v5\ARM\ARMCC\Bin'
Build target 'braslet_bth'
compiling sd.c...
../Core/Inc/sd.h(10): warning:  #1295-D: Deprecated declaration SD_PowerOn - give arg types
  void SD_PowerOn();
../Core/Inc/sd.h(11): warning:  #1295-D: Deprecated declaration sd_ini - give arg types
  uint8_t sd_ini();
../Core/Inc/sd.h(33): warning:  #1-D: last line of file ends without a newline
  #endif /* SD_H_ */
..\Core\Src\sd.c(105): warning:  #223-D: function "sprintf" declared implicitly
  			sprintf(str1,"OCR: 0x%02X 0x%02X 0x%02X 0x%02Xrn",ocr[0],ocr[1],ocr[2],ocr[3]);
..\Core\Src\sd.c(115): warning:  #1-D: last line of file ends without a newline
  }
..\Core\Src\sd.c(87): warning:  #177-D: variable "tmr"  was declared but never referenced
    int16_t tmr;
..\Core\Src\sd.c: 6 warnings, 0 errors
linking...
Program Size: Code=12228 RO-data=3136 RW-data=80 ZI-data=2672  
FromELF: creating hex file...
"braslet_bth\braslet_bth.axf" - 0 Error(s), 6 Warning(s).

<h2>Software Packages used:</h2>

Package Vendor: ARM
                http://www.keil.com/pack/ARM.CMSIS.5.7.0.pack
                ARM.CMSIS.5.7.0
                CMSIS (Cortex Microcontroller Software Interface Standard)
   * Component: CORE Version: 5.4.0

Package Vendor: Keil
                http://www.keil.com/pack/Keil.STM32F0xx_DFP.2.1.0.pack
                Keil.STM32F0xx_DFP.2.1.0
                STMicroelectronics STM32F0 Series Device Support, Drivers and Examples

<h2>Collection of Component include folders:</h2>
  .\RTE\_braslet_bth
  C:\Users\dimaib\AppData\Local\Arm\Packs\ARM\CMSIS\5.7.0\CMSIS\Core\Include
  C:\Users\dimaib\AppData\Local\Arm\Packs\Keil\STM32F0xx_DFP\2.1.0\Drivers\CMSIS\Device\ST\STM32F0xx\Include

<h2>Collection of Component Files used:</h2>

   * Component: ARM::CMSIS:CORE:5.4.0
Build Time Elapsed:  00:00:02
</pre>
</body>
</html>
