Component: ARM Compiler 5.06 update 7 (build 960) Tool: armlink [4d3601]

==============================================================================

Section Cross References

    startup_stm32f103xb.o(STACK) refers (Special) to heapauxi.o(.text) for __use_two_region_memory
    startup_stm32f103xb.o(HEAP) refers (Special) to heapauxi.o(.text) for __use_two_region_memory
    startup_stm32f103xb.o(RESET) refers (Special) to heapauxi.o(.text) for __use_two_region_memory
    startup_stm32f103xb.o(RESET) refers to startup_stm32f103xb.o(STACK) for __initial_sp
    startup_stm32f103xb.o(RESET) refers to startup_stm32f103xb.o(.text) for Reset_Handler
    startup_stm32f103xb.o(RESET) refers to stm32f1xx_it.o(i.NMI_Handler) for NMI_Handler
    startup_stm32f103xb.o(RESET) refers to stm32f1xx_it.o(i.HardFault_Handler) for HardFault_Handler
    startup_stm32f103xb.o(RESET) refers to stm32f1xx_it.o(i.MemManage_Handler) for MemManage_Handler
    startup_stm32f103xb.o(RESET) refers to stm32f1xx_it.o(i.BusFault_Handler) for BusFault_Handler
    startup_stm32f103xb.o(RESET) refers to stm32f1xx_it.o(i.UsageFault_Handler) for UsageFault_Handler
    startup_stm32f103xb.o(RESET) refers to port.o(.emb_text) for SVC_Handler
    startup_stm32f103xb.o(RESET) refers to stm32f1xx_it.o(i.DebugMon_Handler) for DebugMon_Handler
    startup_stm32f103xb.o(RESET) refers to port.o(i.SysTick_Handler) for SysTick_Handler
    startup_stm32f103xb.o(RESET) refers to stm32f1xx_it.o(i.TIM1_UP_IRQHandler) for TIM1_UP_IRQHandler
    startup_stm32f103xb.o(RESET) refers to stm32f1xx_it.o(i.TIM2_IRQHandler) for TIM2_IRQHandler
    startup_stm32f103xb.o(RESET) refers to stm32f1xx_it.o(i.USART1_IRQHandler) for USART1_IRQHandler
    startup_stm32f103xb.o(.text) refers (Special) to heapauxi.o(.text) for __use_two_region_memory
    startup_stm32f103xb.o(.text) refers to system_stm32f1xx.o(i.SystemInit) for SystemInit
    startup_stm32f103xb.o(.text) refers to __main.o(!!!main) for __main
    startup_stm32f103xb.o(.text) refers to startup_stm32f103xb.o(HEAP) for Heap_Mem
    startup_stm32f103xb.o(.text) refers to startup_stm32f103xb.o(STACK) for Stack_Mem
    sd.o(i.SD_Read_Block) refers to sd.o(i.SD_cmd) for SD_cmd
    sd.o(i.SD_Read_Block) refers to sd.o(i.SPIx_WriteRead) for SPIx_WriteRead
    sd.o(i.SD_Read_Block) refers to sd.o(i.SPI_ReceiveByte) for SPI_ReceiveByte
    sd.o(i.SD_Write_Block) refers to sd.o(i.SD_cmd) for SD_cmd
    sd.o(i.SD_Write_Block) refers to sd.o(i.SPIx_WriteRead) for SPIx_WriteRead
    sd.o(i.SD_Write_Block) refers to sd.o(i.SPI_ReceiveByte) for SPI_ReceiveByte
    sd.o(i.SD_cmd) refers to stm32f1xx_hal_gpio.o(i.HAL_GPIO_WritePin) for HAL_GPIO_WritePin
    sd.o(i.SD_cmd) refers to sd.o(i.SPIx_WriteRead) for SPIx_WriteRead
    sd.o(i.SD_cmd) refers to sd.o(i.SPI_ReceiveByte) for SPI_ReceiveByte
    sd.o(i.SPI_ReceiveByte) refers to sd.o(i.SPIx_WriteRead) for SPIx_WriteRead
    sd.o(i.SPI_Release) refers to sd.o(i.SPIx_WriteRead) for SPIx_WriteRead
    sd.o(i.SPI_SendByte) refers to sd.o(i.SPIx_WriteRead) for SPIx_WriteRead
    sd.o(i.SPIx_WriteRead) refers to stm32f1xx_hal_spi.o(i.HAL_SPI_TransmitReceive) for HAL_SPI_TransmitReceive
    sd.o(i.SPIx_WriteRead) refers to stm32f1xx_hal_gpio.o(i.HAL_GPIO_WritePin) for HAL_GPIO_WritePin
    sd.o(i.SPIx_WriteRead) refers to spi.o(.bss) for hspi1
    sd.o(i.sd_ini) refers to stm32f1xx_hal.o(i.HAL_Delay) for HAL_Delay
    sd.o(i.sd_ini) refers to stm32f1xx_hal_gpio.o(i.HAL_GPIO_WritePin) for HAL_GPIO_WritePin
    sd.o(i.sd_ini) refers to sd.o(i.SPIx_WriteRead) for SPIx_WriteRead
    sd.o(i.sd_ini) refers to sd.o(i.SD_cmd) for SD_cmd
    sd.o(i.sd_ini) refers to sd.o(i.SPI_ReceiveByte) for SPI_ReceiveByte
    sd.o(i.sd_ini) refers to sd.o(.data) for .data
    ssd1306.o(i.ssd1306_DegToRad) refers to f2d.o(x$fpl$f2d) for __aeabi_f2d
    ssd1306.o(i.ssd1306_DegToRad) refers to dmul.o(x$fpl$dmul) for __aeabi_dmul
    ssd1306.o(i.ssd1306_DegToRad) refers to ddiv.o(x$fpl$ddiv) for __aeabi_ddiv
    ssd1306.o(i.ssd1306_DegToRad) refers to d2f.o(x$fpl$d2f) for __aeabi_d2f
    ssd1306.o(i.ssd1306_DrawArc) refers to ssd1306.o(i.ssd1306_NormalizeTo0_360) for ssd1306_NormalizeTo0_360
    ssd1306.o(i.ssd1306_DrawArc) refers to fflt_clz.o(x$fpl$ffltu) for __aeabi_ui2f
    ssd1306.o(i.ssd1306_DrawArc) refers to fdiv.o(x$fpl$fdiv) for __aeabi_fdiv
    ssd1306.o(i.ssd1306_DrawArc) refers to fmul.o(x$fpl$fmul) for __aeabi_fmul
    ssd1306.o(i.ssd1306_DrawArc) refers to ssd1306.o(i.ssd1306_DegToRad) for ssd1306_DegToRad
    ssd1306.o(i.ssd1306_DrawArc) refers to dflt_clz.o(x$fpl$dfltu) for __aeabi_ui2d
    ssd1306.o(i.ssd1306_DrawArc) refers to f2d.o(x$fpl$f2d) for __aeabi_f2d
    ssd1306.o(i.ssd1306_DrawArc) refers to sin.o(i.sin) for sin
    ssd1306.o(i.ssd1306_DrawArc) refers to dmul.o(x$fpl$dmul) for __aeabi_dmul
    ssd1306.o(i.ssd1306_DrawArc) refers to dfix.o(x$fpl$dfix) for __aeabi_d2iz
    ssd1306.o(i.ssd1306_DrawArc) refers to cos.o(i.cos) for cos
[...]
    i.prvResetNextTaskUnblockTime            0x08004430   Section        0  tasks.o(i.prvResetNextTaskUnblockTime)
    prvResetNextTaskUnblockTime              0x08004431   Thumb Code    26  tasks.o(i.prvResetNextTaskUnblockTime)
    i.prvTaskExitError                       0x08004450   Section        0  port.o(i.prvTaskExitError)
    prvTaskExitError                         0x08004451   Thumb Code    36  port.o(i.prvTaskExitError)
    i.pvPortMalloc                           0x08004478   Section        0  heap_4.o(i.pvPortMalloc)
    i.pxPortInitialiseStack                  0x08004550   Section        0  port.o(i.pxPortInitialiseStack)
    i.sd_ini                                 0x08004574   Section        0  sd.o(i.sd_ini)
    i.set_FirstBlock                         0x08004698   Section        0  functions.o(i.set_FirstBlock)
    i.split_uint32                           0x080046d8   Section        0  functions.o(i.split_uint32)
    i.ssd1306_DrawPixel                      0x080046ec   Section        0  ssd1306.o(i.ssd1306_DrawPixel)
    i.ssd1306_Fill                           0x0800471c   Section        0  ssd1306.o(i.ssd1306_Fill)
    i.ssd1306_Init                           0x0800473c   Section        0  ssd1306.o(i.ssd1306_Init)
    i.ssd1306_SetContrast                    0x08004804   Section        0  ssd1306.o(i.ssd1306_SetContrast)
    i.ssd1306_SetCursor                      0x08004818   Section        0  ssd1306.o(i.ssd1306_SetCursor)
    i.ssd1306_SetDisplayOn                   0x08004824   Section        0  ssd1306.o(i.ssd1306_SetDisplayOn)
    i.ssd1306_UpdateScreen                   0x0800483c   Section        0  ssd1306.o(i.ssd1306_UpdateScreen)
    i.ssd1306_WriteChar                      0x08004874   Section        0  ssd1306.o(i.ssd1306_WriteChar)
    i.ssd1306_WriteCommand                   0x08004914   Section        0  ssd1306.o(i.ssd1306_WriteCommand)
    i.ssd1306_WriteData                      0x08004938   Section        0  ssd1306.o(i.ssd1306_WriteData)
    i.ssd1306_WriteString                    0x08004958   Section        0  ssd1306.o(i.ssd1306_WriteString)
    i.ssd1306_printtime                      0x08004984   Section        0  ssd1306.o(i.ssd1306_printtime)
    i.system_init                            0x08004a50   Section        0  functions.o(i.system_init)
    i.unixtimetotime                         0x08004b10   Section        0  functions.o(i.unixtimetotime)
    i.uxListRemove                           0x08004b4c   Section        0  list.o(i.uxListRemove)
    i.vApplicationGetIdleTaskMemory          0x08004b74   Section        0  freertos.o(i.vApplicationGetIdleTaskMemory)
    i.vListInitialise                        0x08004b88   Section        0  list.o(i.vListInitialise)
    i.vListInitialiseItem                    0x08004b9e   Section        0  list.o(i.vListInitialiseItem)
    i.vListInsert                            0x08004ba4   Section        0  list.o(i.vListInsert)
    i.vListInsertEnd                         0x08004bd4   Section        0  list.o(i.vListInsertEnd)
    i.vPortEnterCritical                     0x08004bec   Section        0  port.o(i.vPortEnterCritical)
    i.vPortExitCritical                      0x08004c2c   Section        0  port.o(i.vPortExitCritical)
    i.vPortFree                              0x08004c54   Section        0  heap_4.o(i.vPortFree)
    i.vPortSetupTimerInterrupt               0x08004cb0   Section        0  port.o(i.vPortSetupTimerInterrupt)
    i.vTaskDelay                             0x08004cd4   Section        0  tasks.o(i.vTaskDelay)
    i.vTaskStartScheduler                    0x08004d20   Section        0  tasks.o(i.vTaskStartScheduler)
    i.vTaskSuspendAll                        0x08004d8c   Section        0  tasks.o(i.vTaskSuspendAll)
    i.vTaskSwitchContext                     0x08004d9c   Section        0  tasks.o(i.vTaskSwitchContext)
    i.xPortStartScheduler                    0x08004df8   Section        0  port.o(i.xPortStartScheduler)
    i.xTaskCreate                            0x08004ea0   Section        0  tasks.o(i.xTaskCreate)
    i.xTaskCreateStatic                      0x08004efa   Section        0  tasks.o(i.xTaskCreateStatic)
    i.xTaskIncrementTick                     0x08004f50   Section        0  tasks.o(i.xTaskIncrementTick)
    i.xTaskResumeAll                         0x08005018   Section        0  tasks.o(i.xTaskResumeAll)
    locale$$code                             0x080050dc   Section       44  lc_ctype_c.o(locale$$code)
    .constdata                               0x08005108   Section      972  ssd1306_fonts.o(.constdata)
    Font11x18                                0x08005108   Data         972  ssd1306_fonts.o(.constdata)
    .constdata                               0x080054d4   Section     1404  ssd1306_fonts.o(.constdata)
    Font16x26                                0x080054d4   Data        1404  ssd1306_fonts.o(.constdata)
    .constdata                               0x08005a50   Section      120  functions.o(.constdata)
    .constdata                               0x08005ac8   Section      140  freertos.o(.constdata)
    .constdata                               0x08005b54   Section       16  system_stm32f1xx.o(.constdata)
    .constdata                               0x08005b64   Section        8  system_stm32f1xx.o(.constdata)
    .constdata                               0x08005b6c   Section       17  __printf_flags_wp.o(.constdata)
    maptable                                 0x08005b6c   Data          17  __printf_flags_wp.o(.constdata)
    .constdata                               0x08005b7d   Section       12  _monlen.o(.constdata)
    .conststring                             0x08005b8c   Section       38  freertos.o(.conststring)
    .conststring                             0x08005bb4   Section       85  stm32f1xx_it.o(.conststring)
    locale$$data                             0x08005c2c   Section      272  lc_ctype_c.o(locale$$data)
    __lcctype_c_name                         0x08005c30   Data           2  lc_ctype_c.o(locale$$data)
    __lcctype_c_start                        0x08005c38   Data           0  lc_ctype_c.o(locale$$data)
    __lcctype_c_end                          0x08005d3c   Data           0  lc_ctype_c.o(locale$$data)
    .data                                    0x20000000   Section        1  sd.o(.data)
    .data                                    0x20000002   Section       14  ssd1306.o(.data)
    SSD1306                                  0x2000000a   Data           6  ssd1306.o(.data)
    .data                                    0x20000010   Section        8  ssd1306_fonts.o(.data)
    .data                                    0x20000018   Section        8  ssd1306_fonts.o(.data)
    .data                                    0x20000020   Section       12  functions.o(.data)
    .data                                    0x2000002c   Section       24  freertos.o(.data)
    .data                                    0x20000044   Section        1  stm32f1xx_it.o(.data)
    .data                                    0x20000048   Section       12  stm32f1xx_hal.o(.data)
    .data                                    0x20000054   Section        4  system_stm32f1xx.o(.data)
    .data                                    0x20000058   Section       60  tasks.o(.data)
    pxDelayedTaskList                        0x2000005c   Data           4  tasks.o(.data)
    pxOverflowDelayedTaskList                0x20000060   Data           4  tasks.o(.data)
    uxDeletedTasksWaitingCleanUp             0x20000064   Data           4  tasks.o(.data)
    uxCurrentNumberOfTasks                   0x20000068   Data           4  tasks.o(.data)
    xTickCount                               0x2000006c   Data           4  tasks.o(.data)
    uxTopReadyPriority                       0x20000070   Data           4  tasks.o(.data)
    xSchedulerRunning                        0x20000074   Data           4  tasks.o(.data)
    uxPendedTicks                            0x20000078   Data           4  tasks.o(.data)
    xYieldPending                            0x2000007c   Data           4  tasks.o(.data)
    xNumOfOverflows                          0x20000080   Data           4  tasks.o(.data)
    uxTaskNumber                             0x20000084   Data           4  tasks.o(.data)
    xNextTaskUnblockTime                     0x20000088   Data           4  tasks.o(.data)
    xIdleTaskHandle                          0x2000008c   Data           4  tasks.o(.data)
    uxSchedulerSuspended                     0x20000090   Data           4  tasks.o(.data)
    .data                                    0x20000094   Section       24  heap_4.o(.data)
    pxEnd                                    0x20000094   Data           4  heap_4.o(.data)
    xFreeBytesRemaining                      0x20000098   Data           4  heap_4.o(.data)
    xMinimumEverFreeBytesRemaining           0x2000009c   Data           4  heap_4.o(.data)
    xBlockAllocatedBit                       0x200000a0   Data           4  heap_4.o(.data)
    xStart                                   0x200000a4   Data           8  heap_4.o(.data)
    .data                                    0x200000ac   Section       12  port.o(.data)
    ucMaxSysCallPriority                     0x200000ac   Data           1  port.o(.data)
    uxCriticalNesting                        0x200000b0   Data           4  port.o(.data)
    ulMaxPRIGROUPValue                       0x200000b4   Data           4  port.o(.data)
    .bss                                     0x200000b8   Section     1034  ssd1306.o(.bss)
    SSD1306_Buffer                           0x200000c2   Data        1024  ssd1306.o(.bss)
    .bss                                     0x200004c8   Section     7284  freertos.o(.bss)
    xIdleTaskTCBBuffer                       0x20001ee8   Data          84  freertos.o(.bss)
    xIdleStack                               0x20001f3c   Data         512  freertos.o(.bss)
    .bss                                     0x2000213c   Section       84  i2c.o(.bss)
    .bss                                     0x20002190   Section       20  rtc.o(.bss)
    .bss                                     0x200021a4   Section       88  spi.o(.bss)
    .bss                                     0x200021fc   Section       72  tim.o(.bss)
    .bss                                     0x20002244   Section       68  usart.o(.bss)
    .bss                                     0x20002288   Section      200  stm32f1xx_it.o(.bss)
    .bss                                     0x20002350   Section       72  stm32f1xx_hal_timebase_tim.o(.bss)
    .bss                                     0x20002398   Section      240  tasks.o(.bss)
    pxReadyTasksLists                        0x20002398   Data         140  tasks.o(.bss)
    xDelayedTaskList1                        0x20002424   Data          20  tasks.o(.bss)
    xDelayedTaskList2                        0x20002438   Data          20  tasks.o(.bss)
    xPendingReadyList                        0x2000244c   Data          20  tasks.o(.bss)
    xTasksWaitingTermination                 0x20002460   Data          20  tasks.o(.bss)
    xSuspendedTaskList                       0x20002474   Data          20  tasks.o(.bss)
    .bss                                     0x20002488   Section     4200  heap_4.o(.bss)
    ucHeap                                   0x20002488   Data        4200  heap_4.o(.bss)
    .bss                                     0x200034f0   Section       96  libspace.o(.bss)
    HEAP                                     0x20003550   Section      512  startup_stm32f103xb.o(HEAP)
    Heap_Mem                                 0x20003550   Data         512  startup_stm32f103xb.o(HEAP)
    STACK                                    0x20003750   Section     1024  startup_stm32f103xb.o(STACK)
    Stack_Mem                                0x20003750   Data        1024  startup_stm32f103xb.o(STACK)
    __initial_sp                             0x20003b50   Data           0  startup_stm32f103xb.o(STACK)

    Global Symbols

    Symbol Name                              Value     Ov Type        Size  Object(Section)

    BuildAttributes$$THM_ISAv4$P$D$K$B$S$PE$A:L22UL41UL21$X:L11$S22US41US21$IEEE1$IW$USESV6$~STKCKD$USESV7$~SHL$OTIME$ROPI$IEEEX$EBA8$UX$STANDARDLIB$REQ8$PRES8$EABIv2 0x00000000   Number         0  anon$$obj.o ABSOLUTE
    __ARM_use_no_argv                        0x00000000   Number         0  main.o ABSOLUTE
    _printf_flags                            0x00000000   Number         0  printf_stubs.o ABSOLUTE
    _printf_return_value                     0x00000000   Number         0  printf_stubs.o ABSOLUTE
    _printf_sizespec                         0x00000000   Number         0  printf_stubs.o ABSOLUTE
    _printf_widthprec                        0x00000000   Number         0  printf_stubs.o ABSOLUTE
    __ARM_exceptions_init                     - Undefined Weak Reference
    __alloca_initialize                       - Undefined Weak Reference
    __arm_fini_                               - Undefined Weak Reference
    __arm_preinit_                            - Undefined Weak Reference
    __cpp_initialize__aeabi_                  - Undefined Weak Reference
    __cxa_finalize                            - Undefined Weak Reference
    __sigvec_lookup                           - Undefined Weak Reference
    _atexit_init                              - Undefined Weak Reference
    _call_atexit_fns                          - Undefined Weak Reference
    _clock_init                               - Undefined Weak Reference
    _fp_trap_init                             - Undefined Weak Reference
    _fp_trap_shutdown                         - Undefined Weak Reference
    _get_lc_collate                           - Undefined Weak Reference
    _get_lc_monetary                          - Undefined Weak Reference
    _get_lc_numeric                           - Undefined Weak Reference
    _get_lc_time                              - Undefined Weak Reference
    _getenv_init                              - Undefined Weak Reference
    _handle_redirection                       - Undefined Weak Reference
    _init_alloc                               - Undefined Weak Reference
    _init_user_alloc                          - Undefined Weak Reference
    _initio                                   - Undefined Weak Reference
    _printf_mbtowc                            - Undefined Weak Reference
    _printf_truncate_signed                   - Undefined Weak Reference
    _printf_truncate_unsigned                 - Undefined Weak Reference
    _rand_init                                - Undefined Weak Reference
    _signal_finish                            - Undefined Weak Reference
    _signal_init                              - Undefined Weak Reference
    _terminate_alloc                          - Undefined Weak Reference
    _terminate_user_alloc                     - Undefined Weak Reference
    _terminateio                              - Undefined Weak Reference
    __Vectors_Size                           0x000000ec   Number         0  startup_stm32f103xb.o ABSOLUTE
    __Vectors                                0x08000000   Data           4  startup_stm32f103xb.o(RESET)
    __Vectors_End                            0x080000ec   Data           0  startup_stm32f103xb.o(RESET)
    __main                                   0x080000ed   Thumb Code     8  __main.o(!!!main)
    __scatterload                            0x080000f5   Thumb Code     0  __scatter.o(!!!scatter)
    __scatterload_rt2                        0x080000f5   Thumb Code    44  __scatter.o(!!!scatter)
    __scatterload_rt2_thumb_only             0x080000f5   Thumb Code     0  __scatter.o(!!!scatter)
    __scatterload_null                       0x08000103   Thumb Code     0  __scatter.o(!!!scatter)
    __scatterload_copy                       0x08000129   Thumb Code    26  __scatter_copy.o(!!handler_copy)
    __scatterload_zeroinit                   0x08000145   Thumb Code    28  __scatter_zi.o(!!handler_zi)
    _printf_d                                0x08000161   Thumb Code     0  _printf_d.o(.ARM.Collect$$_printf_percent$$00000009)
    _printf_percent                          0x08000161   Thumb Code     0  _printf_percent.o(.ARM.Collect$$_printf_percent$$00000000)
    _printf_s                                0x08000167   Thumb Code     0  _printf_s.o(.ARM.Collect$$_printf_percent$$00000014)
    _printf_percent_end                      0x0800016d   Thumb Code     0  _printf_percent_end.o(.ARM.Collect$$_printf_percent$$00000017)
    __rt_lib_init                            0x08000171   Thumb Code     0  libinit.o(.ARM.Collect$$libinit$$00000000)
    __rt_lib_init_fp_1                       0x08000173   Thumb Code     0  libinit2.o(.ARM.Collect$$libinit$$00000002)
    __rt_lib_init_heap_1                     0x08000173   Thumb Code     0  libinit2.o(.ARM.Collect$$libinit$$0000000A)
    __rt_lib_init_lc_common                  0x08000173   Thumb Code     0  libinit2.o(.ARM.Collect$$libinit$$0000000F)
    __rt_lib_init_preinit_1                  0x08000173   Thumb Code     0  libinit2.o(.ARM.Collect$$libinit$$00000004)
    __rt_lib_init_rand_1                     0x08000173   Thumb Code     0  libinit2.o(.ARM.Collect$$libinit$$0000000E)
    __rt_lib_init_user_alloc_1               0x08000173   Thumb Code     0  libinit2.o(.ARM.Collect$$libinit$$0000000C)
    __rt_lib_init_lc_collate_1               0x08000179   Thumb Code     0  libinit2.o(.ARM.Collect$$libinit$$00000011)
    __rt_lib_init_lc_ctype_2                 0x08000179   Thumb Code     0  libinit2.o(.ARM.Collect$$libinit$$00000012)
    __rt_lib_init_alloca_1                   0x08000185   Thumb Code     0  libinit2.o(.ARM.Collect$$libinit$$0000002E)
    __rt_lib_init_argv_1                     0x08000185   Thumb Code     0  libinit2.o(.ARM.Collect$$libinit$$0000002C)
    __rt_lib_init_atexit_1                   0x08000185   Thumb Code     0  libinit2.o(.ARM.Collect$$libinit$$0000001B)
    __rt_lib_init_clock_1                    0x08000185   Thumb Code     0  libinit2.o(.ARM.Collect$$libinit$$00000021)
    __rt_lib_init_cpp_1                      0x08000185   Thumb Code     0  libinit2.o(.ARM.Collect$$libinit$$00000032)
    __rt_lib_init_exceptions_1               0x08000185   Thumb Code     0  libinit2.o(.ARM.Collect$$libinit$$00000030)
    __rt_lib_init_fp_trap_1                  0x08000185   Thumb Code     0  libinit2.o(.ARM.Collect$$libinit$$0000001F)
    __rt_lib_init_getenv_1                   0x08000185   Thumb Code     0  libinit2.o(.ARM.Collect$$libinit$$00000023)
    __rt_lib_init_lc_ctype_1                 0x08000185   Thumb Code     0  libinit2.o(.ARM.Collect$$libinit$$00000013)
    __rt_lib_init_lc_monetary_1              0x08000185   Thumb Code     0  libinit2.o(.ARM.Collect$$libinit$$00000015)
    __rt_lib_init_lc_numeric_1               0x08000185   Thumb Code     0  libinit2.o(.ARM.Collect$$libinit$$00000017)
    __rt_lib_init_lc_time_1                  0x08000185   Thumb Code     0  libinit2.o(.ARM.Collect$$libinit$$00000019)
    __rt_lib_init_return                     0x08000185   Thumb Code     0  libinit2.o(.ARM.Collect$$libinit$$00000033)
    __rt_lib_init_signal_1                   0x08000185   Thumb Code     0  libinit2.o(.ARM.Collect$$libinit$$0000001D)
    __rt_lib_init_stdio_1                    0x08000185   Thumb Code     0  libinit2.o(.ARM.Collect$$libinit$$00000025)
    __rt_lib_shutdown                        0x08000187   Thumb Code     0  libshutdown.o(.ARM.Collect$$libshutdown$$00000000)
    __rt_lib_shutdown_cpp_1                  0x08000189   Thumb Code     0  libshutdown2.o(.ARM.Collect$$libshutdown$$00000004)
    __rt_lib_shutdown_fini_1                 0x08000189   Thumb Code     0  libshutdown2.o(.ARM.Collect$$libshutdown$$00000002)
    __rt_lib_shutdown_fp_trap_1              0x08000189   Thumb Code     0  libshutdown2.o(.ARM.Collect$$libshutdown$$00000009)
    __rt_lib_shutdown_heap_1                 0x08000189   Thumb Code     0  libshutdown2.o(.ARM.Collect$$libshutdown$$00000011)
    __rt_lib_shutdown_return                 0x08000189   Thumb Code     0  libshutdown2.o(.ARM.Collect$$libshutdown$$00000012)
    __rt_lib_shutdown_signal_1               0x08000189   Thumb Code     0  libshutdown2.o(.ARM.Collect$$libshutdown$$0000000C)
    __rt_lib_shutdown_stdio_1                0x08000189   Thumb Code     0  libshutdown2.o(.ARM.Collect$$libshutdown$$00000006)
    __rt_lib_shutdown_user_alloc_1           0x08000189   Thumb Code     0  libshutdown2.o(.ARM.Collect$$libshutdown$$0000000E)
    __rt_entry                               0x0800018b   Thumb Code     0  __rtentry.o(.ARM.Collect$$rtentry$$00000000)
    __rt_entry_presh_1                       0x0800018b   Thumb Code     0  __rtentry2.o(.ARM.Collect$$rtentry$$00000002)
    __rt_entry_sh                            0x0800018b   Thumb Code     0  __rtentry4.o(.ARM.Collect$$rtentry$$00000004)
    __rt_entry_li                            0x08000191   Thumb Code     0  __rtentry2.o(.ARM.Collect$$rtentry$$0000000A)
    __rt_entry_postsh_1                      0x08000191   Thumb Code     0  __rtentry2.o(.ARM.Collect$$rtentry$$00000009)
    __rt_entry_main                          0x08000195   Thumb Code     0  __rtentry2.o(.ARM.Collect$$rtentry$$0000000D)
    __rt_entry_postli_1                      0x08000195   Thumb Code     0  __rtentry2.o(.ARM.Collect$$rtentry$$0000000C)
    __rt_exit                                0x0800019d   Thumb Code     0  rtexit.o(.ARM.Collect$$rtexit$$00000000)
    __rt_exit_ls                             0x0800019f   Thumb Code     0  rtexit2.o(.ARM.Collect$$rtexit$$00000003)
    __rt_exit_prels_1                        0x0800019f   Thumb Code     0  rtexit2.o(.ARM.Collect$$rtexit$$00000002)
    __rt_exit_exit                           0x080001a3   Thumb Code     0  rtexit2.o(.ARM.Collect$$rtexit$$00000004)
    SVC_Handler                              0x080001a9   Thumb Code    32  port.o(.emb_text)
    __asm___6_port_c_39a90d8d__prvStartFirstTask 0x080001cd   Thumb Code    28  port.o(.emb_text)
    PendSV_Handler                           0x080001ed   Thumb Code    72  port.o(.emb_text)
    vPortGetIPSR                             0x08000239   Thumb Code     6  port.o(.emb_text)
    Reset_Handler                            0x08000241   Thumb Code     8  startup_stm32f103xb.o(.text)
    ADC1_2_IRQHandler                        0x0800025b   Thumb Code     0  startup_stm32f103xb.o(.text)
    CAN1_RX1_IRQHandler                      0x0800025b   Thumb Code     0  startup_stm32f103xb.o(.text)
    CAN1_SCE_IRQHandler                      0x0800025b   Thumb Code     0  startup_stm32f103xb.o(.text)
    DMA1_Channel1_IRQHandler                 0x0800025b   Thumb Code     0  startup_stm32f103xb.o(.text)
    DMA1_Channel2_IRQHandler                 0x0800025b   Thumb Code     0  startup_stm32f103xb.o(.text)
    DMA1_Channel3_IRQHandler                 0x0800025b   Thumb Code     0  startup_stm32f103xb.o(.text)
    DMA1_Channel4_IRQHandler                 0x0800025b   Thumb Code     0  startup_stm32f103xb.o(.text)
    DMA1_Channel5_IRQHandler                 0x0800025b   Thumb Code     0  startup_stm32f103xb.o(.text)
    DMA1_Channel6_IRQHandler                 0x0800025b   Thumb Code     0  startup_stm32f103xb.o(.text)
    DMA1_Channel7_IRQHandler                 0x0800025b   Thumb Code     0  startup_stm32f103xb.o(.text)
    EXTI0_IRQHandler                         0x0800025b   Thumb Code     0  startup_stm32f103xb.o(.text)
    EXTI15_10_IRQHandler                     0x0800025b   Thumb Code     0  startup_stm32f103xb.o(.text)
    EXTI1_IRQHandler                         0x0800025b   Thumb Code     0  startup_stm32f103xb.o(.text)
    EXTI2_IRQHandler                         0x0800025b   Thumb Code     0  startup_stm32f103xb.o(.text)
    EXTI3_IRQHandler                         0x0800025b   Thumb Code     0  startup_stm32f103xb.o(.text)
    EXTI4_IRQHandler                         0x0800025b   Thumb Code     0  startup_stm32f103xb.o(.text)
    EXTI9_5_IRQHandler                       0x0800025b   Thumb Code     0  startup_stm32f103xb.o(.text)
    FLASH_IRQHandler                         0x0800025b   Thumb Code     0  startup_stm32f103xb.o(.text)
    I2C1_ER_IRQHandler                       0x0800025b   Thumb Code     0  startup_stm32f103xb.o(.text)
    I2C1_EV_IRQHandler                       0x0800025b   Thumb Code     0  startup_stm32f103xb.o(.text)
    I2C2_ER_IRQHandler                       0x0800025b   Thumb Code     0  startup_stm32f103xb.o(.text)
    I2C2_EV_IRQHandler                       0x0800025b   Thumb Code     0  startup_stm32f103xb.o(.text)
    PVD_IRQHandler                           0x0800025b   Thumb Code     0  startup_stm32f103xb.o(.text)
    RCC_IRQHandler                           0x0800025b   Thumb Code     0  startup_stm32f103xb.o(.text)
    RTC_Alarm_IRQHandler                     0x0800025b   Thumb Code     0  startup_stm32f103xb.o(.text)
    RTC_IRQHandler                           0x0800025b   Thumb Code     0  startup_stm32f103xb.o(.text)
    SPI1_IRQHandler                          0x0800025b   Thumb Code     0  startup_stm32f103xb.o(.text)
    SPI2_IRQHandler                          0x0800025b   Thumb Code     0  startup_stm32f103xb.o(.text)
    TAMPER_IRQHandler                        0x0800025b   Thumb Code     0  startup_stm32f103xb.o(.text)
    TIM1_BRK_IRQHandler                      0x0800025b   Thumb Code     0  startup_stm32f103xb.o(.text)
    TIM1_CC_IRQHandler                       0x0800025b   Thumb Code     0  startup_stm32f103xb.o(.text)
    TIM1_TRG_COM_IRQHandler                  0x0800025b   Thumb Code     0  startup_stm32f103xb.o(.text)
    TIM3_IRQHandler                          0x0800025b   Thumb Code     0  startup_stm32f103xb.o(.text)
    TIM4_IRQHandler                          0x0800025b   Thumb Code     0  startup_stm32f103xb.o(.text)
    USART2_IRQHandler                        0x0800025b   Thumb Code     0  startup_stm32f103xb.o(.text)
    USART3_IRQHandler                        0x0800025b   Thumb Code     0  startup_stm32f103xb.o(.text)
    USBWakeUp_IRQHandler                     0x0800025b   Thumb Code     0  startup_stm32f103xb.o(.text)
    USB_HP_CAN1_TX_IRQHandler                0x0800025b   Thumb Code     0  startup_stm32f103xb.o(.text)
    USB_LP_CAN1_RX0_IRQHandler               0x0800025b   Thumb Code     0  startup_stm32f103xb.o(.text)
    WWDG_IRQHandler                          0x0800025b   Thumb Code     0  startup_stm32f103xb.o(.text)
    __user_initial_stackheap                 0x0800025d   Thumb Code     0  startup_stm32f103xb.o(.text)
    __2sprintf                               0x08000281   Thumb Code    34  noretval__2sprintf.o(.text)
    _printf_pre_padding                      0x080002a9   Thumb Code    44  _printf_pad.o(.text)
    _printf_post_padding                     0x080002d5   Thumb Code    34  _printf_pad.o(.text)
    _printf_str                              0x080002f7   Thumb Code    82  _printf_str.o(.text)
    _printf_int_dec                          0x08000349   Thumb Code   104  _printf_dec.o(.text)
    __printf                                 0x080003c1   Thumb Code   308  __printf_flags_wp.o(.text)
    atoi                                     0x080004f9   Thumb Code    26  atoi.o(.text)
    strlen                                   0x08000513   Thumb Code    62  strlen.o(.text)
    __aeabi_memcpy4                          0x08000551   Thumb Code     0  rt_memcpy_w.o(.text)
    __aeabi_memcpy8                          0x08000551   Thumb Code     0  rt_memcpy_w.o(.text)
    __rt_memcpy_w                            0x08000551   Thumb Code   100  rt_memcpy_w.o(.text)
    _memcpy_lastbytes_aligned                0x08000599   Thumb Code     0  rt_memcpy_w.o(.text)
    __aeabi_memclr4                          0x080005b5   Thumb Code     0  rt_memclr_w.o(.text)
    __aeabi_memclr8                          0x080005b5   Thumb Code     0  rt_memclr_w.o(.text)
    __rt_memclr_w                            0x080005b5   Thumb Code    78  rt_memclr_w.o(.text)
    _memset_w                                0x080005b9   Thumb Code     0  rt_memclr_w.o(.text)
    _localtime_r                             0x08000605   Thumb Code   178  localtime_internal.o(.text)
    _n$localtime_r                           0x08000605   Thumb Code     0  localtime_internal.o(.text)
    __use_two_region_memory                  0x080006bd   Thumb Code     2  heapauxi.o(.text)
    __rt_heap_escrow$2region                 0x080006bf   Thumb Code     2  heapauxi.o(.text)
    __rt_heap_expand$2region                 0x080006c1   Thumb Code     2  heapauxi.o(.text)
    __aeabi_errno_addr                       0x080006c5   Thumb Code     8  rt_errno_addr_intlibspace.o(.text)
    __errno$intlibspace                      0x080006c5   Thumb Code     0  rt_errno_addr_intlibspace.o(.text)
    __rt_errno_addr$intlibspace              0x080006c5   Thumb Code     0  rt_errno_addr_intlibspace.o(.text)
    _printf_int_common                       0x080006cd   Thumb Code   178  _printf_intcommon.o(.text)
    _printf_char_common                      0x0800078b   Thumb Code    32  _printf_char_common.o(.text)
    _sputc                                   0x080007b1   Thumb Code    10  _sputc.o(.text)
    _printf_cs_common                        0x080007bb   Thumb Code    20  _printf_char.o(.text)
    _printf_char                             0x080007cf   Thumb Code    16  _printf_char.o(.text)
    _printf_string                           0x080007df   Thumb Code     8  _printf_char.o(.text)
    strtol                                   0x080007e7   Thumb Code   112  strtol.o(.text)
    __user_libspace                          0x08000859   Thumb Code     8  libspace.o(.text)
    __user_perproc_libspace                  0x08000859   Thumb Code     0  libspace.o(.text)
    __user_perthread_libspace                0x08000859   Thumb Code     0  libspace.o(.text)
    __rt_ctype_table                         0x08000861   Thumb Code    16  rt_ctype_table.o(.text)
    _strtoul                                 0x08000871   Thumb Code   158  _strtoul.o(.text)
    __user_setup_stackheap                   0x0800090f   Thumb Code    74  sys_stackheap_outer.o(.text)
    __rt_locale                              0x08000959   Thumb Code     8  rt_locale_intlibspace.o(.text)
    _chval                                   0x08000961   Thumb Code    28  _chval.o(.text)
    exit                                     0x0800097d   Thumb Code    18  exit.o(.text)
    strcmp                                   0x08000991   Thumb Code   128  strcmpv7m.o(.text)
    _sys_exit                                0x08000a11   Thumb Code     8  sys_exit.o(.text)
    __I$use$semihosting                      0x08000a1d   Thumb Code     0  use_no_semi.o(.text)
    __use_no_semihosting_swi                 0x08000a1d   Thumb Code     2  use_no_semi.o(.text)
    BusFault_Handler                         0x08000a1f   Thumb Code     2  stm32f1xx_it.o(i.BusFault_Handler)
    __semihosting_library_function           0x08000a1f   Thumb Code     0  indicate_semi.o(.text)
    DebugMon_Handler                         0x08000a21   Thumb Code     2  stm32f1xx_it.o(i.DebugMon_Handler)
    Error_Handler                            0x08000a23   Thumb Code     4  main.o(i.Error_Handler)
    HAL_DMA_Abort                            0x08000a27   Thumb Code    70  stm32f1xx_hal_dma.o(i.HAL_DMA_Abort)
    HAL_DMA_Abort_IT                         0x08000a6d   Thumb Code   148  stm32f1xx_hal_dma.o(i.HAL_DMA_Abort_IT)
    HAL_Delay                                0x08000b05   Thumb Code    32  stm32f1xx_hal.o(i.HAL_Delay)
    HAL_GPIO_Init                            0x08000b29   Thumb Code   446  stm32f1xx_hal_gpio.o(i.HAL_GPIO_Init)
    HAL_GPIO_WritePin                        0x08000d09   Thumb Code    10  stm32f1xx_hal_gpio.o(i.HAL_GPIO_WritePin)
    HAL_GetTick                              0x08000d15   Thumb Code     6  stm32f1xx_hal.o(i.HAL_GetTick)
    HAL_I2C_Init                             0x08000d21   Thumb Code   376  stm32f1xx_hal_i2c.o(i.HAL_I2C_Init)
    HAL_I2C_Mem_Read                         0x08000ea9   Thumb Code   574  stm32f1xx_hal_i2c.o(i.HAL_I2C_Mem_Read)
    HAL_I2C_Mem_Write                        0x080010f9   Thumb Code   294  stm32f1xx_hal_i2c.o(i.HAL_I2C_Mem_Write)
    HAL_I2C_MspInit                          0x08001229   Thumb Code    80  i2c.o(i.HAL_I2C_MspInit)
    HAL_IncTick                              0x08001285   Thumb Code    12  stm32f1xx_hal.o(i.HAL_IncTick)
    HAL_Init                                 0x08001295   Thumb Code    32  stm32f1xx_hal.o(i.HAL_Init)
    HAL_InitTick                             0x080012b9   Thumb Code    98  stm32f1xx_hal_timebase_tim.o(i.HAL_InitTick)
    HAL_MspInit                              0x0800132d   Thumb Code    62  stm32f1xx_hal_msp.o(i.HAL_MspInit)
    HAL_NVIC_EnableIRQ                       0x08001375   Thumb Code    26  stm32f1xx_hal_cortex.o(i.HAL_NVIC_EnableIRQ)
    HAL_NVIC_SetPriority                     0x08001391   Thumb Code    60  stm32f1xx_hal_cortex.o(i.HAL_NVIC_SetPriority)
    HAL_NVIC_SetPriorityGrouping             0x080013d1   Thumb Code    26  stm32f1xx_hal_cortex.o(i.HAL_NVIC_SetPriorityGrouping)
    HAL_PWR_EnableBkUpAccess                 0x080013f5   Thumb Code     8  stm32f1xx_hal_pwr.o(i.HAL_PWR_EnableBkUpAccess)
    HAL_RCCEx_GetPeriphCLKFreq               0x08001401   Thumb Code   166  stm32f1xx_hal_rcc_ex.o(i.HAL_RCCEx_GetPeriphCLKFreq)
    HAL_RCCEx_PeriphCLKConfig                0x080014c9   Thumb Code   224  stm32f1xx_hal_rcc_ex.o(i.HAL_RCCEx_PeriphCLKConfig)
    HAL_RCC_ClockConfig                      0x080015b5   Thumb Code   280  stm32f1xx_hal_rcc.o(i.HAL_RCC_ClockConfig)
    HAL_RCC_GetClockConfig                   0x080016e1   Thumb Code    54  stm32f1xx_hal_rcc.o(i.HAL_RCC_GetClockConfig)
    HAL_RCC_GetPCLK1Freq                     0x08001721   Thumb Code    20  stm32f1xx_hal_rcc.o(i.HAL_RCC_GetPCLK1Freq)
    HAL_RCC_GetPCLK2Freq                     0x08001741   Thumb Code    20  stm32f1xx_hal_rcc.o(i.HAL_RCC_GetPCLK2Freq)
    HAL_RCC_GetSysClockFreq                  0x08001761   Thumb Code    74  stm32f1xx_hal_rcc.o(i.HAL_RCC_GetSysClockFreq)
    HAL_RCC_OscConfig                        0x080017cd   Thumb Code   778  stm32f1xx_hal_rcc.o(i.HAL_RCC_OscConfig)
    HAL_RTC_GetDate                          0x08001aed   Thumb Code    78  stm32f1xx_hal_rtc.o(i.HAL_RTC_GetDate)
    HAL_RTC_GetTime                          0x08001b3b   Thumb Code   216  stm32f1xx_hal_rtc.o(i.HAL_RTC_GetTime)
    HAL_RTC_Init                             0x08001c15   Thumb Code   154  stm32f1xx_hal_rtc.o(i.HAL_RTC_Init)
    HAL_RTC_MspInit                          0x08001cb5   Thumb Code    40  rtc.o(i.HAL_RTC_MspInit)
    HAL_RTC_SetDate                          0x08001ce9   Thumb Code   192  stm32f1xx_hal_rtc.o(i.HAL_RTC_SetDate)
    HAL_RTC_SetTime                          0x08001dad   Thumb Code   168  stm32f1xx_hal_rtc.o(i.HAL_RTC_SetTime)
    HAL_RTC_WaitForSynchro                   0x08001e59   Thumb Code    58  stm32f1xx_hal_rtc.o(i.HAL_RTC_WaitForSynchro)
    HAL_SPI_Init                             0x08001e93   Thumb Code   178  stm32f1xx_hal_spi.o(i.HAL_SPI_Init)
    HAL_SPI_MspInit                          0x08001f45   Thumb Code   100  spi.o(i.HAL_SPI_MspInit)
    HAL_SPI_TransmitReceive                  0x08001fb5   Thumb Code   482  stm32f1xx_hal_spi.o(i.HAL_SPI_TransmitReceive)
    HAL_TIMEx_BreakCallback                  0x08002197   Thumb Code     2  stm32f1xx_hal_tim_ex.o(i.HAL_TIMEx_BreakCallback)
    HAL_TIMEx_CommutCallback                 0x08002199   Thumb Code     2  stm32f1xx_hal_tim_ex.o(i.HAL_TIMEx_CommutCallback)
    HAL_TIMEx_MasterConfigSynchronization    0x0800219d   Thumb Code    92  stm32f1xx_hal_tim_ex.o(i.HAL_TIMEx_MasterConfigSynchronization)
    HAL_TIM_Base_Init                        0x08002205   Thumb Code    90  stm32f1xx_hal_tim.o(i.HAL_TIM_Base_Init)
    HAL_TIM_Base_MspInit                     0x08002261   Thumb Code    50  tim.o(i.HAL_TIM_Base_MspInit)
    HAL_TIM_Base_Start_IT                    0x08002299   Thumb Code    76  stm32f1xx_hal_tim.o(i.HAL_TIM_Base_Start_IT)
    HAL_TIM_ConfigClockSource                0x080022f1   Thumb Code   214  stm32f1xx_hal_tim.o(i.HAL_TIM_ConfigClockSource)
    HAL_TIM_IC_CaptureCallback               0x080023c7   Thumb Code     2  stm32f1xx_hal_tim.o(i.HAL_TIM_IC_CaptureCallback)
    HAL_TIM_IRQHandler                       0x080023c9   Thumb Code   358  stm32f1xx_hal_tim.o(i.HAL_TIM_IRQHandler)
    HAL_TIM_OC_DelayElapsedCallback          0x0800252f   Thumb Code     2  stm32f1xx_hal_tim.o(i.HAL_TIM_OC_DelayElapsedCallback)
    HAL_TIM_PWM_PulseFinishedCallback        0x08002531   Thumb Code     2  stm32f1xx_hal_tim.o(i.HAL_TIM_PWM_PulseFinishedCallback)
    HAL_TIM_PeriodElapsedCallback            0x08002535   Thumb Code    14  main.o(i.HAL_TIM_PeriodElapsedCallback)
    HAL_TIM_TriggerCallback                  0x08002549   Thumb Code     2  stm32f1xx_hal_tim.o(i.HAL_TIM_TriggerCallback)
    HAL_UARTEx_RxEventCallback               0x0800254b   Thumb Code     2  stm32f1xx_hal_uart.o(i.HAL_UARTEx_RxEventCallback)
    HAL_UART_ErrorCallback                   0x0800254d   Thumb Code     2  stm32f1xx_hal_uart.o(i.HAL_UART_ErrorCallback)
    HAL_UART_IRQHandler                      0x08002551   Thumb Code   520  stm32f1xx_hal_uart.o(i.HAL_UART_IRQHandler)
    HAL_UART_Init                            0x0800275d   Thumb Code    98  stm32f1xx_hal_uart.o(i.HAL_UART_Init)
    HAL_UART_MspInit                         0x080027c1   Thumb Code   116  usart.o(i.HAL_UART_MspInit)
    HAL_UART_Receive                         0x08002841   Thumb Code   192  stm32f1xx_hal_uart.o(i.HAL_UART_Receive)
    HAL_UART_RxCpltCallback                  0x08002901   Thumb Code     2  stm32f1xx_hal_uart.o(i.HAL_UART_RxCpltCallback)
    HAL_UART_Transmit                        0x08002905   Thumb Code   178  stm32f1xx_hal_uart.o(i.HAL_UART_Transmit)
    HAL_UART_TxCpltCallback                  0x080029b7   Thumb Code     2  stm32f1xx_hal_uart.o(i.HAL_UART_TxCpltCallback)
    HardFault_Handler                        0x080029b9   Thumb Code     2  stm32f1xx_it.o(i.HardFault_Handler)
    MPU6050_Init                             0x08002d89   Thumb Code   146  mpu6050.o(i.MPU6050_Init)
    MPU6050_Read_Accel                       0x08002e1b   Thumb Code    54  mpu6050.o(i.MPU6050_Read_Accel)
    MX_FREERTOS_Init                         0x08002e51   Thumb Code   118  freertos.o(i.MX_FREERTOS_Init)
    MX_GPIO_Init                             0x08002ed1   Thumb Code   196  gpio.o(i.MX_GPIO_Init)
    MX_I2C1_Init                             0x08002fa1   Thumb Code    50  i2c.o(i.MX_I2C1_Init)
    MX_RTC_Init                              0x08002fe1   Thumb Code   100  rtc.o(i.MX_RTC_Init)
    MX_SPI1_Init                             0x0800304d   Thumb Code    62  spi.o(i.MX_SPI1_Init)
    MX_TIM2_Init                             0x08003095   Thumb Code    96  tim.o(i.MX_TIM2_Init)
    MX_USART1_UART_Init                      0x080030f9   Thumb Code    48  usart.o(i.MX_USART1_UART_Init)
    MemManage_Handler                        0x08003131   Thumb Code     2  stm32f1xx_it.o(i.MemManage_Handler)
    NMI_Handler                              0x08003133   Thumb Code     2  stm32f1xx_it.o(i.NMI_Handler)
    SD_Read_Block                            0x0800334b   Thumb Code   100  sd.o(i.SD_Read_Block)
    SD_Write_Block                           0x080033af   Thumb Code   100  sd.o(i.SD_Write_Block)
    SD_cmd                                   0x08003415   Thumb Code   138  sd.o(i.SD_cmd)
    SD_read                                  0x080034a5   Thumb Code     8  freertos.o(i.SD_read)
    SD_write                                 0x080034ad   Thumb Code   368  freertos.o(i.SD_write)
    SPI_ReceiveByte                          0x08003671   Thumb Code     6  sd.o(i.SPI_ReceiveByte)
    SPIx_WriteRead                           0x08003731   Thumb Code    48  sd.o(i.SPIx_WriteRead)
    StartDefaultTask                         0x08003769   Thumb Code    32  freertos.o(i.StartDefaultTask)
    SysTick_Handler                          0x08003791   Thumb Code    38  port.o(i.SysTick_Handler)
    SystemClock_Config                       0x080037bd   Thumb Code   128  main.o(i.SystemClock_Config)
    SystemInit                               0x0800383d   Thumb Code     2  system_stm32f1xx.o(i.SystemInit)
    TIM1_UP_IRQHandler                       0x08003841   Thumb Code     6  stm32f1xx_it.o(i.TIM1_UP_IRQHandler)
    TIM2_IRQHandler                          0x0800384d   Thumb Code     6  stm32f1xx_it.o(i.TIM2_IRQHandler)
    TIM_Base_SetConfig                       0x08003859   Thumb Code    94  stm32f1xx_hal_tim.o(i.TIM_Base_SetConfig)
    TIM_ETR_SetConfig                        0x080038c5   Thumb Code    20  stm32f1xx_hal_tim.o(i.TIM_ETR_SetConfig)
    USART1_IRQHandler                        0x08003b41   Thumb Code   402  stm32f1xx_it.o(i.USART1_IRQHandler)
    UsageFault_Handler                       0x08003ced   Thumb Code     2  stm32f1xx_it.o(i.UsageFault_Handler)
    _is_digit                                0x08003d0f   Thumb Code    14  __printf_wp.o(i._is_digit)
    accel_read                               0x08003d1d   Thumb Code   186  freertos.o(i.accel_read)
    ble_init                                 0x08003df9   Thumb Code   294  functions.o(i.ble_init)
    get_FirstBlock                           0x08003f41   Thumb Code    92  functions.o(i.get_FirstBlock)
    get_unixtime                             0x08003fa1   Thumb Code   122  functions.o(i.get_unixtime)
    join_uint32                              0x08004021   Thumb Code    14  functions.o(i.join_uint32)
    lcd_print                                0x0800402f   Thumb Code    16  freertos.o(i.lcd_print)
    main                                     0x0800403f   Thumb Code    46  main.o(i.main)
    oled_print_paint                         0x08004079   Thumb Code    74  functions.o(i.oled_print_paint)
    osDelay                                  0x080040cd   Thumb Code    14  cmsis_os.o(i.osDelay)
    osKernelStart                            0x080040db   Thumb Code    10  cmsis_os.o(i.osKernelStart)
    osThreadCreate                           0x080040e5   Thumb Code    84  cmsis_os.o(i.osThreadCreate)
    pvPortMalloc                             0x08004479   Thumb Code   210  heap_4.o(i.pvPortMalloc)
    pxPortInitialiseStack                    0x08004551   Thumb Code    32  port.o(i.pxPortInitialiseStack)
    sd_ini                                   0x08004575   Thumb Code   278  sd.o(i.sd_ini)
    set_FirstBlock                           0x08004699   Thumb Code    64  functions.o(i.set_FirstBlock)
    split_uint32                             0x080046d9   Thumb Code    20  functions.o(i.split_uint32)
    ssd1306_DrawPixel                        0x080046ed   Thumb Code    42  ssd1306.o(i.ssd1306_DrawPixel)
    ssd1306_Fill                             0x0800471d   Thumb Code    28  ssd1306.o(i.ssd1306_Fill)
    ssd1306_Init                             0x0800473d   Thumb Code   194  ssd1306.o(i.ssd1306_Init)
    ssd1306_SetContrast                      0x08004805   Thumb Code    20  ssd1306.o(i.ssd1306_SetContrast)
    ssd1306_SetCursor                        0x08004819   Thumb Code     8  ssd1306.o(i.ssd1306_SetCursor)
    ssd1306_SetDisplayOn                     0x08004825   Thumb Code    20  ssd1306.o(i.ssd1306_SetDisplayOn)
    ssd1306_UpdateScreen                     0x0800483d   Thumb Code    50  ssd1306.o(i.ssd1306_UpdateScreen)
    ssd1306_WriteChar                        0x08004875   Thumb Code   154  ssd1306.o(i.ssd1306_WriteChar)
    ssd1306_WriteCommand                     0x08004915   Thumb Code    32  ssd1306.o(i.ssd1306_WriteCommand)
    ssd1306_WriteData                        0x08004939   Thumb Code    26  ssd1306.o(i.ssd1306_WriteData)
    ssd1306_WriteString                      0x08004959   Thumb Code    44  ssd1306.o(i.ssd1306_WriteString)
    ssd1306_printtime                        0x08004985   Thumb Code   140  ssd1306.o(i.ssd1306_printtime)
    system_init                              0x08004a51   Thumb Code   156  functions.o(i.system_init)
    unixtimetotime                           0x08004b11   Thumb Code    60  functions.o(i.unixtimetotime)
    uxListRemove                             0x08004b4d   Thumb Code    38  list.o(i.uxListRemove)
    vApplicationGetIdleTaskMemory            0x08004b75   Thumb Code    16  freertos.o(i.vApplicationGetIdleTaskMemory)
    vListInitialise                          0x08004b89   Thumb Code    22  list.o(i.vListInitialise)
    vListInitialiseItem                      0x08004b9f   Thumb Code     6  list.o(i.vListInitialiseItem)
    vListInsert                              0x08004ba5   Thumb Code    48  list.o(i.vListInsert)
    vListInsertEnd                           0x08004bd5   Thumb Code    24  list.o(i.vListInsertEnd)
    vPortEnterCritical                       0x08004bed   Thumb Code    54  port.o(i.vPortEnterCritical)
    vPortExitCritical                        0x08004c2d   Thumb Code    34  port.o(i.vPortExitCritical)
    vPortFree                                0x08004c55   Thumb Code    88  heap_4.o(i.vPortFree)
    vPortSetupTimerInterrupt                 0x08004cb1   Thumb Code    32  port.o(i.vPortSetupTimerInterrupt)
    vTaskDelay                               0x08004cd5   Thumb Code    66  tasks.o(i.vTaskDelay)
    vTaskStartScheduler                      0x08004d21   Thumb Code    90  tasks.o(i.vTaskStartScheduler)
    vTaskSuspendAll                          0x08004d8d   Thumb Code    10  tasks.o(i.vTaskSuspendAll)
    vTaskSwitchContext                       0x08004d9d   Thumb Code    82  tasks.o(i.vTaskSwitchContext)
    xPortStartScheduler                      0x08004df9   Thumb Code   154  port.o(i.xPortStartScheduler)
    xTaskCreate                              0x08004ea1   Thumb Code    90  tasks.o(i.xTaskCreate)
    xTaskCreateStatic                        0x08004efb   Thumb Code    86  tasks.o(i.xTaskCreateStatic)
    xTaskIncrementTick                       0x08004f51   Thumb Code   192  tasks.o(i.xTaskIncrementTick)
    xTaskResumeAll                           0x08005019   Thumb Code   182  tasks.o(i.xTaskResumeAll)
    _get_lc_ctype                            0x080050dd   Thumb Code    44  lc_ctype_c.o(locale$$code)
    AHBPrescTable                            0x08005b54   Data          16  system_stm32f1xx.o(.constdata)
    APBPrescTable                            0x08005b64   Data           8  system_stm32f1xx.o(.constdata)
    _monlen                                  0x08005b7d   Data          12  _monlen.o(.constdata)
    Region$$Table$$Base                      0x08005c0c   Number         0  anon$$obj.o(Region$$Table)
    Region$$Table$$Limit                     0x08005c2c   Number         0  anon$$obj.o(Region$$Table)
    __ctype                                  0x08005c39   Data           0  lc_ctype_c.o(locale$$data)
    sdinfo                                   0x20000000   Data           1  sd.o(.data)
    print_sd_write                           0x20000002   Data           1  ssd1306.o(.data)
    sTime                                    0x20000003   Data           3  ssd1306.o(.data)
    DateToUpdate                             0x20000006   Data           4  ssd1306.o(.data)
    Font_11x18                               0x20000010   Data           8  ssd1306_fonts.o(.data)
    Font_16x26                               0x20000018   Data           8  ssd1306_fonts.o(.data)
    x_pos_load                               0x20000020   Data           1  functions.o(.data)
    y_pos_load                               0x20000021   Data           1  functions.o(.data)
    st_block                                 0x20000024   Data           4  functions.o(.data)
    en_block                                 0x20000028   Data           4  functions.o(.data)
    data_ready                               0x2000002c   Data           1  freertos.o(.data)
    arr_cout                                 0x2000002d   Data           1  freertos.o(.data)
    counter                                  0x2000002e   Data           2  freertos.o(.data)
    defaultTaskHandle                        0x20000030   Data           4  freertos.o(.data)
    lcdHandle                                0x20000034   Data           4  freertos.o(.data)
    accelHandle                              0x20000038   Data           4  freertos.o(.data)
    SD_wrHandle                              0x2000003c   Data           4  freertos.o(.data)
    SD_rdHandle                              0x20000040   Data           4  freertos.o(.data)
    incr_incr                                0x20000044   Data           1  stm32f1xx_it.o(.data)
    uwTickFreq                               0x20000048   Data           1  stm32f1xx_hal.o(.data)
    uwTickPrio                               0x2000004c   Data           4  stm32f1xx_hal.o(.data)
    uwTick                                   0x20000050   Data           4  stm32f1xx_hal.o(.data)
    SystemCoreClock                          0x20000054   Data           4  system_stm32f1xx.o(.data)
    pxCurrentTCB                             0x20000058   Data           4  tasks.o(.data)
    bf                                       0x200000b8   Data          10  ssd1306.o(.bss)
    accel                                    0x200004c8   Data        6072  freertos.o(.bss)
    buf_write_sd                             0x20001c80   Data         512  freertos.o(.bss)
    unix_time_start                          0x20001e80   Data          16  freertos.o(.bss)
    MPU6050                                  0x20001e90   Data          88  freertos.o(.bss)
    hi2c1                                    0x2000213c   Data          84  i2c.o(.bss)
    hrtc                                     0x20002190   Data          20  rtc.o(.bss)
    hspi1                                    0x200021a4   Data          88  spi.o(.bss)
    htim2                                    0x200021fc   Data          72  tim.o(.bss)
    huart1                                   0x20002244   Data          68  usart.o(.bss)
    buf_uart                                 0x20002288   Data         200  stm32f1xx_it.o(.bss)
    htim1                                    0x20002350   Data          72  stm32f1xx_hal_timebase_tim.o(.bss)
    __libspace_start                         0x200034f0   Data          96  libspace.o(.bss)
    __temporary_stack_top$libspace           0x20003550   Data           0  libspace.o(.bss)



==============================================================================

Memory Map of the image

  Image Entry point : 0x080000ed

  Load Region LR_IROM1 (Base: 0x08000000, Size: 0x00005df4, Max: 0x00010000, ABSOLUTE)

    Execution Region ER_IROM1 (Exec base: 0x08000000, Load base: 0x08000000, Size: 0x00005d3c, Max: 0x00010000, ABSOLUTE)

    Exec Addr    Load Addr    Size         Type   Attr      Idx    E Section Name        Object

    0x08000000   0x08000000   0x000000ec   Data   RO            3    RESET               startup_stm32f103xb.o
    0x080000ec   0x080000ec   0x00000008   Code   RO         5832  * !!!main             c_w.l(__main.o)
    0x080000f4   0x080000f4   0x00000034   Code   RO         6133    !!!scatter          c_w.l(__scatter.o)
    0x08000128   0x08000128   0x0000001a   Code   RO         6135    !!handler_copy      c_w.l(__scatter_copy.o)
    0x08000142   0x08000142   0x00000002   PAD
    0x08000144   0x08000144   0x0000001c   Code   RO         6137    !!handler_zi        c_w.l(__scatter_zi.o)
    0x08000160   0x08000160   0x00000000   Code   RO         5815    .ARM.Collect$$_printf_percent$$00000000  c_w.l(_printf_percent.o)
    0x08000160   0x08000160   0x00000006   Code   RO         5814    .ARM.Collect$$_printf_percent$$00000009  c_w.l(_printf_d.o)
    0x08000166   0x08000166   0x00000006   Code   RO         5813    .ARM.Collect$$_printf_percent$$00000014  c_w.l(_printf_s.o)
    0x0800016c   0x0800016c   0x00000004   Code   RO         5898    .ARM.Collect$$_printf_percent$$00000017  c_w.l(_printf_percent_end.o)
    0x08000170   0x08000170   0x00000002   Code   RO         5996    .ARM.Collect$$libinit$$00000000  c_w.l(libinit.o)
    0x08000172   0x08000172   0x00000000   Code   RO         6004    .ARM.Collect$$libinit$$00000002  c_w.l(libinit2.o)
    0x08000172   0x08000172   0x00000000   Code   RO         6006    .ARM.Collect$$libinit$$00000004  c_w.l(libinit2.o)
    0x08000172   0x08000172   0x00000000   Code   RO         6009    .ARM.Collect$$libinit$$0000000A  c_w.l(libinit2.o)
    0x08000172   0x08000172   0x00000000   Code   RO         6011    .ARM.Collect$$libinit$$0000000C  c_w.l(libinit2.o)
    0x08000172   0x08000172   0x00000000   Code   RO         6013    .ARM.Collect$$libinit$$0000000E  c_w.l(libinit2.o)
    0x08000172   0x08000172   0x00000006   Code   RO         6014    .ARM.Collect$$libinit$$0000000F  c_w.l(libinit2.o)
    0x08000178   0x08000178   0x00000000   Code   RO         6016    .ARM.Collect$$libinit$$00000011  c_w.l(libinit2.o)
    0x08000178   0x08000178   0x0000000c   Code   RO         6017    .ARM.Collect$$libinit$$00000012  c_w.l(libinit2.o)
    0x08000184   0x08000184   0x00000000   Code   RO         6018    .ARM.Collect$$libinit$$00000013  c_w.l(libinit2.o)
    0x08000184   0x08000184   0x00000000   Code   RO         6020    .ARM.Collect$$libinit$$00000015  c_w.l(libinit2.o)
    0x08000184   0x08000184   0x00000000   Code   RO         6022    .ARM.Collect$$libinit$$00000017  c_w.l(libinit2.o)
    0x08000184   0x08000184   0x00000000   Code   RO         6024    .ARM.Collect$$libinit$$00000019  c_w.l(libinit2.o)
    0x08000184   0x08000184   0x00000000   Code   RO         6026    .ARM.Collect$$libinit$$0000001B  c_w.l(libinit2.o)
    0x08000184   0x08000184   0x00000000   Code   RO         6028    .ARM.Collect$$libinit$$0000001D  c_w.l(libinit2.o)
    0x08000184   0x08000184   0x00000000   Code   RO         6030    .ARM.Collect$$libinit$$0000001F  c_w.l(libinit2.o)
    0x08000184   0x08000184   0x00000000   Code   RO         6032    .ARM.Collect$$libinit$$00000021  c_w.l(libinit2.o)
    0x08000184   0x08000184   0x00000000   Code   RO         6034    .ARM.Collect$$libinit$$00000023  c_w.l(libinit2.o)
    0x08000184   0x08000184   0x00000000   Code   RO         6036    .ARM.Collect$$libinit$$00000025  c_w.l(libinit2.o)
    0x08000184   0x08000184   0x00000000   Code   RO         6040    .ARM.Collect$$libinit$$0000002C  c_w.l(libinit2.o)
    0x08000184   0x08000184   0x00000000   Code   RO         6042    .ARM.Collect$$libinit$$0000002E  c_w.l(libinit2.o)
    0x08000184   0x08000184   0x00000000   Code   RO         6044    .ARM.Collect$$libinit$$00000030  c_w.l(libinit2.o)
    0x08000184   0x08000184   0x00000000   Code   RO         6046    .ARM.Collect$$libinit$$00000032  c_w.l(libinit2.o)
    0x08000184   0x08000184   0x00000002   Code   RO         6047    .ARM.Collect$$libinit$$00000033  c_w.l(libinit2.o)
    0x08000186   0x08000186   0x00000002   Code   RO         6071    .ARM.Collect$$libshutdown$$00000000  c_w.l(libshutdown.o)
    0x08000188   0x08000188   0x00000000   Code   RO         6084    .ARM.Collect$$libshutdown$$00000002  c_w.l(libshutdown2.o)
    0x08000188   0x08000188   0x00000000   Code   RO         6086    .ARM.Collect$$libshutdown$$00000004  c_w.l(libshutdown2.o)
    0x08000188   0x08000188   0x00000000   Code   RO         6088    .ARM.Collect$$libshutdown$$00000006  c_w.l(libshutdown2.o)
    0x08000188   0x08000188   0x00000000   Code   RO         6091    .ARM.Collect$$libshutdown$$00000009  c_w.l(libshutdown2.o)
    0x08000188   0x08000188   0x00000000   Code   RO         6094    .ARM.Collect$$libshutdown$$0000000C  c_w.l(libshutdown2.o)
    0x08000188   0x08000188   0x00000000   Code   RO         6096    .ARM.Collect$$libshutdown$$0000000E  c_w.l(libshutdown2.o)
    0x08000188   0x08000188   0x00000000   Code   RO         6099    .ARM.Collect$$libshutdown$$00000011  c_w.l(libshutdown2.o)
    0x08000188   0x08000188   0x00000002   Code   RO         6100    .ARM.Collect$$libshutdown$$00000012  c_w.l(libshutdown2.o)
    0x0800018a   0x0800018a   0x00000000   Code   RO         5882    .ARM.Collect$$rtentry$$00000000  c_w.l(__rtentry.o)
    0x0800018a   0x0800018a   0x00000000   Code   RO         5945    .ARM.Collect$$rtentry$$00000002  c_w.l(__rtentry2.o)
    0x0800018a   0x0800018a   0x00000006   Code   RO         5957    .ARM.Collect$$rtentry$$00000004  c_w.l(__rtentry4.o)
    0x08000190   0x08000190   0x00000000   Code   RO         5947    .ARM.Collect$$rtentry$$00000009  c_w.l(__rtentry2.o)
    0x08000190   0x08000190   0x00000004   Code   RO         5948    .ARM.Collect$$rtentry$$0000000A  c_w.l(__rtentry2.o)
    0x08000194   0x08000194   0x00000000   Code   RO         5950    .ARM.Collect$$rtentry$$0000000C  c_w.l(__rtentry2.o)
    0x08000194   0x08000194   0x00000008   Code   RO         5951    .ARM.Collect$$rtentry$$0000000D  c_w.l(__rtentry2.o)
    0x0800019c   0x0800019c   0x00000002   Code   RO         5999    .ARM.Collect$$rtexit$$00000000  c_w.l(rtexit.o)
    0x0800019e   0x0800019e   0x00000000   Code   RO         6051    .ARM.Collect$$rtexit$$00000002  c_w.l(rtexit2.o)
    0x0800019e   0x0800019e   0x00000004   Code   RO         6052    .ARM.Collect$$rtexit$$00000003  c_w.l(rtexit2.o)
    0x080001a2   0x080001a2   0x00000006   Code   RO         6053    .ARM.Collect$$rtexit$$00000004  c_w.l(rtexit2.o)
    0x080001a8   0x080001a8   0x00000096   Code   RO         5700    .emb_text           port.o
    0x0800023e   0x0800023e   0x00000002   PAD
    0x08000240   0x08000240   0x00000040   Code   RO            4    .text               startup_stm32f103xb.o
    0x08000280   0x08000280   0x00000028   Code   RO         5783    .text               c_w.l(noretval__2sprintf.o)
    0x080002a8   0x080002a8   0x0000004e   Code   RO         5787    .text               c_w.l(_printf_pad.o)
    0x080002f6   0x080002f6   0x00000052   Code   RO         5789    .text               c_w.l(_printf_str.o)
    0x08000348   0x08000348   0x00000078   Code   RO         5791    .text               c_w.l(_printf_dec.o)
    0x080003c0   0x080003c0   0x00000138   Code   RO         5805    .text               c_w.l(__printf_flags_wp.o)
    0x080004f8   0x080004f8   0x0000001a   Code   RO         5816    .text               c_w.l(atoi.o)
    0x08000512   0x08000512   0x0000003e   Code   RO         5818    .text               c_w.l(strlen.o)
    0x08000550   0x08000550   0x00000064   Code   RO         5822    .text               c_w.l(rt_memcpy_w.o)
    0x080005b4   0x080005b4   0x0000004e   Code   RO         5826    .text               c_w.l(rt_memclr_w.o)
    0x08000602   0x08000602   0x00000002   PAD
    0x08000604   0x08000604   0x000000b8   Code   RO         5828    .text               c_w.l(localtime_internal.o)
    0x080006bc   0x080006bc   0x00000006   Code   RO         5830    .text               c_w.l(heapauxi.o)
    0x080006c2   0x080006c2   0x00000002   PAD
    0x080006c4   0x080006c4   0x00000008   Code   RO         5886    .text               c_w.l(rt_errno_addr_intlibspace.o)
    0x080006cc   0x080006cc   0x000000b2   Code   RO         5890    .text               c_w.l(_printf_intcommon.o)
    0x0800077e   0x0800077e   0x00000002   PAD
    0x08000780   0x08000780   0x00000030   Code   RO         5892    .text               c_w.l(_printf_char_common.o)
    0x080007b0   0x080007b0   0x0000000a   Code   RO         5894    .text               c_w.l(_sputc.o)
    0x080007ba   0x080007ba   0x0000002c   Code   RO         5896    .text               c_w.l(_printf_char.o)
    0x080007e6   0x080007e6   0x00000070   Code   RO         5899    .text               c_w.l(strtol.o)
    0x08000856   0x08000856   0x00000002   PAD
    0x08000858   0x08000858   0x00000008   Code   RO         5941    .text               c_w.l(libspace.o)
    0x08000860   0x08000860   0x00000010   Code   RO         5959    .text               c_w.l(rt_ctype_table.o)
    0x08000870   0x08000870   0x0000009e   Code   RO         5963    .text               c_w.l(_strtoul.o)
    0x0800090e   0x0800090e   0x0000004a   Code   RO         5977    .text               c_w.l(sys_stackheap_outer.o)
    0x08000958   0x08000958   0x00000008   Code   RO         5982    .text               c_w.l(rt_locale_intlibspace.o)
    0x08000960   0x08000960   0x0000001c   Code   RO         5984    .text               c_w.l(_chval.o)
    0x0800097c   0x0800097c   0x00000012   Code   RO         5989    .text               c_w.l(exit.o)
    0x0800098e   0x0800098e   0x00000002   PAD
    0x08000990   0x08000990   0x00000080   Code   RO         6001    .text               c_w.l(strcmpv7m.o)
    0x08000a10   0x08000a10   0x0000000c   Code   RO         6063    .text               c_w.l(sys_exit.o)
    0x08000a1c   0x08000a1c   0x00000002   Code   RO         6074    .text               c_w.l(use_no_semi.o)
    0x08000a1e   0x08000a1e   0x00000000   Code   RO         6076    .text               c_w.l(indicate_semi.o)
    0x08000a1e   0x08000a1e   0x00000002   Code   RO          964    i.BusFault_Handler  stm32f1xx_it.o
    0x08000a20   0x08000a20   0x00000002   Code   RO          965    i.DebugMon_Handler  stm32f1xx_it.o
    0x08000a22   0x08000a22   0x00000004   Code   RO          550    i.Error_Handler     main.o
    0x08000a26   0x08000a26   0x00000046   Code   RO         1523    i.HAL_DMA_Abort     stm32f1xx_hal_dma.o
    0x08000a6c   0x08000a6c   0x00000098   Code   RO         1524    i.HAL_DMA_Abort_IT  stm32f1xx_hal_dma.o
    0x08000b04   0x08000b04   0x00000024   Code   RO         1151    i.HAL_Delay         stm32f1xx_hal.o
    0x08000b28   0x08000b28   0x000001e0   Code   RO         1459    i.HAL_GPIO_Init     stm32f1xx_hal_gpio.o
    0x08000d08   0x08000d08   0x0000000a   Code   RO         1463    i.HAL_GPIO_WritePin  stm32f1xx_hal_gpio.o
    0x08000d12   0x08000d12   0x00000002   PAD
    0x08000d14   0x08000d14   0x0000000c   Code   RO         1155    i.HAL_GetTick       stm32f1xx_hal.o
    0x08000d20   0x08000d20   0x00000188   Code   RO         2130    i.HAL_I2C_Init      stm32f1xx_hal_i2c.o
    0x08000ea8   0x08000ea8   0x00000250   Code   RO         2148    i.HAL_I2C_Mem_Read  stm32f1xx_hal_i2c.o
    0x080010f8   0x080010f8   0x00000130   Code   RO         2151    i.HAL_I2C_Mem_Write  stm32f1xx_hal_i2c.o
    0x08001228   0x08001228   0x0000005c   Code   RO          758    i.HAL_I2C_MspInit   i2c.o
    0x08001284   0x08001284   0x00000010   Code   RO         1161    i.HAL_IncTick       stm32f1xx_hal.o
    0x08001294   0x08001294   0x00000024   Code   RO         1162    i.HAL_Init          stm32f1xx_hal.o
    0x080012b8   0x080012b8   0x00000074   Code   RO         1069    i.HAL_InitTick      stm32f1xx_hal_timebase_tim.o
    0x0800132c   0x0800132c   0x00000048   Code   RO         1045    i.HAL_MspInit       stm32f1xx_hal_msp.o
    0x08001374   0x08001374   0x0000001a   Code   RO         1619    i.HAL_NVIC_EnableIRQ  stm32f1xx_hal_cortex.o
    0x0800138e   0x0800138e   0x00000002   PAD
    0x08001390   0x08001390   0x00000040   Code   RO         1625    i.HAL_NVIC_SetPriority  stm32f1xx_hal_cortex.o
    0x080013d0   0x080013d0   0x00000024   Code   RO         1626    i.HAL_NVIC_SetPriorityGrouping  stm32f1xx_hal_cortex.o
    0x080013f4   0x080013f4   0x0000000c   Code   RO         1741    i.HAL_PWR_EnableBkUpAccess  stm32f1xx_hal_pwr.o
    0x08001400   0x08001400   0x000000c8   Code   RO         1421    i.HAL_RCCEx_GetPeriphCLKFreq  stm32f1xx_hal_rcc_ex.o
    0x080014c8   0x080014c8   0x000000ec   Code   RO         1422    i.HAL_RCCEx_PeriphCLKConfig  stm32f1xx_hal_rcc_ex.o
    0x080015b4   0x080015b4   0x0000012c   Code   RO         1319    i.HAL_RCC_ClockConfig  stm32f1xx_hal_rcc.o
    0x080016e0   0x080016e0   0x00000040   Code   RO         1323    i.HAL_RCC_GetClockConfig  stm32f1xx_hal_rcc.o
    0x08001720   0x08001720   0x00000020   Code   RO         1326    i.HAL_RCC_GetPCLK1Freq  stm32f1xx_hal_rcc.o
    0x08001740   0x08001740   0x00000020   Code   RO         1327    i.HAL_RCC_GetPCLK2Freq  stm32f1xx_hal_rcc.o
    0x08001760   0x08001760   0x0000006c   Code   RO         1328    i.HAL_RCC_GetSysClockFreq  stm32f1xx_hal_rcc.o
    0x080017cc   0x080017cc   0x00000320   Code   RO         1331    i.HAL_RCC_OscConfig  stm32f1xx_hal_rcc.o
    0x08001aec   0x08001aec   0x0000004e   Code   RO         2556    i.HAL_RTC_GetDate   stm32f1xx_hal_rtc.o
    0x08001b3a   0x08001b3a   0x000000d8   Code   RO         2558    i.HAL_RTC_GetTime   stm32f1xx_hal_rtc.o
    0x08001c12   0x08001c12   0x00000002   PAD
    0x08001c14   0x08001c14   0x000000a0   Code   RO         2559    i.HAL_RTC_Init      stm32f1xx_hal_rtc.o
    0x08001cb4   0x08001cb4   0x00000034   Code   RO          797    i.HAL_RTC_MspInit   rtc.o
    0x08001ce8   0x08001ce8   0x000000c4   Code   RO         2565    i.HAL_RTC_SetDate   stm32f1xx_hal_rtc.o
    0x08001dac   0x08001dac   0x000000ac   Code   RO         2566    i.HAL_RTC_SetTime   stm32f1xx_hal_rtc.o
    0x08001e58   0x08001e58   0x0000003a   Code   RO         2567    i.HAL_RTC_WaitForSynchro  stm32f1xx_hal_rtc.o
    0x08001e92   0x08001e92   0x000000b2   Code   RO         2834    i.HAL_SPI_Init      stm32f1xx_hal_spi.o
    0x08001f44   0x08001f44   0x00000070   Code   RO          839    i.HAL_SPI_MspInit   spi.o
    0x08001fb4   0x08001fb4   0x000001e2   Code   RO         2843    i.HAL_SPI_TransmitReceive  stm32f1xx_hal_spi.o
    0x08002196   0x08002196   0x00000002   Code   RO         3851    i.HAL_TIMEx_BreakCallback  stm32f1xx_hal_tim_ex.o
    0x08002198   0x08002198   0x00000002   Code   RO         3852    i.HAL_TIMEx_CommutCallback  stm32f1xx_hal_tim_ex.o
    0x0800219a   0x0800219a   0x00000002   PAD
    0x0800219c   0x0800219c   0x00000068   Code   RO         3870    i.HAL_TIMEx_MasterConfigSynchronization  stm32f1xx_hal_tim_ex.o
    0x08002204   0x08002204   0x0000005a   Code   RO         3147    i.HAL_TIM_Base_Init  stm32f1xx_hal_tim.o
    0x0800225e   0x0800225e   0x00000002   PAD
    0x08002260   0x08002260   0x00000038   Code   RO          881    i.HAL_TIM_Base_MspInit  tim.o
    0x08002298   0x08002298   0x00000058   Code   RO         3152    i.HAL_TIM_Base_Start_IT  stm32f1xx_hal_tim.o
    0x080022f0   0x080022f0   0x000000d6   Code   RO         3156    i.HAL_TIM_ConfigClockSource  stm32f1xx_hal_tim.o
    0x080023c6   0x080023c6   0x00000002   Code   RO         3181    i.HAL_TIM_IC_CaptureCallback  stm32f1xx_hal_tim.o
    0x080023c8   0x080023c8   0x00000166   Code   RO         3195    i.HAL_TIM_IRQHandler  stm32f1xx_hal_tim.o
    0x0800252e   0x0800252e   0x00000002   Code   RO         3198    i.HAL_TIM_OC_DelayElapsedCallback  stm32f1xx_hal_tim.o
    0x08002530   0x08002530   0x00000002   Code   RO         3225    i.HAL_TIM_PWM_PulseFinishedCallback  stm32f1xx_hal_tim.o
    0x08002532   0x08002532   0x00000002   PAD
    0x08002534   0x08002534   0x00000014   Code   RO          551    i.HAL_TIM_PeriodElapsedCallback  main.o
    0x08002548   0x08002548   0x00000002   Code   RO         3238    i.HAL_TIM_TriggerCallback  stm32f1xx_hal_tim.o
    0x0800254a   0x0800254a   0x00000002   Code   RO         4129    i.HAL_UARTEx_RxEventCallback  stm32f1xx_hal_uart.o
    0x0800254c   0x0800254c   0x00000002   Code   RO         4143    i.HAL_UART_ErrorCallback  stm32f1xx_hal_uart.o
    0x0800254e   0x0800254e   0x00000002   PAD
    0x08002550   0x08002550   0x0000020c   Code   RO         4146    i.HAL_UART_IRQHandler  stm32f1xx_hal_uart.o
    0x0800275c   0x0800275c   0x00000062   Code   RO         4147    i.HAL_UART_Init     stm32f1xx_hal_uart.o
    0x080027be   0x080027be   0x00000002   PAD
    0x080027c0   0x080027c0   0x00000080   Code   RO          923    i.HAL_UART_MspInit  usart.o
    0x08002840   0x08002840   0x000000c0   Code   RO         4150    i.HAL_UART_Receive  stm32f1xx_hal_uart.o
    0x08002900   0x08002900   0x00000002   Code   RO         4153    i.HAL_UART_RxCpltCallback  stm32f1xx_hal_uart.o
    0x08002902   0x08002902   0x00000002   PAD
    0x08002904   0x08002904   0x000000b2   Code   RO         4155    i.HAL_UART_Transmit  stm32f1xx_hal_uart.o
    0x080029b6   0x080029b6   0x00000002   Code   RO         4158    i.HAL_UART_TxCpltCallback  stm32f1xx_hal_uart.o
    0x080029b8   0x080029b8   0x00000002   Code   RO          966    i.HardFault_Handler  stm32f1xx_it.o
    0x080029ba   0x080029ba   0x0000002e   Code   RO         2172    i.I2C_IsAcknowledgeFailed  stm32f1xx_hal_i2c.o
    0x080029e8   0x080029e8   0x000000fc   Code   RO         2182    i.I2C_RequestMemoryRead  stm32f1xx_hal_i2c.o
    0x08002ae4   0x08002ae4   0x000000a8   Code   RO         2183    i.I2C_RequestMemoryWrite  stm32f1xx_hal_i2c.o
    0x08002b8c   0x08002b8c   0x0000004c   Code   RO         2187    i.I2C_WaitOnBTFFlagUntilTimeout  stm32f1xx_hal_i2c.o
    0x08002bd8   0x08002bd8   0x00000068   Code   RO         2188    i.I2C_WaitOnFlagUntilTimeout  stm32f1xx_hal_i2c.o
    0x08002c40   0x08002c40   0x00000096   Code   RO         2189    i.I2C_WaitOnMasterAddressFlagUntilTimeout  stm32f1xx_hal_i2c.o
    0x08002cd6   0x08002cd6   0x00000066   Code   RO         2190    i.I2C_WaitOnRXNEFlagUntilTimeout  stm32f1xx_hal_i2c.o
    0x08002d3c   0x08002d3c   0x0000004c   Code   RO         2191    i.I2C_WaitOnTXEFlagUntilTimeout  stm32f1xx_hal_i2c.o
    0x08002d88   0x08002d88   0x00000092   Code   RO          394    i.MPU6050_Init      mpu6050.o
    0x08002e1a   0x08002e1a   0x00000036   Code   RO          395    i.MPU6050_Read_Accel  mpu6050.o
    0x08002e50   0x08002e50   0x00000080   Code   RO          678    i.MX_FREERTOS_Init  freertos.o
    0x08002ed0   0x08002ed0   0x000000d0   Code   RO          654    i.MX_GPIO_Init      gpio.o
    0x08002fa0   0x08002fa0   0x00000040   Code   RO          759    i.MX_I2C1_Init      i2c.o
    0x08002fe0   0x08002fe0   0x0000006c   Code   RO          798    i.MX_RTC_Init       rtc.o
    0x0800304c   0x0800304c   0x00000048   Code   RO          840    i.MX_SPI1_Init      spi.o
    0x08003094   0x08003094   0x00000064   Code   RO          882    i.MX_TIM2_Init      tim.o
    0x080030f8   0x080030f8   0x00000038   Code   RO          924    i.MX_USART1_UART_Init  usart.o
    0x08003130   0x08003130   0x00000002   Code   RO          967    i.MemManage_Handler  stm32f1xx_it.o
    0x08003132   0x08003132   0x00000002   Code   RO          968    i.NMI_Handler       stm32f1xx_it.o
    0x08003134   0x08003134   0x00000012   Code   RO         2568    i.RTC_Bcd2ToByte    stm32f1xx_hal_rtc.o
    0x08003146   0x08003146   0x00000016   Code   RO         2569    i.RTC_ByteToBcd2    stm32f1xx_hal_rtc.o
    0x0800315c   0x0800315c   0x000000ae   Code   RO         2570    i.RTC_DateUpdate    stm32f1xx_hal_rtc.o
    0x0800320a   0x0800320a   0x00000034   Code   RO         2571    i.RTC_EnterInitMode  stm32f1xx_hal_rtc.o
    0x0800323e   0x0800323e   0x00000002   PAD
    0x08003240   0x08003240   0x00000036   Code   RO         2572    i.RTC_ExitInitMode  stm32f1xx_hal_rtc.o
    0x08003276   0x08003276   0x0000000e   Code   RO         2573    i.RTC_ReadAlarmCounter  stm32f1xx_hal_rtc.o
    0x08003284   0x08003284   0x00000020   Code   RO         2574    i.RTC_ReadTimeCounter  stm32f1xx_hal_rtc.o
    0x080032a4   0x080032a4   0x00000056   Code   RO         2575    i.RTC_WeekDayNum    stm32f1xx_hal_rtc.o
    0x080032fa   0x080032fa   0x00000028   Code   RO         2576    i.RTC_WriteAlarmCounter  stm32f1xx_hal_rtc.o
    0x08003322   0x08003322   0x00000028   Code   RO         2577    i.RTC_WriteTimeCounter  stm32f1xx_hal_rtc.o
    0x0800334a   0x0800334a   0x00000064   Code   RO           13    i.SD_Read_Block     sd.o
    0x080033ae   0x080033ae   0x00000064   Code   RO           14    i.SD_Write_Block    sd.o
    0x08003412   0x08003412   0x00000002   PAD
    0x08003414   0x08003414   0x00000090   Code   RO           15    i.SD_cmd            sd.o
    0x080034a4   0x080034a4   0x00000008   Code   RO          679    i.SD_read           freertos.o
    0x080034ac   0x080034ac   0x000001a4   Code   RO          680    i.SD_write          freertos.o
    0x08003650   0x08003650   0x00000020   Code   RO         2872    i.SPI_EndRxTxTransaction  stm32f1xx_hal_spi.o
    0x08003670   0x08003670   0x00000006   Code   RO           16    i.SPI_ReceiveByte   sd.o
    0x08003676   0x08003676   0x00000002   PAD
    0x08003678   0x08003678   0x000000b8   Code   RO         2877    i.SPI_WaitFlagStateUntilTimeout  stm32f1xx_hal_spi.o
    0x08003730   0x08003730   0x00000038   Code   RO           19    i.SPIx_WriteRead    sd.o
    0x08003768   0x08003768   0x00000028   Code   RO          681    i.StartDefaultTask  freertos.o
    0x08003790   0x08003790   0x0000002c   Code   RO         5701    i.SysTick_Handler   port.o
    0x080037bc   0x080037bc   0x00000080   Code   RO          552    i.SystemClock_Config  main.o
    0x0800383c   0x0800383c   0x00000002   Code   RO         4476    i.SystemInit        system_stm32f1xx.o
    0x0800383e   0x0800383e   0x00000002   PAD
    0x08003840   0x08003840   0x0000000c   Code   RO          969    i.TIM1_UP_IRQHandler  stm32f1xx_it.o
    0x0800384c   0x0800384c   0x0000000c   Code   RO          970    i.TIM2_IRQHandler   stm32f1xx_it.o
    0x08003858   0x08003858   0x0000006c   Code   RO         3240    i.TIM_Base_SetConfig  stm32f1xx_hal_tim.o
    0x080038c4   0x080038c4   0x00000014   Code   RO         3251    i.TIM_ETR_SetConfig  stm32f1xx_hal_tim.o
    0x080038d8   0x080038d8   0x00000010   Code   RO         3252    i.TIM_ITRx_SetConfig  stm32f1xx_hal_tim.o
    0x080038e8   0x080038e8   0x00000022   Code   RO         3258    i.TIM_TI1_ConfigInputStage  stm32f1xx_hal_tim.o
    0x0800390a   0x0800390a   0x00000024   Code   RO         3260    i.TIM_TI2_ConfigInputStage  stm32f1xx_hal_tim.o
    0x0800392e   0x0800392e   0x00000010   Code   RO         4160    i.UART_DMAAbortOnError  stm32f1xx_hal_uart.o
    0x0800393e   0x0800393e   0x00000030   Code   RO         4170    i.UART_EndRxTransfer  stm32f1xx_hal_uart.o
    0x0800396e   0x0800396e   0x000000b6   Code   RO         4172    i.UART_Receive_IT   stm32f1xx_hal_uart.o
    0x08003a24   0x08003a24   0x000000b8   Code   RO         4173    i.UART_SetConfig    stm32f1xx_hal_uart.o
    0x08003adc   0x08003adc   0x00000064   Code   RO         4176    i.UART_WaitOnFlagUntilTimeout  stm32f1xx_hal_uart.o
    0x08003b40   0x08003b40   0x000001ac   Code   RO          971    i.USART1_IRQHandler  stm32f1xx_it.o
    0x08003cec   0x08003cec   0x00000002   Code   RO          972    i.UsageFault_Handler  stm32f1xx_it.o
    0x08003cee   0x08003cee   0x00000020   Code   RO         1632    i.__NVIC_SetPriority  stm32f1xx_hal_cortex.o
    0x08003d0e   0x08003d0e   0x0000000e   Code   RO         5803    i._is_digit         c_w.l(__printf_wp.o)
    0x08003d1c   0x08003d1c   0x000000dc   Code   RO          682    i.accel_read        freertos.o
    0x08003df8   0x08003df8   0x00000148   Code   RO          436    i.ble_init          functions.o
    0x08003f40   0x08003f40   0x00000060   Code   RO          437    i.get_FirstBlock    functions.o
    0x08003fa0   0x08003fa0   0x00000080   Code   RO          438    i.get_unixtime      functions.o
    0x08004020   0x08004020   0x0000000e   Code   RO          440    i.join_uint32       functions.o
    0x0800402e   0x0800402e   0x00000010   Code   RO          683    i.lcd_print         freertos.o
    0x0800403e   0x0800403e   0x0000002e   Code   RO          553    i.main              main.o
    0x0800406c   0x0800406c   0x0000000c   Code   RO         5272    i.makeFreeRtosPriority  cmsis_os.o
    0x08004078   0x08004078   0x00000054   Code   RO          441    i.oled_print_paint  functions.o
    0x080040cc   0x080040cc   0x0000000e   Code   RO         5274    i.osDelay           cmsis_os.o
    0x080040da   0x080040da   0x0000000a   Code   RO         5277    i.osKernelStart     cmsis_os.o
    0x080040e4   0x080040e4   0x00000054   Code   RO         5311    i.osThreadCreate    cmsis_os.o
    0x08004138   0x08004138   0x00000070   Code   RO         4969    i.prvAddCurrentTaskToDelayedList  tasks.o
    0x080041a8   0x080041a8   0x000000d0   Code   RO         4970    i.prvAddNewTaskToReadyList  tasks.o
    0x08004278   0x08004278   0x00000034   Code   RO         4971    i.prvDeleteTCB      tasks.o
    0x080042ac   0x080042ac   0x00000048   Code   RO         5639    i.prvHeapInit       heap_4.o
    0x080042f4   0x080042f4   0x00000060   Code   RO         4972    i.prvIdleTask       tasks.o
    0x08004354   0x08004354   0x0000008e   Code   RO         4973    i.prvInitialiseNewTask  tasks.o
    0x080043e2   0x080043e2   0x00000002   PAD
    0x080043e4   0x080043e4   0x0000004c   Code   RO         5640    i.prvInsertBlockIntoFreeList  heap_4.o
    0x08004430   0x08004430   0x00000020   Code   RO         4974    i.prvResetNextTaskUnblockTime  tasks.o
    0x08004450   0x08004450   0x00000028   Code   RO         5702    i.prvTaskExitError  port.o
    0x08004478   0x08004478   0x000000d8   Code   RO         5641    i.pvPortMalloc      heap_4.o
    0x08004550   0x08004550   0x00000024   Code   RO         5703    i.pxPortInitialiseStack  port.o
    0x08004574   0x08004574   0x00000124   Code   RO           20    i.sd_ini            sd.o
    0x08004698   0x08004698   0x00000040   Code   RO          442    i.set_FirstBlock    functions.o
    0x080046d8   0x080046d8   0x00000014   Code   RO          444    i.split_uint32      functions.o
    0x080046ec   0x080046ec   0x00000030   Code   RO          204    i.ssd1306_DrawPixel  ssd1306.o
    0x0800471c   0x0800471c   0x00000020   Code   RO          206    i.ssd1306_Fill      ssd1306.o
    0x0800473c   0x0800473c   0x000000c8   Code   RO          209    i.ssd1306_Init      ssd1306.o
    0x08004804   0x08004804   0x00000014   Code   RO          214    i.ssd1306_SetContrast  ssd1306.o
    0x08004818   0x08004818   0x0000000c   Code   RO          215    i.ssd1306_SetCursor  ssd1306.o
    0x08004824   0x08004824   0x00000018   Code   RO          216    i.ssd1306_SetDisplayOn  ssd1306.o
    0x0800483c   0x0800483c   0x00000038   Code   RO          217    i.ssd1306_UpdateScreen  ssd1306.o
    0x08004874   0x08004874   0x000000a0   Code   RO          218    i.ssd1306_WriteChar  ssd1306.o
    0x08004914   0x08004914   0x00000024   Code   RO          219    i.ssd1306_WriteCommand  ssd1306.o
    0x08004938   0x08004938   0x00000020   Code   RO          220    i.ssd1306_WriteData  ssd1306.o
    0x08004958   0x08004958   0x0000002c   Code   RO          221    i.ssd1306_WriteString  ssd1306.o
    0x08004984   0x08004984   0x000000cc   Code   RO          223    i.ssd1306_printtime  ssd1306.o
    0x08004a50   0x08004a50   0x000000c0   Code   RO          445    i.system_init       functions.o
    0x08004b10   0x08004b10   0x0000003c   Code   RO          446    i.unixtimetotime    functions.o
    0x08004b4c   0x08004b4c   0x00000026   Code   RO         4614    i.uxListRemove      list.o
    0x08004b72   0x08004b72   0x00000002   PAD
    0x08004b74   0x08004b74   0x00000014   Code   RO          684    i.vApplicationGetIdleTaskMemory  freertos.o
    0x08004b88   0x08004b88   0x00000016   Code   RO         4615    i.vListInitialise   list.o
    0x08004b9e   0x08004b9e   0x00000006   Code   RO         4616    i.vListInitialiseItem  list.o
    0x08004ba4   0x08004ba4   0x00000030   Code   RO         4617    i.vListInsert       list.o
    0x08004bd4   0x08004bd4   0x00000018   Code   RO         4618    i.vListInsertEnd    list.o
    0x08004bec   0x08004bec   0x00000040   Code   RO         5705    i.vPortEnterCritical  port.o
    0x08004c2c   0x08004c2c   0x00000028   Code   RO         5706    i.vPortExitCritical  port.o
    0x08004c54   0x08004c54   0x0000005c   Code   RO         5642    i.vPortFree         heap_4.o
    0x08004cb0   0x08004cb0   0x00000024   Code   RO         5707    i.vPortSetupTimerInterrupt  port.o
    0x08004cd4   0x08004cd4   0x0000004c   Code   RO         4982    i.vTaskDelay        tasks.o
    0x08004d20   0x08004d20   0x0000006c   Code   RO         4995    i.vTaskStartScheduler  tasks.o
    0x08004d8c   0x08004d8c   0x00000010   Code   RO         4997    i.vTaskSuspendAll   tasks.o
    0x08004d9c   0x08004d9c   0x0000005c   Code   RO         4998    i.vTaskSwitchContext  tasks.o
    0x08004df8   0x08004df8   0x000000a8   Code   RO         5709    i.xPortStartScheduler  port.o
    0x08004ea0   0x08004ea0   0x0000005a   Code   RO         5000    i.xTaskCreate       tasks.o
    0x08004efa   0x08004efa   0x00000056   Code   RO         5001    i.xTaskCreateStatic  tasks.o
    0x08004f50   0x08004f50   0x000000c8   Code   RO         5008    i.xTaskIncrementTick  tasks.o
    0x08005018   0x08005018   0x000000c4   Code   RO         5014    i.xTaskResumeAll    tasks.o
    0x080050dc   0x080050dc   0x0000002c   Code   RO         5987    locale$$code        c_w.l(lc_ctype_c.o)
    0x08005108   0x08005108   0x000003cc   Data   RO          372    .constdata          ssd1306_fonts.o
    0x080054d4   0x080054d4   0x0000057c   Data   RO          373    .constdata          ssd1306_fonts.o
    0x08005a50   0x08005a50   0x00000078   Data   RO          447    .constdata          functions.o
    0x08005ac8   0x08005ac8   0x0000008c   Data   RO          686    .constdata          freertos.o
    0x08005b54   0x08005b54   0x00000010   Data   RO         4477    .constdata          system_stm32f1xx.o
    0x08005b64   0x08005b64   0x00000008   Data   RO         4478    .constdata          system_stm32f1xx.o
    0x08005b6c   0x08005b6c   0x00000011   Data   RO         5806    .constdata          c_w.l(__printf_flags_wp.o)
    0x08005b7d   0x08005b7d   0x0000000c   Data   RO         5903    .constdata          c_w.l(_monlen.o)
    0x08005b89   0x08005b89   0x00000003   PAD
    0x08005b8c   0x08005b8c   0x00000026   Data   RO          687    .conststring        freertos.o
    0x08005bb2   0x08005bb2   0x00000002   PAD
    0x08005bb4   0x08005bb4   0x00000055   Data   RO          974    .conststring        stm32f1xx_it.o
    0x08005c09   0x08005c09   0x00000003   PAD
    0x08005c0c   0x08005c0c   0x00000020   Data   RO         6131    Region$$Table       anon$$obj.o
    0x08005c2c   0x08005c2c   0x00000110   Data   RO         5986    locale$$data        c_w.l(lc_ctype_c.o)


    Execution Region RW_IRAM1 (Exec base: 0x20000000, Load base: 0x08005d3c, Size: 0x00003b50, Max: 0x00005000, ABSOLUTE)

    Exec Addr    Load Addr    Size         Type   Attr      Idx    E Section Name        Object

    0x20000000   0x08005d3c   0x00000001   Data   RW           22    .data               sd.o
    0x20000001   0x08005d3d   0x00000001   PAD
    0x20000002   0x08005d3e   0x0000000e   Data   RW          225    .data               ssd1306.o
    0x20000010   0x08005d4c   0x00000008   Data   RW          375    .data               ssd1306_fonts.o
    0x20000018   0x08005d54   0x00000008   Data   RW          376    .data               ssd1306_fonts.o
    0x20000020   0x08005d5c   0x0000000c   Data   RW          448    .data               functions.o
    0x2000002c   0x08005d68   0x00000018   Data   RW          688    .data               freertos.o
    0x20000044   0x08005d80   0x00000001   Data   RW          975    .data               stm32f1xx_it.o
    0x20000045   0x08005d81   0x00000003   PAD
    0x20000048   0x08005d84   0x0000000c   Data   RW         1169    .data               stm32f1xx_hal.o
    0x20000054   0x08005d90   0x00000004   Data   RW         4479    .data               system_stm32f1xx.o
    0x20000058   0x08005d94   0x0000003c   Data   RW         5017    .data               tasks.o
    0x20000094   0x08005dd0   0x00000018   Data   RW         5647    .data               heap_4.o
    0x200000ac   0x08005de8   0x0000000c   Data   RW         5710    .data               port.o
    0x200000b8        -       0x0000040a   Zero   RW          224    .bss                ssd1306.o
    0x200004c2   0x08005df4   0x00000006   PAD
    0x200004c8        -       0x00001c74   Zero   RW          685    .bss                freertos.o
    0x2000213c        -       0x00000054   Zero   RW          760    .bss                i2c.o
    0x20002190        -       0x00000014   Zero   RW          799    .bss                rtc.o
    0x200021a4        -       0x00000058   Zero   RW          841    .bss                spi.o
    0x200021fc        -       0x00000048   Zero   RW          883    .bss                tim.o
    0x20002244        -       0x00000044   Zero   RW          925    .bss                usart.o
    0x20002288        -       0x000000c8   Zero   RW          973    .bss                stm32f1xx_it.o
    0x20002350        -       0x00000048   Zero   RW         1072    .bss                stm32f1xx_hal_timebase_tim.o
    0x20002398        -       0x000000f0   Zero   RW         5016    .bss                tasks.o
    0x20002488        -       0x00001068   Zero   RW         5646    .bss                heap_4.o
    0x200034f0        -       0x00000060   Zero   RW         5942    .bss                c_w.l(libspace.o)
    0x20003550        -       0x00000200   Zero   RW            2    HEAP                startup_stm32f103xb.o
    0x20003750        -       0x00000400   Zero   RW            1    STACK               startup_stm32f103xb.o


==============================================================================

Image component sizes


      Code (inc. data)   RO Data    RW Data    ZI Data      Debug   Object Name

       120          0          0          0          0      22321   cmsis_os.o
         0          0          0          0          0      18172   event_groups.o
       852        108        178         24       7284       5951   freertos.o
       986         90        120         12          0      33093   functions.o
       208         12          0          0          0        947   gpio.o
       456         22          0         24       4200       7199   heap_4.o
       156         26          0          0         84       1609   i2c.o
       138          0          0          0          0       3366   list.o
       198          6          0          0          0      33524   main.o
       200          0          0          0          0       2652   mpu6050.o
       578         60          0         12          0      10280   port.o
       160         20          0          0         20       1563   rtc.o
       698         28          0          1          0     451531   sd.o
       184         22          0          0         88       1637   spi.o
       868        110          0         14       1034       9666   ssd1306.o
         0          0       2376         16          0       1150   ssd1306_fonts.o
        64         26        236          0       1536        804   startup_stm32f103xb.o
       100         18          0         12          0       5206   stm32f1xx_hal.o
       158         14          0          0          0      28158   stm32f1xx_hal_cortex.o
       222          4          0          0          0       1755   stm32f1xx_hal_dma.o
       490         34          0          0          0       2872   stm32f1xx_hal_gpio.o
      2262         56          0          0          0      12694   stm32f1xx_hal_i2c.o
        72         10          0          0          0        858   stm32f1xx_hal_msp.o
        12          4          0          0          0        507   stm32f1xx_hal_pwr.o
      1336        110          0          0          0       5785   stm32f1xx_hal_rcc.o
       436         46          0          0          0       2513   stm32f1xx_hal_rcc_ex.o
      1412         14          0          0          0      12616   stm32f1xx_hal_rtc.o
       876          4          0          0          0       4673   stm32f1xx_hal_spi.o
       972         26          0          0          0       9585   stm32f1xx_hal_tim.o
       108         12          0          0          0       2353   stm32f1xx_hal_tim_ex.o
       116         18          0          0         72       1403   stm32f1xx_hal_timebase_tim.o
      1530         10          0          0          0      10799   stm32f1xx_hal_uart.o
       464         38         85          1        200       5090   stm32f1xx_it.o
         0          0          0          0          0        392   stream_buffer.o
         2          0         24          4          0       1103   system_stm32f1xx.o
      1506        110          0         60        240      16026   tasks.o
       156         10          0          0         72       1638   tim.o
       184         20          0          0         68       1670   usart.o

    ----------------------------------------------------------------------
     18312       1088       3056        184      14904     733161   Object Totals
         0          0         32          0          0          0   (incl. Generated)
        32          0          5          4          6          0   (incl. Padding)

    ----------------------------------------------------------------------

      Code (inc. data)   RO Data    RW Data    ZI Data      Debug   Library Member Name

         8          0          0          0          0         68   __main.o
       312          4         17          0          0         92   __printf_flags_wp.o
        14          0          0          0          0         68   __printf_wp.o
         0          0          0          0          0          0   __rtentry.o
        12          0          0          0          0          0   __rtentry2.o
         6          0          0          0          0          0   __rtentry4.o
        52          8          0          0          0          0   __scatter.o
        26          0          0          0          0          0   __scatter_copy.o
        28          0          0          0          0          0   __scatter_zi.o
        28          0          0          0          0         68   _chval.o
         0          0         12          0          0          0   _monlen.o
        44          0          0          0          0        108   _printf_char.o
        48          6          0          0          0         96   _printf_char_common.o
         6          0          0          0          0          0   _printf_d.o
       120         16          0          0          0         92   _printf_dec.o
       178          0          0          0          0         88   _printf_intcommon.o
        78          0          0          0          0        108   _printf_pad.o
         0          0          0          0          0          0   _printf_percent.o
         4          0          0          0          0          0   _printf_percent_end.o
         6          0          0          0          0          0   _printf_s.o
        82          0          0          0          0         80   _printf_str.o
        10          0          0          0          0         68   _sputc.o
       158          0          0          0          0         92   _strtoul.o
        26          0          0          0          0         80   atoi.o
        18          0          0          0          0         80   exit.o
         6          0          0          0          0        152   heapauxi.o
         0          0          0          0          0          0   indicate_semi.o
        44         10        272          0          0         76   lc_ctype_c.o
         2          0          0          0          0          0   libinit.o
        20          0          0          0          0          0   libinit2.o
         2          0          0          0          0          0   libshutdown.o
         2          0          0          0          0          0   libshutdown2.o
         8          4          0          0         96         68   libspace.o
       184          6          0          0          0         80   localtime_internal.o
        40          6          0          0          0         84   noretval__2sprintf.o
        16          4          0          0          0         76   rt_ctype_table.o
         8          4          0          0          0         68   rt_errno_addr_intlibspace.o
         8          4          0          0          0         68   rt_locale_intlibspace.o
        78          0          0          0          0         80   rt_memclr_w.o
       100          0          0          0          0         80   rt_memcpy_w.o
         2          0          0          0          0          0   rtexit.o
        10          0          0          0          0          0   rtexit2.o
       128          0          0          0          0         68   strcmpv7m.o
        62          0          0          0          0         76   strlen.o
       112          0          0          0          0         88   strtol.o
        12          4          0          0          0         68   sys_exit.o
        74          0          0          0          0         80   sys_stackheap_outer.o
         2          0          0          0          0         68   use_no_semi.o

    ----------------------------------------------------------------------
      2196         76        304          0         96       2468   Library Totals
        12          0          3          0          0          0   (incl. Padding)

    ----------------------------------------------------------------------

      Code (inc. data)   RO Data    RW Data    ZI Data      Debug   Library Name

      2184         76        301          0         96       2468   c_w.l

    ----------------------------------------------------------------------
      2196         76        304          0         96       2468   Library Totals

    ----------------------------------------------------------------------

==============================================================================


      Code (inc. data)   RO Data    RW Data    ZI Data      Debug   

     20508       1164       3360        184      15000     725173   Grand Totals
     20508       1164       3360        184      15000     725173   ELF Image Totals
     20508       1164       3360        184          0          0   ROM Totals

==============================================================================

    Total RO  Size (Code + RO Data)                23868 (  23.31kB)
    Total RW  Size (RW Data + ZI Data)             15184 (  14.83kB)
    Total ROM Size (Code + RO Data + RW Data)      24052 (  23.49kB)

==============================================================================

